SAB_PVW isolated CMUX/NCMUX lane equivalence r=1: Pass
SAB_PVW isolated CMUX/NCMUX lane equivalence r=2: Pass
SAB_PVW isolated CMUX/NCMUX lane equivalence r=4: Pass
SAB_PVW isolated RGSW_monomial lane equivalence encrypted-selector bit0 r=1 r_prec=1: Pass
SAB_PVW isolated RGSW_monomial lane equivalence encrypted-selector bit1 r=1 r_prec=1: Pass
SAB_PVW isolated RGSW_monomial lane equivalence trivial-selector multibit r=1 r_prec=3: Pass
SAB_PVW isolated RGSW_monomial lane equivalence full-encrypted multibit r=1 r_prec=3: Pass
SAB_PVW API binary sparse_mul lane equivalence r=1 h=2 r_prec=3: Pass
SAB_PVW API bootstrap_wo_extract binary lane equivalence r=1 h=2 r_prec=3: Pass
SAB_PVW API extract binary lane equivalence r=1 h=2 r_prec=3: Pass
SAB_PVW API materialized TLWE binary lane equivalence r=1 h=2 r_prec=3: Pass
SAB_PVW API packing/HW-KS binary lane equivalence r=1 h=2 r_prec=3: Pass
SAB_PVW API full bootstrap binary lane equivalence r=1 h=2 r_prec=3: Pass
SAB_PVW isolated RGSW_monomial lane equivalence encrypted-selector bit0 r=2 r_prec=1: Pass
SAB_PVW isolated RGSW_monomial lane equivalence encrypted-selector bit1 r=2 r_prec=1: Pass
SAB_PVW isolated RGSW_monomial lane equivalence trivial-selector multibit r=2 r_prec=3: Pass
SAB_PVW isolated RGSW_monomial lane equivalence full-encrypted multibit r=2 r_prec=3: Pass
SAB_PVW API binary sparse_mul lane equivalence r=2 h=2 r_prec=3: Pass
SAB_PVW API bootstrap_wo_extract binary lane equivalence r=2 h=2 r_prec=3: Pass
SAB_PVW API extract binary lane equivalence r=2 h=2 r_prec=3: Pass
SAB_PVW API materialized TLWE binary lane equivalence r=2 h=2 r_prec=3: Pass
SAB_PVW API packing/HW-KS binary lane equivalence r=2 h=2 r_prec=3: Pass
SAB_PVW API full bootstrap binary lane equivalence r=2 h=2 r_prec=3: Pass
SAB_PVW isolated RGSW_monomial lane equivalence encrypted-selector bit0 r=4 r_prec=1: Pass
SAB_PVW isolated RGSW_monomial lane equivalence encrypted-selector bit1 r=4 r_prec=1: Pass
SAB_PVW isolated RGSW_monomial lane equivalence trivial-selector multibit r=4 r_prec=3: Pass
SAB_PVW isolated RGSW_monomial lane equivalence full-encrypted multibit r=4 r_prec=3: Pass
SAB_PVW API binary sparse_mul lane equivalence r=4 h=2 r_prec=3: Pass
SAB_PVW API bootstrap_wo_extract binary lane equivalence r=4 h=2 r_prec=3: Pass
SAB_PVW API extract binary lane equivalence r=4 h=2 r_prec=3: Pass
SAB_PVW API materialized TLWE binary lane equivalence r=4 h=2 r_prec=3: Pass
SAB_PVW API packing/HW-KS binary lane equivalence r=4 h=2 r_prec=3: Pass
SAB_PVW API full bootstrap binary lane equivalence r=4 h=2 r_prec=3: Pass
MAT_TRGSW/PVW staged kernel test: Pass
MAT_TRGSW microbench r=1 reps=1000 avg_us=7 lane_avg_us=7
MAT_TRGSW microbench r=2 reps=1000 avg_us=11 lane_avg_us=5
MAT_TRGSW microbench r=4 reps=1000 avg_us=26 lane_avg_us=6
MAT_TRGSW vs scalar r=1 reps=1000 scalar_repeated_avg_us=6.868 scalar_lane_avg_us=6.868 mat_avg_us=7.042 mat_lane_avg_us=7.042 speedup_vs_scalar_repeated=0.975x
MAT_TRGSW vs scalar r=2 reps=1000 scalar_repeated_avg_us=15.144 scalar_lane_avg_us=7.572 mat_avg_us=13.751 mat_lane_avg_us=6.875 speedup_vs_scalar_repeated=1.101x
MAT_TRGSW vs scalar r=4 reps=1000 scalar_repeated_avg_us=28.241 scalar_lane_avg_us=7.060 mat_avg_us=26.450 mat_lane_avg_us=6.612 speedup_vs_scalar_repeated=1.068x
MAT_TRGSW_FULL vs scalar_full r=1 reps=1000 scalar_repeated_avg_us=14.143 scalar_lane_avg_us=14.143 mat_avg_us=13.539 mat_lane_avg_us=13.539 speedup_vs_scalar_repeated=1.045x
MAT_TRGSW_FULL vs scalar_full r=2 reps=1000 scalar_repeated_avg_us=27.609 scalar_lane_avg_us=13.805 mat_avg_us=22.095 mat_lane_avg_us=11.047 speedup_vs_scalar_repeated=1.250x
MAT_TRGSW_FULL vs scalar_full r=4 reps=1000 scalar_repeated_avg_us=55.445 scalar_lane_avg_us=13.861 mat_avg_us=43.800 mat_lane_avg_us=10.950 speedup_vs_scalar_repeated=1.266x
EP_BREAKDOWN scalar_repeated r=1 reps=1000 phase_sum_avg_us=7.566 alloc_avg_us=0.000 alloc_pct=0.00 decompose_avg_us=0.784 decompose_pct=10.36 dft_avg_us=4.463 dft_pct=58.99 clear_avg_us=0.000 clear_pct=0.00 mul_avg_us=2.319 mul_pct=30.65 free_avg_us=0.000 free_pct=0.00
EP_BREAKDOWN mat_shared_mask r=1 reps=1000 phase_sum_avg_us=7.797 alloc_avg_us=0.000 alloc_pct=0.00 decompose_avg_us=0.725 decompose_pct=9.30 dft_avg_us=4.592 dft_pct=58.89 clear_avg_us=0.000 clear_pct=0.00 mul_avg_us=2.480 mul_pct=31.81 free_avg_us=0.000 free_pct=0.00
EP_BREAKDOWN scalar_repeated r=2 reps=1000 phase_sum_avg_us=15.651 alloc_avg_us=0.000 alloc_pct=0.00 decompose_avg_us=1.951 decompose_pct=12.47 dft_avg_us=8.732 dft_pct=55.79 clear_avg_us=0.000 clear_pct=0.00 mul_avg_us=4.968 mul_pct=31.74 free_avg_us=0.000 free_pct=0.00
EP_BREAKDOWN mat_shared_mask r=2 reps=1000 phase_sum_avg_us=13.646 alloc_avg_us=0.000 alloc_pct=0.00 decompose_avg_us=1.494 decompose_pct=10.95 dft_avg_us=6.879 dft_pct=50.41 clear_avg_us=0.000 clear_pct=0.00 mul_avg_us=5.273 mul_pct=38.64 free_avg_us=0.000 free_pct=0.00
EP_BREAKDOWN scalar_repeated r=4 reps=1000 phase_sum_avg_us=32.083 alloc_avg_us=0.000 alloc_pct=0.00 decompose_avg_us=3.751 decompose_pct=11.69 dft_avg_us=17.839 dft_pct=55.60 clear_avg_us=0.000 clear_pct=0.00 mul_avg_us=10.493 mul_pct=32.71 free_avg_us=0.000 free_pct=0.00
EP_BREAKDOWN mat_shared_mask r=4 reps=1000 phase_sum_avg_us=27.417 alloc_avg_us=0.000 alloc_pct=0.00 decompose_avg_us=2.402 decompose_pct=8.76 dft_avg_us=11.199 dft_pct=40.85 clear_avg_us=0.000 clear_pct=0.00 mul_avg_us=13.816 mul_pct=50.39 free_avg_us=0.000 free_pct=0.00
