SAB_PVW isolated CMUX/NCMUX lane equivalence r=1: Pass
SAB_PVW isolated CMUX/NCMUX lane equivalence r=2: Pass
SAB_PVW isolated CMUX/NCMUX lane equivalence r=4: Pass
SAB_PVW_KERNEL_TEST begin RGSW_monomial r=1 case=encrypted-selector bit0
SAB_PVW isolated RGSW_monomial lane equivalence encrypted-selector bit0 r=1 r_prec=1: Pass
SAB_PVW_KERNEL_TEST begin RGSW_monomial r=1 case=encrypted-selector bit1
SAB_PVW isolated RGSW_monomial lane equivalence encrypted-selector bit1 r=1 r_prec=1: Pass
SAB_PVW_KERNEL_TEST begin RGSW_monomial r=1 case=trivial-selector multibit
SAB_PVW isolated RGSW_monomial lane equivalence trivial-selector multibit r=1 r_prec=3: Pass
SAB_PVW_KERNEL_TEST begin RGSW_monomial r=1 case=full-encrypted multibit
SAB_PVW isolated RGSW_monomial lane equivalence full-encrypted multibit r=1 r_prec=3: Pass
SAB_PVW_KERNEL_TEST begin sparse_mul r=1
SAB_PVW_KERNEL_TEST sparse_mul r=1 step=input_key
SAB_PVW_KERNEL_TEST sparse_mul r=1 step=pvw_key
SAB_PVW_KERNEL_TEST sparse_mul r=1 step=sab_pvw_key
SAB_PVW_KERNEL_TEST sparse_mul r=1 step=scalar_alloc
SAB_PVW_KERNEL_TEST sparse_mul r=1 step=scalar_keys
SAB_PVW_KERNEL_TEST sparse_mul r=1 step=acc_init
SAB_PVW_KERNEL_TEST sparse_mul r=1 step=rounds
SAB_PVW_KERNEL_TEST sparse_mul r=1 round=0 step=RGSW
SAB_PVW_KERNEL_TEST sparse_mul r=1 round=0 step=sub_a
SAB_PVW_KERNEL_TEST sparse_mul r=1 round=1 step=RGSW
SAB_PVW_KERNEL_TEST sparse_mul r=1 round=1 step=sub_a
SAB_PVW_KERNEL_TEST sparse_mul r=1 step=final_RGSW
SAB_PVW API binary sparse_mul lane equivalence r=1 h=2 r_prec=3: Pass
SAB_PVW_KERNEL_TEST begin bootstrap_wo_extract r=1
SAB_PVW API bootstrap_wo_extract binary lane equivalence r=1 h=2 r_prec=3: Pass
SAB_PVW API extract binary lane equivalence r=1 h=2 r_prec=3: Pass
SAB_PVW API materialized TLWE binary lane equivalence r=1 h=2 r_prec=3: Pass
SAB_PVW API packing/HW-KS binary lane equivalence r=1 h=2 r_prec=3: Pass
SAB_PVW API full bootstrap binary lane equivalence r=1 h=2 r_prec=3: Pass
SAB_PVW_KERNEL_TEST begin RGSW_monomial r=2 case=encrypted-selector bit0
SAB_PVW isolated RGSW_monomial lane equivalence encrypted-selector bit0 r=2 r_prec=1: Pass
SAB_PVW_KERNEL_TEST begin RGSW_monomial r=2 case=encrypted-selector bit1
SAB_PVW isolated RGSW_monomial lane equivalence encrypted-selector bit1 r=2 r_prec=1: Pass
SAB_PVW_KERNEL_TEST begin RGSW_monomial r=2 case=trivial-selector multibit
SAB_PVW isolated RGSW_monomial lane equivalence trivial-selector multibit r=2 r_prec=3: Pass
SAB_PVW_KERNEL_TEST begin RGSW_monomial r=2 case=full-encrypted multibit
SAB_PVW isolated RGSW_monomial lane equivalence full-encrypted multibit r=2 r_prec=3: Pass
SAB_PVW_KERNEL_TEST begin sparse_mul r=2
SAB_PVW_KERNEL_TEST sparse_mul r=2 step=input_key
SAB_PVW_KERNEL_TEST sparse_mul r=2 step=pvw_key
SAB_PVW_KERNEL_TEST sparse_mul r=2 step=sab_pvw_key
SAB_PVW_KERNEL_TEST sparse_mul r=2 step=scalar_alloc
SAB_PVW_KERNEL_TEST sparse_mul r=2 step=scalar_keys
SAB_PVW_KERNEL_TEST sparse_mul r=2 step=acc_init
SAB_PVW_KERNEL_TEST sparse_mul r=2 step=rounds
SAB_PVW_KERNEL_TEST sparse_mul r=2 round=0 step=RGSW
SAB_PVW_KERNEL_TEST sparse_mul r=2 round=0 step=sub_a
SAB_PVW_KERNEL_TEST sparse_mul r=2 round=1 step=RGSW
SAB_PVW_KERNEL_TEST sparse_mul r=2 round=1 step=sub_a
SAB_PVW_KERNEL_TEST sparse_mul r=2 step=final_RGSW
SAB_PVW API binary sparse_mul lane equivalence r=2 h=2 r_prec=3: Pass
SAB_PVW_KERNEL_TEST begin bootstrap_wo_extract r=2
SAB_PVW API bootstrap_wo_extract binary lane equivalence r=2 h=2 r_prec=3: Pass
SAB_PVW API extract binary lane equivalence r=2 h=2 r_prec=3: Pass
SAB_PVW API materialized TLWE binary lane equivalence r=2 h=2 r_prec=3: Pass
SAB_PVW API packing/HW-KS binary lane equivalence r=2 h=2 r_prec=3: Pass
SAB_PVW API full bootstrap binary lane equivalence r=2 h=2 r_prec=3: Pass
SAB_PVW_KERNEL_TEST begin RGSW_monomial r=4 case=encrypted-selector bit0
SAB_PVW isolated RGSW_monomial lane equivalence encrypted-selector bit0 r=4 r_prec=1: Pass
SAB_PVW_KERNEL_TEST begin RGSW_monomial r=4 case=encrypted-selector bit1
SAB_PVW isolated RGSW_monomial lane equivalence encrypted-selector bit1 r=4 r_prec=1: Pass
SAB_PVW_KERNEL_TEST begin RGSW_monomial r=4 case=trivial-selector multibit
SAB_PVW isolated RGSW_monomial lane equivalence trivial-selector multibit r=4 r_prec=3: Pass
SAB_PVW_KERNEL_TEST begin RGSW_monomial r=4 case=full-encrypted multibit
SAB_PVW isolated RGSW_monomial lane equivalence full-encrypted multibit r=4 r_prec=3: Pass
SAB_PVW_KERNEL_TEST begin sparse_mul r=4
SAB_PVW_KERNEL_TEST sparse_mul r=4 step=input_key
SAB_PVW_KERNEL_TEST sparse_mul r=4 step=pvw_key
SAB_PVW_KERNEL_TEST sparse_mul r=4 step=sab_pvw_key
SAB_PVW_KERNEL_TEST sparse_mul r=4 step=scalar_alloc
SAB_PVW_KERNEL_TEST sparse_mul r=4 step=scalar_keys
SAB_PVW_KERNEL_TEST sparse_mul r=4 step=acc_init
SAB_PVW_KERNEL_TEST sparse_mul r=4 step=rounds
SAB_PVW_KERNEL_TEST sparse_mul r=4 round=0 step=RGSW
SAB_PVW_KERNEL_TEST sparse_mul r=4 round=0 step=sub_a
SAB_PVW_KERNEL_TEST sparse_mul r=4 round=1 step=RGSW
SAB_PVW_KERNEL_TEST sparse_mul r=4 round=1 step=sub_a
SAB_PVW_KERNEL_TEST sparse_mul r=4 step=final_RGSW
SAB_PVW API binary sparse_mul lane equivalence r=4 h=2 r_prec=3: Pass
SAB_PVW_KERNEL_TEST begin bootstrap_wo_extract r=4
SAB_PVW API bootstrap_wo_extract binary lane equivalence r=4 h=2 r_prec=3: Pass
SAB_PVW API extract binary lane equivalence r=4 h=2 r_prec=3: Pass
SAB_PVW API materialized TLWE binary lane equivalence r=4 h=2 r_prec=3: Pass
SAB_PVW API packing/HW-KS binary lane equivalence r=4 h=2 r_prec=3: Pass
SAB_PVW API full bootstrap binary lane equivalence r=4 h=2 r_prec=3: Pass
MAT_TRGSW/PVW staged kernel test: Pass
MAT_TRGSW microbench r=1 reps=1000 avg_us=24 lane_avg_us=24
MAT_TRGSW microbench r=2 reps=1000 avg_us=40 lane_avg_us=20
MAT_TRGSW microbench r=4 reps=1000 avg_us=88 lane_avg_us=22
MAT_TRGSW vs scalar r=1 reps=1000 scalar_repeated_avg_us=25.901 scalar_lane_avg_us=25.901 mat_avg_us=24.958 mat_lane_avg_us=24.958 speedup_vs_scalar_repeated=1.038x
MAT_TRGSW vs scalar r=2 reps=1000 scalar_repeated_avg_us=49.380 scalar_lane_avg_us=24.690 mat_avg_us=42.736 mat_lane_avg_us=21.368 speedup_vs_scalar_repeated=1.155x
MAT_TRGSW vs scalar r=4 reps=1000 scalar_repeated_avg_us=98.581 scalar_lane_avg_us=24.645 mat_avg_us=89.431 mat_lane_avg_us=22.358 speedup_vs_scalar_repeated=1.102x
MAT_TRGSW_FULL vs scalar_full r=1 reps=1000 scalar_repeated_avg_us=51.475 scalar_lane_avg_us=51.475 mat_avg_us=52.204 mat_lane_avg_us=52.204 speedup_vs_scalar_repeated=0.986x
MAT_TRGSW_FULL vs scalar_full r=2 reps=1000 scalar_repeated_avg_us=108.147 scalar_lane_avg_us=54.074 mat_avg_us=83.590 mat_lane_avg_us=41.795 speedup_vs_scalar_repeated=1.294x
MAT_TRGSW_FULL vs scalar_full r=4 reps=1000 scalar_repeated_avg_us=268.377 scalar_lane_avg_us=67.094 mat_avg_us=157.607 mat_lane_avg_us=39.402 speedup_vs_scalar_repeated=1.703x
EP_BREAKDOWN scalar_repeated r=1 reps=1000 phase_sum_avg_us=24.759 alloc_avg_us=0.000 alloc_pct=0.00 decompose_avg_us=0.970 decompose_pct=3.92 dft_avg_us=18.460 dft_pct=74.56 clear_avg_us=0.000 clear_pct=0.00 mul_avg_us=5.329 mul_pct=21.52 free_avg_us=0.000 free_pct=0.00
EP_BREAKDOWN mat_shared_mask r=1 reps=1000 phase_sum_avg_us=25.467 alloc_avg_us=0.000 alloc_pct=0.00 decompose_avg_us=0.865 decompose_pct=3.40 dft_avg_us=19.121 dft_pct=75.08 clear_avg_us=0.000 clear_pct=0.00 mul_avg_us=5.481 mul_pct=21.52 free_avg_us=0.000 free_pct=0.00
EP_BREAKDOWN scalar_repeated r=2 reps=1000 phase_sum_avg_us=49.376 alloc_avg_us=0.000 alloc_pct=0.00 decompose_avg_us=2.264 decompose_pct=4.59 dft_avg_us=36.424 dft_pct=73.77 clear_avg_us=0.000 clear_pct=0.00 mul_avg_us=10.688 mul_pct=21.65 free_avg_us=0.000 free_pct=0.00
EP_BREAKDOWN mat_shared_mask r=2 reps=1000 phase_sum_avg_us=44.021 alloc_avg_us=0.000 alloc_pct=0.00 decompose_avg_us=1.699 decompose_pct=3.86 dft_avg_us=27.467 dft_pct=62.40 clear_avg_us=0.000 clear_pct=0.00 mul_avg_us=14.855 mul_pct=33.75 free_avg_us=0.000 free_pct=0.00
EP_BREAKDOWN scalar_repeated r=4 reps=1000 phase_sum_avg_us=100.085 alloc_avg_us=0.000 alloc_pct=0.00 decompose_avg_us=4.388 decompose_pct=4.38 dft_avg_us=73.655 dft_pct=73.59 clear_avg_us=0.000 clear_pct=0.00 mul_avg_us=22.042 mul_pct=22.02 free_avg_us=0.000 free_pct=0.00
EP_BREAKDOWN mat_shared_mask r=4 reps=1000 phase_sum_avg_us=84.618 alloc_avg_us=0.000 alloc_pct=0.00 decompose_avg_us=2.754 decompose_pct=3.25 dft_avg_us=45.875 dft_pct=54.21 clear_avg_us=0.000 clear_pct=0.00 mul_avg_us=35.989 mul_pct=42.53 free_avg_us=0.000 free_pct=0.00
