SAB_PVW isolated CMUX/NCMUX lane equivalence r=1: Pass
SAB_PVW isolated CMUX/NCMUX lane equivalence r=2: Pass
SAB_PVW isolated CMUX/NCMUX lane equivalence r=4: Pass
SAB_PVW_KERNEL_TEST begin RGSW_monomial r=1 case=encrypted-selector bit0
SAB_PVW isolated RGSW_monomial lane equivalence encrypted-selector bit0 r=1 r_prec=1: Pass
SAB_PVW_KERNEL_TEST begin RGSW_monomial r=1 case=encrypted-selector bit1
SAB_PVW isolated RGSW_monomial lane equivalence encrypted-selector bit1 r=1 r_prec=1: Pass
SAB_PVW_KERNEL_TEST begin RGSW_monomial r=1 case=trivial-selector multibit
SAB_PVW isolated RGSW_monomial lane equivalence trivial-selector multibit r=1 r_prec=3: Pass
SAB_PVW_KERNEL_TEST begin RGSW_monomial r=1 case=full-encrypted multibit
SAB_PVW isolated RGSW_monomial lane equivalence full-encrypted multibit r=1 r_prec=3: Pass
SAB_PVW_KERNEL_TEST skip small-N sparse/bootstrap r=1 backend=spqlios_avx512 reason=N=16 staged TRLWE key helpers are not supported by this backend; use target full gate
SAB_PVW_KERNEL_TEST begin RGSW_monomial r=2 case=encrypted-selector bit0
SAB_PVW isolated RGSW_monomial lane equivalence encrypted-selector bit0 r=2 r_prec=1: Pass
SAB_PVW_KERNEL_TEST begin RGSW_monomial r=2 case=encrypted-selector bit1
SAB_PVW isolated RGSW_monomial lane equivalence encrypted-selector bit1 r=2 r_prec=1: Pass
SAB_PVW_KERNEL_TEST begin RGSW_monomial r=2 case=trivial-selector multibit
SAB_PVW isolated RGSW_monomial lane equivalence trivial-selector multibit r=2 r_prec=3: Pass
SAB_PVW_KERNEL_TEST begin RGSW_monomial r=2 case=full-encrypted multibit
SAB_PVW isolated RGSW_monomial lane equivalence full-encrypted multibit r=2 r_prec=3: Pass
SAB_PVW_KERNEL_TEST skip small-N sparse/bootstrap r=2 backend=spqlios_avx512 reason=N=16 staged TRLWE key helpers are not supported by this backend; use target full gate
SAB_PVW_KERNEL_TEST begin RGSW_monomial r=4 case=encrypted-selector bit0
SAB_PVW isolated RGSW_monomial lane equivalence encrypted-selector bit0 r=4 r_prec=1: Pass
SAB_PVW_KERNEL_TEST begin RGSW_monomial r=4 case=encrypted-selector bit1
SAB_PVW isolated RGSW_monomial lane equivalence encrypted-selector bit1 r=4 r_prec=1: Pass
SAB_PVW_KERNEL_TEST begin RGSW_monomial r=4 case=trivial-selector multibit
SAB_PVW isolated RGSW_monomial lane equivalence trivial-selector multibit r=4 r_prec=3: Pass
SAB_PVW_KERNEL_TEST begin RGSW_monomial r=4 case=full-encrypted multibit
SAB_PVW isolated RGSW_monomial lane equivalence full-encrypted multibit r=4 r_prec=3: Pass
SAB_PVW_KERNEL_TEST skip small-N sparse/bootstrap r=4 backend=spqlios_avx512 reason=N=16 staged TRLWE key helpers are not supported by this backend; use target full gate
MAT_TRGSW/PVW staged kernel test: Pass
MAT_TRGSW microbench r=1 reps=1000 avg_us=7 lane_avg_us=7
MAT_TRGSW microbench r=2 reps=1000 avg_us=11 lane_avg_us=5
MAT_TRGSW microbench r=4 reps=1000 avg_us=32 lane_avg_us=8
MAT_TRGSW vs scalar r=1 reps=1000 scalar_repeated_avg_us=12.030 scalar_lane_avg_us=12.030 mat_avg_us=10.516 mat_lane_avg_us=10.516 speedup_vs_scalar_repeated=1.144x
MAT_TRGSW vs scalar r=2 reps=1000 scalar_repeated_avg_us=19.402 scalar_lane_avg_us=9.701 mat_avg_us=12.947 mat_lane_avg_us=6.473 speedup_vs_scalar_repeated=1.499x
MAT_TRGSW vs scalar r=4 reps=1000 scalar_repeated_avg_us=33.247 scalar_lane_avg_us=8.312 mat_avg_us=25.096 mat_lane_avg_us=6.274 speedup_vs_scalar_repeated=1.325x
MAT_TRGSW_FULL vs scalar_full r=1 reps=1000 scalar_repeated_avg_us=13.242 scalar_lane_avg_us=13.242 mat_avg_us=14.141 mat_lane_avg_us=14.141 speedup_vs_scalar_repeated=0.936x
MAT_TRGSW_FULL vs scalar_full r=2 reps=1000 scalar_repeated_avg_us=28.328 scalar_lane_avg_us=14.164 mat_avg_us=19.255 mat_lane_avg_us=9.627 speedup_vs_scalar_repeated=1.471x
MAT_TRGSW_FULL vs scalar_full r=4 reps=1000 scalar_repeated_avg_us=56.050 scalar_lane_avg_us=14.012 mat_avg_us=44.262 mat_lane_avg_us=11.066 speedup_vs_scalar_repeated=1.266x
EP_BREAKDOWN scalar_repeated r=1 reps=1000 phase_sum_avg_us=8.669 alloc_avg_us=0.000 alloc_pct=0.00 decompose_avg_us=1.080 decompose_pct=12.46 dft_avg_us=5.256 dft_pct=60.63 clear_avg_us=0.000 clear_pct=0.00 mul_avg_us=2.333 mul_pct=26.91 free_avg_us=0.000 free_pct=0.00
EP_BREAKDOWN mat_shared_mask r=1 reps=1000 phase_sum_avg_us=8.662 alloc_avg_us=0.000 alloc_pct=0.00 decompose_avg_us=1.110 decompose_pct=12.81 dft_avg_us=5.179 dft_pct=59.79 clear_avg_us=0.000 clear_pct=0.00 mul_avg_us=2.373 mul_pct=27.40 free_avg_us=0.000 free_pct=0.00
EP_BREAKDOWN scalar_repeated r=2 reps=1000 phase_sum_avg_us=19.522 alloc_avg_us=0.000 alloc_pct=0.00 decompose_avg_us=3.053 decompose_pct=15.64 dft_avg_us=11.004 dft_pct=56.37 clear_avg_us=0.000 clear_pct=0.00 mul_avg_us=5.465 mul_pct=27.99 free_avg_us=0.000 free_pct=0.00
EP_BREAKDOWN mat_shared_mask r=2 reps=1000 phase_sum_avg_us=16.148 alloc_avg_us=0.000 alloc_pct=0.00 decompose_avg_us=2.033 decompose_pct=12.59 dft_avg_us=8.259 dft_pct=51.15 clear_avg_us=0.000 clear_pct=0.00 mul_avg_us=5.856 mul_pct=36.26 free_avg_us=0.000 free_pct=0.00
EP_BREAKDOWN scalar_repeated r=4 reps=1000 phase_sum_avg_us=40.786 alloc_avg_us=0.000 alloc_pct=0.00 decompose_avg_us=6.299 decompose_pct=15.44 dft_avg_us=21.591 dft_pct=52.94 clear_avg_us=0.000 clear_pct=0.00 mul_avg_us=12.896 mul_pct=31.62 free_avg_us=0.000 free_pct=0.00
EP_BREAKDOWN mat_shared_mask r=4 reps=1000 phase_sum_avg_us=35.644 alloc_avg_us=0.000 alloc_pct=0.00 decompose_avg_us=3.972 decompose_pct=11.14 dft_avg_us=13.662 dft_pct=38.33 clear_avg_us=0.000 clear_pct=0.00 mul_avg_us=18.010 mul_pct=50.53 free_avg_us=0.000 free_pct=0.00
