SAB_PVW isolated CMUX/NCMUX lane equivalence r=1: Pass
SAB_PVW isolated CMUX/NCMUX lane equivalence r=2: Pass
SAB_PVW isolated CMUX/NCMUX lane equivalence r=4: Pass
SAB_PVW_KERNEL_TEST begin RGSW_monomial r=1 case=encrypted-selector bit0
SAB_PVW isolated RGSW_monomial lane equivalence encrypted-selector bit0 r=1 r_prec=1: Pass
SAB_PVW_KERNEL_TEST begin RGSW_monomial r=1 case=encrypted-selector bit1
SAB_PVW isolated RGSW_monomial lane equivalence encrypted-selector bit1 r=1 r_prec=1: Pass
SAB_PVW_KERNEL_TEST begin RGSW_monomial r=1 case=trivial-selector multibit
SAB_PVW isolated RGSW_monomial lane equivalence trivial-selector multibit r=1 r_prec=3: Pass
SAB_PVW_KERNEL_TEST begin RGSW_monomial r=1 case=full-encrypted multibit
SAB_PVW isolated RGSW_monomial lane equivalence full-encrypted multibit r=1 r_prec=3: Pass
SAB_PVW_KERNEL_TEST skip small-N sparse/bootstrap r=1 backend=spqlios_avx512 reason=N=16 staged TRLWE key helpers are not supported by this backend; use target full gate
SAB_PVW_KERNEL_TEST begin RGSW_monomial r=2 case=encrypted-selector bit0
SAB_PVW isolated RGSW_monomial lane equivalence encrypted-selector bit0 r=2 r_prec=1: Pass
SAB_PVW_KERNEL_TEST begin RGSW_monomial r=2 case=encrypted-selector bit1
SAB_PVW isolated RGSW_monomial lane equivalence encrypted-selector bit1 r=2 r_prec=1: Pass
SAB_PVW_KERNEL_TEST begin RGSW_monomial r=2 case=trivial-selector multibit
SAB_PVW isolated RGSW_monomial lane equivalence trivial-selector multibit r=2 r_prec=3: Pass
SAB_PVW_KERNEL_TEST begin RGSW_monomial r=2 case=full-encrypted multibit
SAB_PVW isolated RGSW_monomial lane equivalence full-encrypted multibit r=2 r_prec=3: Pass
SAB_PVW_KERNEL_TEST skip small-N sparse/bootstrap r=2 backend=spqlios_avx512 reason=N=16 staged TRLWE key helpers are not supported by this backend; use target full gate
SAB_PVW_KERNEL_TEST begin RGSW_monomial r=4 case=encrypted-selector bit0
SAB_PVW isolated RGSW_monomial lane equivalence encrypted-selector bit0 r=4 r_prec=1: Pass
SAB_PVW_KERNEL_TEST begin RGSW_monomial r=4 case=encrypted-selector bit1
SAB_PVW isolated RGSW_monomial lane equivalence encrypted-selector bit1 r=4 r_prec=1: Pass
SAB_PVW_KERNEL_TEST begin RGSW_monomial r=4 case=trivial-selector multibit
SAB_PVW isolated RGSW_monomial lane equivalence trivial-selector multibit r=4 r_prec=3: Pass
SAB_PVW_KERNEL_TEST begin RGSW_monomial r=4 case=full-encrypted multibit
SAB_PVW isolated RGSW_monomial lane equivalence full-encrypted multibit r=4 r_prec=3: Pass
SAB_PVW_KERNEL_TEST skip small-N sparse/bootstrap r=4 backend=spqlios_avx512 reason=N=16 staged TRLWE key helpers are not supported by this backend; use target full gate
MAT_TRGSW/PVW staged kernel test: Pass
MAT_TRGSW microbench r=1 reps=1000 avg_us=6 lane_avg_us=6
MAT_TRGSW microbench r=2 reps=1000 avg_us=9 lane_avg_us=4
MAT_TRGSW microbench r=4 reps=1000 avg_us=23 lane_avg_us=5
MAT_TRGSW vs scalar r=1 reps=1000 scalar_repeated_avg_us=7.472 scalar_lane_avg_us=7.472 mat_avg_us=6.086 mat_lane_avg_us=6.086 speedup_vs_scalar_repeated=1.228x
MAT_TRGSW vs scalar r=2 reps=1000 scalar_repeated_avg_us=12.565 scalar_lane_avg_us=6.282 mat_avg_us=9.441 mat_lane_avg_us=4.721 speedup_vs_scalar_repeated=1.331x
MAT_TRGSW vs scalar r=4 reps=1000 scalar_repeated_avg_us=26.765 scalar_lane_avg_us=6.691 mat_avg_us=21.235 mat_lane_avg_us=5.309 speedup_vs_scalar_repeated=1.260x
MAT_TRGSW_FULL vs scalar_full r=1 reps=1000 scalar_repeated_avg_us=10.989 scalar_lane_avg_us=10.989 mat_avg_us=10.654 mat_lane_avg_us=10.654 speedup_vs_scalar_repeated=1.031x
MAT_TRGSW_FULL vs scalar_full r=2 reps=1000 scalar_repeated_avg_us=21.571 scalar_lane_avg_us=10.786 mat_avg_us=16.868 mat_lane_avg_us=8.434 speedup_vs_scalar_repeated=1.279x
MAT_TRGSW_FULL vs scalar_full r=4 reps=1000 scalar_repeated_avg_us=48.617 scalar_lane_avg_us=12.154 mat_avg_us=40.433 mat_lane_avg_us=10.108 speedup_vs_scalar_repeated=1.202x
EP_BREAKDOWN scalar_repeated r=1 reps=1000 phase_sum_avg_us=9.378 alloc_avg_us=0.000 alloc_pct=0.00 decompose_avg_us=1.190 decompose_pct=12.69 dft_avg_us=5.639 dft_pct=60.13 clear_avg_us=0.000 clear_pct=0.00 mul_avg_us=2.549 mul_pct=27.18 free_avg_us=0.000 free_pct=0.00
EP_BREAKDOWN mat_shared_mask r=1 reps=1000 phase_sum_avg_us=9.198 alloc_avg_us=0.000 alloc_pct=0.00 decompose_avg_us=1.164 decompose_pct=12.65 dft_avg_us=5.486 dft_pct=59.64 clear_avg_us=0.000 clear_pct=0.00 mul_avg_us=2.548 mul_pct=27.70 free_avg_us=0.000 free_pct=0.00
EP_BREAKDOWN scalar_repeated r=2 reps=1000 phase_sum_avg_us=14.259 alloc_avg_us=0.000 alloc_pct=0.00 decompose_avg_us=2.123 decompose_pct=14.89 dft_avg_us=7.955 dft_pct=55.79 clear_avg_us=0.000 clear_pct=0.00 mul_avg_us=4.181 mul_pct=29.32 free_avg_us=0.000 free_pct=0.00
EP_BREAKDOWN mat_shared_mask r=2 reps=1000 phase_sum_avg_us=12.006 alloc_avg_us=0.000 alloc_pct=0.00 decompose_avg_us=1.473 decompose_pct=12.27 dft_avg_us=5.996 dft_pct=49.94 clear_avg_us=0.000 clear_pct=0.00 mul_avg_us=4.537 mul_pct=37.79 free_avg_us=0.000 free_pct=0.00
EP_BREAKDOWN scalar_repeated r=4 reps=1000 phase_sum_avg_us=31.150 alloc_avg_us=0.000 alloc_pct=0.00 decompose_avg_us=4.762 decompose_pct=15.29 dft_avg_us=16.957 dft_pct=54.44 clear_avg_us=0.000 clear_pct=0.00 mul_avg_us=9.431 mul_pct=30.28 free_avg_us=0.000 free_pct=0.00
EP_BREAKDOWN mat_shared_mask r=4 reps=1000 phase_sum_avg_us=26.521 alloc_avg_us=0.000 alloc_pct=0.00 decompose_avg_us=3.087 decompose_pct=11.64 dft_avg_us=10.538 dft_pct=39.73 clear_avg_us=0.000 clear_pct=0.00 mul_avg_us=12.896 mul_pct=48.63 free_avg_us=0.000 free_pct=0.00
