SAB_PVW isolated CMUX/NCMUX lane equivalence r=1: Pass
SAB_PVW isolated CMUX/NCMUX lane equivalence r=2: Pass
SAB_PVW isolated CMUX/NCMUX lane equivalence r=4: Pass
SAB_PVW_KERNEL_TEST begin RGSW_monomial r=1 case=encrypted-selector bit0
SAB_PVW isolated RGSW_monomial lane equivalence encrypted-selector bit0 r=1 r_prec=1: Pass
SAB_PVW_KERNEL_TEST begin RGSW_monomial r=1 case=encrypted-selector bit1
SAB_PVW isolated RGSW_monomial lane equivalence encrypted-selector bit1 r=1 r_prec=1: Pass
SAB_PVW_KERNEL_TEST begin RGSW_monomial r=1 case=trivial-selector multibit
SAB_PVW isolated RGSW_monomial lane equivalence trivial-selector multibit r=1 r_prec=3: Pass
SAB_PVW_KERNEL_TEST begin RGSW_monomial r=1 case=full-encrypted multibit
SAB_PVW isolated RGSW_monomial lane equivalence full-encrypted multibit r=1 r_prec=3: Pass
SAB_PVW_KERNEL_TEST skip small-N sparse/bootstrap r=1 backend=spqlios_avx512 reason=N=16 staged TRLWE key helpers are not supported by this backend; use target full gate
SAB_PVW_KERNEL_TEST begin RGSW_monomial r=2 case=encrypted-selector bit0
SAB_PVW isolated RGSW_monomial lane equivalence encrypted-selector bit0 r=2 r_prec=1: Pass
SAB_PVW_KERNEL_TEST begin RGSW_monomial r=2 case=encrypted-selector bit1
SAB_PVW isolated RGSW_monomial lane equivalence encrypted-selector bit1 r=2 r_prec=1: Pass
SAB_PVW_KERNEL_TEST begin RGSW_monomial r=2 case=trivial-selector multibit
SAB_PVW isolated RGSW_monomial lane equivalence trivial-selector multibit r=2 r_prec=3: Pass
SAB_PVW_KERNEL_TEST begin RGSW_monomial r=2 case=full-encrypted multibit
SAB_PVW isolated RGSW_monomial lane equivalence full-encrypted multibit r=2 r_prec=3: Pass
SAB_PVW_KERNEL_TEST skip small-N sparse/bootstrap r=2 backend=spqlios_avx512 reason=N=16 staged TRLWE key helpers are not supported by this backend; use target full gate
SAB_PVW_KERNEL_TEST begin RGSW_monomial r=4 case=encrypted-selector bit0
SAB_PVW isolated RGSW_monomial lane equivalence encrypted-selector bit0 r=4 r_prec=1: Pass
SAB_PVW_KERNEL_TEST begin RGSW_monomial r=4 case=encrypted-selector bit1
SAB_PVW isolated RGSW_monomial lane equivalence encrypted-selector bit1 r=4 r_prec=1: Pass
SAB_PVW_KERNEL_TEST begin RGSW_monomial r=4 case=trivial-selector multibit
SAB_PVW isolated RGSW_monomial lane equivalence trivial-selector multibit r=4 r_prec=3: Pass
SAB_PVW_KERNEL_TEST begin RGSW_monomial r=4 case=full-encrypted multibit
SAB_PVW isolated RGSW_monomial lane equivalence full-encrypted multibit r=4 r_prec=3: Pass
SAB_PVW_KERNEL_TEST skip small-N sparse/bootstrap r=4 backend=spqlios_avx512 reason=N=16 staged TRLWE key helpers are not supported by this backend; use target full gate
MAT_TRGSW/PVW staged kernel test: Pass
MAT_TRGSW microbench r=1 reps=1000 avg_us=8 lane_avg_us=8
MAT_TRGSW microbench r=2 reps=1000 avg_us=10 lane_avg_us=5
MAT_TRGSW microbench r=4 reps=1000 avg_us=25 lane_avg_us=6
MAT_TRGSW vs scalar r=1 reps=1000 scalar_repeated_avg_us=6.578 scalar_lane_avg_us=6.578 mat_avg_us=7.834 mat_lane_avg_us=7.834 speedup_vs_scalar_repeated=0.840x
MAT_TRGSW vs scalar r=2 reps=1000 scalar_repeated_avg_us=15.146 scalar_lane_avg_us=7.573 mat_avg_us=11.056 mat_lane_avg_us=5.528 speedup_vs_scalar_repeated=1.370x
MAT_TRGSW vs scalar r=4 reps=1000 scalar_repeated_avg_us=30.560 scalar_lane_avg_us=7.640 mat_avg_us=25.681 mat_lane_avg_us=6.420 speedup_vs_scalar_repeated=1.190x
MAT_TRGSW_FULL vs scalar_full r=1 reps=1000 scalar_repeated_avg_us=12.340 scalar_lane_avg_us=12.340 mat_avg_us=11.787 mat_lane_avg_us=11.787 speedup_vs_scalar_repeated=1.047x
MAT_TRGSW_FULL vs scalar_full r=2 reps=1000 scalar_repeated_avg_us=24.404 scalar_lane_avg_us=12.202 mat_avg_us=17.796 mat_lane_avg_us=8.898 speedup_vs_scalar_repeated=1.371x
MAT_TRGSW_FULL vs scalar_full r=4 reps=1000 scalar_repeated_avg_us=54.326 scalar_lane_avg_us=13.582 mat_avg_us=42.650 mat_lane_avg_us=10.662 speedup_vs_scalar_repeated=1.274x
EP_BREAKDOWN scalar_repeated r=1 reps=1000 phase_sum_avg_us=10.266 alloc_avg_us=0.000 alloc_pct=0.00 decompose_avg_us=1.353 decompose_pct=13.18 dft_avg_us=6.094 dft_pct=59.36 clear_avg_us=0.000 clear_pct=0.00 mul_avg_us=2.819 mul_pct=27.46 free_avg_us=0.000 free_pct=0.00
EP_BREAKDOWN mat_shared_mask r=1 reps=1000 phase_sum_avg_us=10.486 alloc_avg_us=0.000 alloc_pct=0.00 decompose_avg_us=1.325 decompose_pct=12.64 dft_avg_us=6.453 dft_pct=61.54 clear_avg_us=0.000 clear_pct=0.00 mul_avg_us=2.708 mul_pct=25.82 free_avg_us=0.000 free_pct=0.00
EP_BREAKDOWN scalar_repeated r=2 reps=1000 phase_sum_avg_us=17.847 alloc_avg_us=0.000 alloc_pct=0.00 decompose_avg_us=2.598 decompose_pct=14.56 dft_avg_us=10.098 dft_pct=56.58 clear_avg_us=0.000 clear_pct=0.00 mul_avg_us=5.151 mul_pct=28.86 free_avg_us=0.000 free_pct=0.00
EP_BREAKDOWN mat_shared_mask r=2 reps=1000 phase_sum_avg_us=14.979 alloc_avg_us=0.000 alloc_pct=0.00 decompose_avg_us=2.038 decompose_pct=13.61 dft_avg_us=7.378 dft_pct=49.26 clear_avg_us=0.000 clear_pct=0.00 mul_avg_us=5.563 mul_pct=37.14 free_avg_us=0.000 free_pct=0.00
EP_BREAKDOWN scalar_repeated r=4 reps=1000 phase_sum_avg_us=38.206 alloc_avg_us=0.000 alloc_pct=0.00 decompose_avg_us=5.757 decompose_pct=15.07 dft_avg_us=20.574 dft_pct=53.85 clear_avg_us=0.000 clear_pct=0.00 mul_avg_us=11.875 mul_pct=31.08 free_avg_us=0.000 free_pct=0.00
EP_BREAKDOWN mat_shared_mask r=4 reps=1000 phase_sum_avg_us=31.950 alloc_avg_us=0.000 alloc_pct=0.00 decompose_avg_us=3.561 decompose_pct=11.15 dft_avg_us=13.246 dft_pct=41.46 clear_avg_us=0.000 clear_pct=0.00 mul_avg_us=15.143 mul_pct=47.40 free_avg_us=0.000 free_pct=0.00
