SAB_PVW isolated CMUX/NCMUX lane equivalence r=1: Pass
SAB_PVW isolated CMUX/NCMUX lane equivalence r=2: Pass
SAB_PVW isolated CMUX/NCMUX lane equivalence r=4: Pass
SAB_PVW_KERNEL_TEST begin RGSW_monomial r=1 case=encrypted-selector bit0
SAB_PVW isolated RGSW_monomial lane equivalence encrypted-selector bit0 r=1 r_prec=1: Pass
SAB_PVW_KERNEL_TEST begin RGSW_monomial r=1 case=encrypted-selector bit1
SAB_PVW isolated RGSW_monomial lane equivalence encrypted-selector bit1 r=1 r_prec=1: Pass
SAB_PVW_KERNEL_TEST begin RGSW_monomial r=1 case=trivial-selector multibit
SAB_PVW isolated RGSW_monomial lane equivalence trivial-selector multibit r=1 r_prec=3: Pass
SAB_PVW_KERNEL_TEST begin RGSW_monomial r=1 case=full-encrypted multibit
SAB_PVW isolated RGSW_monomial lane equivalence full-encrypted multibit r=1 r_prec=3: Pass
SAB_PVW_KERNEL_TEST skip small-N sparse/bootstrap r=1 backend=spqlios_avx512 reason=N=16 staged TRLWE key helpers are not supported by this backend; use target full gate
SAB_PVW_KERNEL_TEST begin RGSW_monomial r=2 case=encrypted-selector bit0
SAB_PVW isolated RGSW_monomial lane equivalence encrypted-selector bit0 r=2 r_prec=1: Pass
SAB_PVW_KERNEL_TEST begin RGSW_monomial r=2 case=encrypted-selector bit1
SAB_PVW isolated RGSW_monomial lane equivalence encrypted-selector bit1 r=2 r_prec=1: Pass
SAB_PVW_KERNEL_TEST begin RGSW_monomial r=2 case=trivial-selector multibit
SAB_PVW isolated RGSW_monomial lane equivalence trivial-selector multibit r=2 r_prec=3: Pass
SAB_PVW_KERNEL_TEST begin RGSW_monomial r=2 case=full-encrypted multibit
SAB_PVW isolated RGSW_monomial lane equivalence full-encrypted multibit r=2 r_prec=3: Pass
SAB_PVW_KERNEL_TEST skip small-N sparse/bootstrap r=2 backend=spqlios_avx512 reason=N=16 staged TRLWE key helpers are not supported by this backend; use target full gate
SAB_PVW_KERNEL_TEST begin RGSW_monomial r=4 case=encrypted-selector bit0
SAB_PVW isolated RGSW_monomial lane equivalence encrypted-selector bit0 r=4 r_prec=1: Pass
SAB_PVW_KERNEL_TEST begin RGSW_monomial r=4 case=encrypted-selector bit1
SAB_PVW isolated RGSW_monomial lane equivalence encrypted-selector bit1 r=4 r_prec=1: Pass
SAB_PVW_KERNEL_TEST begin RGSW_monomial r=4 case=trivial-selector multibit
SAB_PVW isolated RGSW_monomial lane equivalence trivial-selector multibit r=4 r_prec=3: Pass
SAB_PVW_KERNEL_TEST begin RGSW_monomial r=4 case=full-encrypted multibit
SAB_PVW isolated RGSW_monomial lane equivalence full-encrypted multibit r=4 r_prec=3: Pass
SAB_PVW_KERNEL_TEST skip small-N sparse/bootstrap r=4 backend=spqlios_avx512 reason=N=16 staged TRLWE key helpers are not supported by this backend; use target full gate
MAT_TRGSW/PVW staged kernel test: Pass
MAT_TRGSW microbench r=1 reps=1000 avg_us=7 lane_avg_us=7
MAT_TRGSW microbench r=2 reps=1000 avg_us=10 lane_avg_us=5
MAT_TRGSW microbench r=4 reps=1000 avg_us=25 lane_avg_us=6
MAT_TRGSW vs scalar r=1 reps=1000 scalar_repeated_avg_us=6.834 scalar_lane_avg_us=6.834 mat_avg_us=7.279 mat_lane_avg_us=7.279 speedup_vs_scalar_repeated=0.939x
MAT_TRGSW vs scalar r=2 reps=1000 scalar_repeated_avg_us=14.512 scalar_lane_avg_us=7.256 mat_avg_us=9.855 mat_lane_avg_us=4.928 speedup_vs_scalar_repeated=1.473x
MAT_TRGSW vs scalar r=4 reps=1000 scalar_repeated_avg_us=28.338 scalar_lane_avg_us=7.085 mat_avg_us=23.740 mat_lane_avg_us=5.935 speedup_vs_scalar_repeated=1.194x
MAT_TRGSW_FULL vs scalar_full r=1 reps=1000 scalar_repeated_avg_us=13.560 scalar_lane_avg_us=13.560 mat_avg_us=12.359 mat_lane_avg_us=12.359 speedup_vs_scalar_repeated=1.097x
MAT_TRGSW_FULL vs scalar_full r=2 reps=1000 scalar_repeated_avg_us=29.235 scalar_lane_avg_us=14.617 mat_avg_us=19.006 mat_lane_avg_us=9.503 speedup_vs_scalar_repeated=1.538x
MAT_TRGSW_FULL vs scalar_full r=4 reps=1000 scalar_repeated_avg_us=50.928 scalar_lane_avg_us=12.732 mat_avg_us=36.011 mat_lane_avg_us=9.003 speedup_vs_scalar_repeated=1.414x
EP_BREAKDOWN scalar_repeated r=1 reps=1000 phase_sum_avg_us=7.465 alloc_avg_us=0.000 alloc_pct=0.00 decompose_avg_us=0.771 decompose_pct=10.33 dft_avg_us=4.755 dft_pct=63.70 clear_avg_us=0.000 clear_pct=0.00 mul_avg_us=1.939 mul_pct=25.97 free_avg_us=0.000 free_pct=0.00
EP_BREAKDOWN mat_shared_mask r=1 reps=1000 phase_sum_avg_us=7.521 alloc_avg_us=0.000 alloc_pct=0.00 decompose_avg_us=0.952 decompose_pct=12.66 dft_avg_us=4.397 dft_pct=58.46 clear_avg_us=0.000 clear_pct=0.00 mul_avg_us=2.172 mul_pct=28.88 free_avg_us=0.000 free_pct=0.00
EP_BREAKDOWN scalar_repeated r=2 reps=1000 phase_sum_avg_us=17.523 alloc_avg_us=0.000 alloc_pct=0.00 decompose_avg_us=2.505 decompose_pct=14.30 dft_avg_us=9.788 dft_pct=55.86 clear_avg_us=0.000 clear_pct=0.00 mul_avg_us=5.230 mul_pct=29.85 free_avg_us=0.000 free_pct=0.00
EP_BREAKDOWN mat_shared_mask r=2 reps=1000 phase_sum_avg_us=14.845 alloc_avg_us=0.000 alloc_pct=0.00 decompose_avg_us=1.853 decompose_pct=12.48 dft_avg_us=7.382 dft_pct=49.73 clear_avg_us=0.000 clear_pct=0.00 mul_avg_us=5.610 mul_pct=37.79 free_avg_us=0.000 free_pct=0.00
EP_BREAKDOWN scalar_repeated r=4 reps=1000 phase_sum_avg_us=36.405 alloc_avg_us=0.000 alloc_pct=0.00 decompose_avg_us=5.229 decompose_pct=14.36 dft_avg_us=19.880 dft_pct=54.61 clear_avg_us=0.000 clear_pct=0.00 mul_avg_us=11.296 mul_pct=31.03 free_avg_us=0.000 free_pct=0.00
EP_BREAKDOWN mat_shared_mask r=4 reps=1000 phase_sum_avg_us=30.837 alloc_avg_us=0.000 alloc_pct=0.00 decompose_avg_us=3.296 decompose_pct=10.69 dft_avg_us=11.976 dft_pct=38.84 clear_avg_us=0.000 clear_pct=0.00 mul_avg_us=15.565 mul_pct=50.48 free_avg_us=0.000 free_pct=0.00
