SAB_PVW isolated CMUX/NCMUX lane equivalence r=1: Pass
SAB_PVW isolated CMUX/NCMUX lane equivalence r=2: Pass
SAB_PVW isolated CMUX/NCMUX lane equivalence r=4: Pass
SAB_PVW_KERNEL_TEST begin RGSW_monomial r=1 case=encrypted-selector bit0
SAB_PVW isolated RGSW_monomial lane equivalence encrypted-selector bit0 r=1 r_prec=1: Pass
SAB_PVW_KERNEL_TEST begin RGSW_monomial r=1 case=encrypted-selector bit1
SAB_PVW isolated RGSW_monomial lane equivalence encrypted-selector bit1 r=1 r_prec=1: Pass
SAB_PVW_KERNEL_TEST begin RGSW_monomial r=1 case=trivial-selector multibit
SAB_PVW isolated RGSW_monomial lane equivalence trivial-selector multibit r=1 r_prec=3: Pass
SAB_PVW_KERNEL_TEST begin RGSW_monomial r=1 case=full-encrypted multibit
SAB_PVW isolated RGSW_monomial lane equivalence full-encrypted multibit r=1 r_prec=3: Pass
SAB_PVW_KERNEL_TEST skip small-N sparse/bootstrap r=1 backend=spqlios_avx512 reason=N=16 staged TRLWE key helpers are not supported by this backend; use target full gate
SAB_PVW_KERNEL_TEST begin RGSW_monomial r=2 case=encrypted-selector bit0
SAB_PVW isolated RGSW_monomial lane equivalence encrypted-selector bit0 r=2 r_prec=1: Pass
SAB_PVW_KERNEL_TEST begin RGSW_monomial r=2 case=encrypted-selector bit1
SAB_PVW isolated RGSW_monomial lane equivalence encrypted-selector bit1 r=2 r_prec=1: Pass
SAB_PVW_KERNEL_TEST begin RGSW_monomial r=2 case=trivial-selector multibit
SAB_PVW isolated RGSW_monomial lane equivalence trivial-selector multibit r=2 r_prec=3: Pass
SAB_PVW_KERNEL_TEST begin RGSW_monomial r=2 case=full-encrypted multibit
SAB_PVW isolated RGSW_monomial lane equivalence full-encrypted multibit r=2 r_prec=3: Pass
SAB_PVW_KERNEL_TEST skip small-N sparse/bootstrap r=2 backend=spqlios_avx512 reason=N=16 staged TRLWE key helpers are not supported by this backend; use target full gate
SAB_PVW_KERNEL_TEST begin RGSW_monomial r=4 case=encrypted-selector bit0
SAB_PVW isolated RGSW_monomial lane equivalence encrypted-selector bit0 r=4 r_prec=1: Pass
SAB_PVW_KERNEL_TEST begin RGSW_monomial r=4 case=encrypted-selector bit1
SAB_PVW isolated RGSW_monomial lane equivalence encrypted-selector bit1 r=4 r_prec=1: Pass
SAB_PVW_KERNEL_TEST begin RGSW_monomial r=4 case=trivial-selector multibit
SAB_PVW isolated RGSW_monomial lane equivalence trivial-selector multibit r=4 r_prec=3: Pass
SAB_PVW_KERNEL_TEST begin RGSW_monomial r=4 case=full-encrypted multibit
SAB_PVW isolated RGSW_monomial lane equivalence full-encrypted multibit r=4 r_prec=3: Pass
SAB_PVW_KERNEL_TEST skip small-N sparse/bootstrap r=4 backend=spqlios_avx512 reason=N=16 staged TRLWE key helpers are not supported by this backend; use target full gate
MAT_TRGSW/PVW staged kernel test: Pass
MAT_TRGSW microbench r=1 reps=1000 avg_us=8 lane_avg_us=8
MAT_TRGSW microbench r=2 reps=1000 avg_us=13 lane_avg_us=6
MAT_TRGSW microbench r=4 reps=1000 avg_us=24 lane_avg_us=6
MAT_TRGSW vs scalar r=1 reps=1000 scalar_repeated_avg_us=6.549 scalar_lane_avg_us=6.549 mat_avg_us=6.298 mat_lane_avg_us=6.298 speedup_vs_scalar_repeated=1.040x
MAT_TRGSW vs scalar r=2 reps=1000 scalar_repeated_avg_us=12.783 scalar_lane_avg_us=6.391 mat_avg_us=10.632 mat_lane_avg_us=5.316 speedup_vs_scalar_repeated=1.202x
MAT_TRGSW vs scalar r=4 reps=1000 scalar_repeated_avg_us=27.594 scalar_lane_avg_us=6.899 mat_avg_us=27.009 mat_lane_avg_us=6.752 speedup_vs_scalar_repeated=1.022x
MAT_TRGSW_FULL vs scalar_full r=1 reps=1000 scalar_repeated_avg_us=10.947 scalar_lane_avg_us=10.947 mat_avg_us=11.540 mat_lane_avg_us=11.540 speedup_vs_scalar_repeated=0.949x
MAT_TRGSW_FULL vs scalar_full r=2 reps=1000 scalar_repeated_avg_us=21.881 scalar_lane_avg_us=10.941 mat_avg_us=18.176 mat_lane_avg_us=9.088 speedup_vs_scalar_repeated=1.204x
MAT_TRGSW_FULL vs scalar_full r=4 reps=1000 scalar_repeated_avg_us=49.467 scalar_lane_avg_us=12.367 mat_avg_us=33.726 mat_lane_avg_us=8.431 speedup_vs_scalar_repeated=1.467x
EP_BREAKDOWN scalar_repeated r=1 reps=1000 phase_sum_avg_us=6.023 alloc_avg_us=0.000 alloc_pct=0.00 decompose_avg_us=0.687 decompose_pct=11.41 dft_avg_us=3.698 dft_pct=61.40 clear_avg_us=0.000 clear_pct=0.00 mul_avg_us=1.638 mul_pct=27.20 free_avg_us=0.000 free_pct=0.00
EP_BREAKDOWN mat_shared_mask r=1 reps=1000 phase_sum_avg_us=6.029 alloc_avg_us=0.000 alloc_pct=0.00 decompose_avg_us=0.727 decompose_pct=12.06 dft_avg_us=3.652 dft_pct=60.57 clear_avg_us=0.000 clear_pct=0.00 mul_avg_us=1.650 mul_pct=27.37 free_avg_us=0.000 free_pct=0.00
EP_BREAKDOWN scalar_repeated r=2 reps=1000 phase_sum_avg_us=13.273 alloc_avg_us=0.000 alloc_pct=0.00 decompose_avg_us=2.111 decompose_pct=15.90 dft_avg_us=7.310 dft_pct=55.07 clear_avg_us=0.000 clear_pct=0.00 mul_avg_us=3.852 mul_pct=29.02 free_avg_us=0.000 free_pct=0.00
EP_BREAKDOWN mat_shared_mask r=2 reps=1000 phase_sum_avg_us=11.170 alloc_avg_us=0.000 alloc_pct=0.00 decompose_avg_us=1.509 decompose_pct=13.51 dft_avg_us=5.577 dft_pct=49.93 clear_avg_us=0.000 clear_pct=0.00 mul_avg_us=4.084 mul_pct=36.56 free_avg_us=0.000 free_pct=0.00
EP_BREAKDOWN scalar_repeated r=4 reps=1000 phase_sum_avg_us=30.464 alloc_avg_us=0.000 alloc_pct=0.00 decompose_avg_us=4.564 decompose_pct=14.98 dft_avg_us=16.582 dft_pct=54.43 clear_avg_us=0.000 clear_pct=0.00 mul_avg_us=9.318 mul_pct=30.59 free_avg_us=0.000 free_pct=0.00
EP_BREAKDOWN mat_shared_mask r=4 reps=1000 phase_sum_avg_us=25.478 alloc_avg_us=0.000 alloc_pct=0.00 decompose_avg_us=2.926 decompose_pct=11.48 dft_avg_us=10.432 dft_pct=40.95 clear_avg_us=0.000 clear_pct=0.00 mul_avg_us=12.120 mul_pct=47.57 free_avg_us=0.000 free_pct=0.00
