SAB_PVW isolated CMUX/NCMUX lane equivalence r=1: Pass
SAB_PVW isolated CMUX/NCMUX lane equivalence r=2: Pass
SAB_PVW isolated CMUX/NCMUX lane equivalence r=4: Pass
SAB_PVW_KERNEL_TEST begin RGSW_monomial r=1 case=encrypted-selector bit0
SAB_PVW isolated RGSW_monomial lane equivalence encrypted-selector bit0 r=1 r_prec=1: Pass
SAB_PVW_KERNEL_TEST begin RGSW_monomial r=1 case=encrypted-selector bit1
SAB_PVW isolated RGSW_monomial lane equivalence encrypted-selector bit1 r=1 r_prec=1: Pass
SAB_PVW_KERNEL_TEST begin RGSW_monomial r=1 case=trivial-selector multibit
SAB_PVW isolated RGSW_monomial lane equivalence trivial-selector multibit r=1 r_prec=3: Pass
SAB_PVW_KERNEL_TEST begin RGSW_monomial r=1 case=full-encrypted multibit
SAB_PVW isolated RGSW_monomial lane equivalence full-encrypted multibit r=1 r_prec=3: Pass
SAB_PVW_KERNEL_TEST skip small-N sparse/bootstrap r=1 backend=spqlios_avx512 reason=N=16 staged TRLWE key helpers are not supported by this backend; use target full gate
SAB_PVW_KERNEL_TEST begin RGSW_monomial r=2 case=encrypted-selector bit0
SAB_PVW isolated RGSW_monomial lane equivalence encrypted-selector bit0 r=2 r_prec=1: Pass
SAB_PVW_KERNEL_TEST begin RGSW_monomial r=2 case=encrypted-selector bit1
SAB_PVW isolated RGSW_monomial lane equivalence encrypted-selector bit1 r=2 r_prec=1: Pass
SAB_PVW_KERNEL_TEST begin RGSW_monomial r=2 case=trivial-selector multibit
SAB_PVW isolated RGSW_monomial lane equivalence trivial-selector multibit r=2 r_prec=3: Pass
SAB_PVW_KERNEL_TEST begin RGSW_monomial r=2 case=full-encrypted multibit
SAB_PVW isolated RGSW_monomial lane equivalence full-encrypted multibit r=2 r_prec=3: Pass
SAB_PVW_KERNEL_TEST skip small-N sparse/bootstrap r=2 backend=spqlios_avx512 reason=N=16 staged TRLWE key helpers are not supported by this backend; use target full gate
SAB_PVW_KERNEL_TEST begin RGSW_monomial r=4 case=encrypted-selector bit0
SAB_PVW isolated RGSW_monomial lane equivalence encrypted-selector bit0 r=4 r_prec=1: Pass
SAB_PVW_KERNEL_TEST begin RGSW_monomial r=4 case=encrypted-selector bit1
SAB_PVW isolated RGSW_monomial lane equivalence encrypted-selector bit1 r=4 r_prec=1: Pass
SAB_PVW_KERNEL_TEST begin RGSW_monomial r=4 case=trivial-selector multibit
SAB_PVW isolated RGSW_monomial lane equivalence trivial-selector multibit r=4 r_prec=3: Pass
SAB_PVW_KERNEL_TEST begin RGSW_monomial r=4 case=full-encrypted multibit
SAB_PVW isolated RGSW_monomial lane equivalence full-encrypted multibit r=4 r_prec=3: Pass
SAB_PVW_KERNEL_TEST skip small-N sparse/bootstrap r=4 backend=spqlios_avx512 reason=N=16 staged TRLWE key helpers are not supported by this backend; use target full gate
MAT_TRGSW/PVW staged kernel test: Pass
MAT_TRGSW microbench r=1 reps=1000 avg_us=6 lane_avg_us=6
MAT_TRGSW microbench r=2 reps=1000 avg_us=9 lane_avg_us=4
MAT_TRGSW microbench r=4 reps=1000 avg_us=25 lane_avg_us=6
MAT_TRGSW vs scalar r=1 reps=1000 scalar_repeated_avg_us=7.213 scalar_lane_avg_us=7.213 mat_avg_us=7.168 mat_lane_avg_us=7.168 speedup_vs_scalar_repeated=1.006x
MAT_TRGSW vs scalar r=2 reps=1000 scalar_repeated_avg_us=15.386 scalar_lane_avg_us=7.693 mat_avg_us=12.551 mat_lane_avg_us=6.276 speedup_vs_scalar_repeated=1.226x
MAT_TRGSW vs scalar r=4 reps=1000 scalar_repeated_avg_us=38.324 scalar_lane_avg_us=9.581 mat_avg_us=24.198 mat_lane_avg_us=6.050 speedup_vs_scalar_repeated=1.584x
MAT_TRGSW_FULL vs scalar_full r=1 reps=1000 scalar_repeated_avg_us=11.162 scalar_lane_avg_us=11.162 mat_avg_us=12.967 mat_lane_avg_us=12.967 speedup_vs_scalar_repeated=0.861x
MAT_TRGSW_FULL vs scalar_full r=2 reps=1000 scalar_repeated_avg_us=29.434 scalar_lane_avg_us=14.717 mat_avg_us=20.318 mat_lane_avg_us=10.159 speedup_vs_scalar_repeated=1.449x
MAT_TRGSW_FULL vs scalar_full r=4 reps=1000 scalar_repeated_avg_us=53.687 scalar_lane_avg_us=13.422 mat_avg_us=36.251 mat_lane_avg_us=9.063 speedup_vs_scalar_repeated=1.481x
EP_BREAKDOWN scalar_repeated r=1 reps=1000 phase_sum_avg_us=6.814 alloc_avg_us=0.000 alloc_pct=0.00 decompose_avg_us=0.813 decompose_pct=11.93 dft_avg_us=4.083 dft_pct=59.92 clear_avg_us=0.000 clear_pct=0.00 mul_avg_us=1.918 mul_pct=28.15 free_avg_us=0.000 free_pct=0.00
EP_BREAKDOWN mat_shared_mask r=1 reps=1000 phase_sum_avg_us=6.887 alloc_avg_us=0.000 alloc_pct=0.00 decompose_avg_us=0.778 decompose_pct=11.30 dft_avg_us=4.233 dft_pct=61.46 clear_avg_us=0.000 clear_pct=0.00 mul_avg_us=1.876 mul_pct=27.24 free_avg_us=0.000 free_pct=0.00
EP_BREAKDOWN scalar_repeated r=2 reps=1000 phase_sum_avg_us=15.492 alloc_avg_us=0.000 alloc_pct=0.00 decompose_avg_us=2.295 decompose_pct=14.81 dft_avg_us=8.436 dft_pct=54.45 clear_avg_us=0.000 clear_pct=0.00 mul_avg_us=4.761 mul_pct=30.73 free_avg_us=0.000 free_pct=0.00
EP_BREAKDOWN mat_shared_mask r=2 reps=1000 phase_sum_avg_us=13.276 alloc_avg_us=0.000 alloc_pct=0.00 decompose_avg_us=1.704 decompose_pct=12.84 dft_avg_us=6.742 dft_pct=50.78 clear_avg_us=0.000 clear_pct=0.00 mul_avg_us=4.830 mul_pct=36.38 free_avg_us=0.000 free_pct=0.00
EP_BREAKDOWN scalar_repeated r=4 reps=1000 phase_sum_avg_us=35.009 alloc_avg_us=0.000 alloc_pct=0.00 decompose_avg_us=5.085 decompose_pct=14.52 dft_avg_us=19.312 dft_pct=55.16 clear_avg_us=0.000 clear_pct=0.00 mul_avg_us=10.612 mul_pct=30.31 free_avg_us=0.000 free_pct=0.00
EP_BREAKDOWN mat_shared_mask r=4 reps=1000 phase_sum_avg_us=29.472 alloc_avg_us=0.000 alloc_pct=0.00 decompose_avg_us=3.379 decompose_pct=11.47 dft_avg_us=12.161 dft_pct=41.26 clear_avg_us=0.000 clear_pct=0.00 mul_avg_us=13.932 mul_pct=47.27 free_avg_us=0.000 free_pct=0.00
