SAB_PVW isolated CMUX/NCMUX lane equivalence r=1: Pass
SAB_PVW isolated CMUX/NCMUX lane equivalence r=2: Pass
SAB_PVW isolated CMUX/NCMUX lane equivalence r=4: Pass
SAB_PVW_KERNEL_TEST begin RGSW_monomial r=1 case=encrypted-selector bit0
SAB_PVW isolated RGSW_monomial lane equivalence encrypted-selector bit0 r=1 r_prec=1: Pass
SAB_PVW_KERNEL_TEST begin RGSW_monomial r=1 case=encrypted-selector bit1
SAB_PVW isolated RGSW_monomial lane equivalence encrypted-selector bit1 r=1 r_prec=1: Pass
SAB_PVW_KERNEL_TEST begin RGSW_monomial r=1 case=trivial-selector multibit
SAB_PVW isolated RGSW_monomial lane equivalence trivial-selector multibit r=1 r_prec=3: Pass
SAB_PVW_KERNEL_TEST begin RGSW_monomial r=1 case=full-encrypted multibit
SAB_PVW isolated RGSW_monomial lane equivalence full-encrypted multibit r=1 r_prec=3: Pass
SAB_PVW_KERNEL_TEST skip small-N sparse/bootstrap r=1 backend=spqlios_avx512 reason=N=16 staged TRLWE key helpers are not supported by this backend; use target full gate
SAB_PVW_KERNEL_TEST begin RGSW_monomial r=2 case=encrypted-selector bit0
SAB_PVW isolated RGSW_monomial lane equivalence encrypted-selector bit0 r=2 r_prec=1: Pass
SAB_PVW_KERNEL_TEST begin RGSW_monomial r=2 case=encrypted-selector bit1
SAB_PVW isolated RGSW_monomial lane equivalence encrypted-selector bit1 r=2 r_prec=1: Pass
SAB_PVW_KERNEL_TEST begin RGSW_monomial r=2 case=trivial-selector multibit
SAB_PVW isolated RGSW_monomial lane equivalence trivial-selector multibit r=2 r_prec=3: Pass
SAB_PVW_KERNEL_TEST begin RGSW_monomial r=2 case=full-encrypted multibit
SAB_PVW isolated RGSW_monomial lane equivalence full-encrypted multibit r=2 r_prec=3: Pass
SAB_PVW_KERNEL_TEST skip small-N sparse/bootstrap r=2 backend=spqlios_avx512 reason=N=16 staged TRLWE key helpers are not supported by this backend; use target full gate
SAB_PVW_KERNEL_TEST begin RGSW_monomial r=4 case=encrypted-selector bit0
SAB_PVW isolated RGSW_monomial lane equivalence encrypted-selector bit0 r=4 r_prec=1: Pass
SAB_PVW_KERNEL_TEST begin RGSW_monomial r=4 case=encrypted-selector bit1
SAB_PVW isolated RGSW_monomial lane equivalence encrypted-selector bit1 r=4 r_prec=1: Pass
SAB_PVW_KERNEL_TEST begin RGSW_monomial r=4 case=trivial-selector multibit
SAB_PVW isolated RGSW_monomial lane equivalence trivial-selector multibit r=4 r_prec=3: Pass
SAB_PVW_KERNEL_TEST begin RGSW_monomial r=4 case=full-encrypted multibit
SAB_PVW isolated RGSW_monomial lane equivalence full-encrypted multibit r=4 r_prec=3: Pass
SAB_PVW_KERNEL_TEST skip small-N sparse/bootstrap r=4 backend=spqlios_avx512 reason=N=16 staged TRLWE key helpers are not supported by this backend; use target full gate
MAT_TRGSW/PVW staged kernel test: Pass
MAT_TRGSW microbench r=1 reps=1000 avg_us=5 lane_avg_us=5
MAT_TRGSW microbench r=2 reps=1000 avg_us=9 lane_avg_us=4
MAT_TRGSW microbench r=4 reps=1000 avg_us=22 lane_avg_us=5
MAT_TRGSW vs scalar r=1 reps=1000 scalar_repeated_avg_us=7.137 scalar_lane_avg_us=7.137 mat_avg_us=5.415 mat_lane_avg_us=5.415 speedup_vs_scalar_repeated=1.318x
MAT_TRGSW vs scalar r=2 reps=1000 scalar_repeated_avg_us=11.423 scalar_lane_avg_us=5.712 mat_avg_us=8.339 mat_lane_avg_us=4.170 speedup_vs_scalar_repeated=1.370x
MAT_TRGSW vs scalar r=4 reps=1000 scalar_repeated_avg_us=23.716 scalar_lane_avg_us=5.929 mat_avg_us=21.046 mat_lane_avg_us=5.261 speedup_vs_scalar_repeated=1.127x
MAT_TRGSW_FULL vs scalar_full r=1 reps=1000 scalar_repeated_avg_us=10.919 scalar_lane_avg_us=10.919 mat_avg_us=10.566 mat_lane_avg_us=10.566 speedup_vs_scalar_repeated=1.033x
MAT_TRGSW_FULL vs scalar_full r=2 reps=1000 scalar_repeated_avg_us=22.000 scalar_lane_avg_us=11.000 mat_avg_us=15.383 mat_lane_avg_us=7.691 speedup_vs_scalar_repeated=1.430x
MAT_TRGSW_FULL vs scalar_full r=4 reps=1000 scalar_repeated_avg_us=48.127 scalar_lane_avg_us=12.032 mat_avg_us=32.143 mat_lane_avg_us=8.036 speedup_vs_scalar_repeated=1.497x
EP_BREAKDOWN scalar_repeated r=1 reps=1000 phase_sum_avg_us=6.939 alloc_avg_us=0.000 alloc_pct=0.00 decompose_avg_us=0.918 decompose_pct=13.23 dft_avg_us=4.111 dft_pct=59.24 clear_avg_us=0.000 clear_pct=0.00 mul_avg_us=1.910 mul_pct=27.53 free_avg_us=0.000 free_pct=0.00
EP_BREAKDOWN mat_shared_mask r=1 reps=1000 phase_sum_avg_us=7.094 alloc_avg_us=0.000 alloc_pct=0.00 decompose_avg_us=0.839 decompose_pct=11.83 dft_avg_us=4.306 dft_pct=60.70 clear_avg_us=0.000 clear_pct=0.00 mul_avg_us=1.949 mul_pct=27.47 free_avg_us=0.000 free_pct=0.00
EP_BREAKDOWN scalar_repeated r=2 reps=1000 phase_sum_avg_us=15.436 alloc_avg_us=0.000 alloc_pct=0.00 decompose_avg_us=2.321 decompose_pct=15.04 dft_avg_us=8.432 dft_pct=54.63 clear_avg_us=0.000 clear_pct=0.00 mul_avg_us=4.683 mul_pct=30.34 free_avg_us=0.000 free_pct=0.00
EP_BREAKDOWN mat_shared_mask r=2 reps=1000 phase_sum_avg_us=13.204 alloc_avg_us=0.000 alloc_pct=0.00 decompose_avg_us=1.671 decompose_pct=12.66 dft_avg_us=6.705 dft_pct=50.78 clear_avg_us=0.000 clear_pct=0.00 mul_avg_us=4.828 mul_pct=36.56 free_avg_us=0.000 free_pct=0.00
EP_BREAKDOWN scalar_repeated r=4 reps=1000 phase_sum_avg_us=31.731 alloc_avg_us=0.000 alloc_pct=0.00 decompose_avg_us=4.960 decompose_pct=15.63 dft_avg_us=16.980 dft_pct=53.51 clear_avg_us=0.000 clear_pct=0.00 mul_avg_us=9.791 mul_pct=30.86 free_avg_us=0.000 free_pct=0.00
EP_BREAKDOWN mat_shared_mask r=4 reps=1000 phase_sum_avg_us=26.810 alloc_avg_us=0.000 alloc_pct=0.00 decompose_avg_us=2.990 decompose_pct=11.15 dft_avg_us=10.676 dft_pct=39.82 clear_avg_us=0.000 clear_pct=0.00 mul_avg_us=13.144 mul_pct=49.03 free_avg_us=0.000 free_pct=0.00
