SAB_PVW isolated CMUX/NCMUX lane equivalence r=1: Pass
SAB_PVW isolated CMUX/NCMUX lane equivalence r=2: Pass
SAB_PVW isolated CMUX/NCMUX lane equivalence r=4: Pass
SAB_PVW_KERNEL_TEST begin RGSW_monomial r=1 case=encrypted-selector bit0
SAB_PVW isolated RGSW_monomial lane equivalence encrypted-selector bit0 r=1 r_prec=1: Pass
SAB_PVW_KERNEL_TEST begin RGSW_monomial r=1 case=encrypted-selector bit1
SAB_PVW isolated RGSW_monomial lane equivalence encrypted-selector bit1 r=1 r_prec=1: Pass
SAB_PVW_KERNEL_TEST begin RGSW_monomial r=1 case=trivial-selector multibit
SAB_PVW isolated RGSW_monomial lane equivalence trivial-selector multibit r=1 r_prec=3: Pass
SAB_PVW_KERNEL_TEST begin RGSW_monomial r=1 case=full-encrypted multibit
SAB_PVW isolated RGSW_monomial lane equivalence full-encrypted multibit r=1 r_prec=3: Pass
SAB_PVW_KERNEL_TEST skip small-N sparse/bootstrap r=1 backend=spqlios_avx512 reason=N=16 staged TRLWE key helpers are not supported by this backend; use target full gate
SAB_PVW_KERNEL_TEST begin RGSW_monomial r=2 case=encrypted-selector bit0
SAB_PVW isolated RGSW_monomial lane equivalence encrypted-selector bit0 r=2 r_prec=1: Pass
SAB_PVW_KERNEL_TEST begin RGSW_monomial r=2 case=encrypted-selector bit1
SAB_PVW isolated RGSW_monomial lane equivalence encrypted-selector bit1 r=2 r_prec=1: Pass
SAB_PVW_KERNEL_TEST begin RGSW_monomial r=2 case=trivial-selector multibit
SAB_PVW isolated RGSW_monomial lane equivalence trivial-selector multibit r=2 r_prec=3: Pass
SAB_PVW_KERNEL_TEST begin RGSW_monomial r=2 case=full-encrypted multibit
SAB_PVW isolated RGSW_monomial lane equivalence full-encrypted multibit r=2 r_prec=3: Pass
SAB_PVW_KERNEL_TEST skip small-N sparse/bootstrap r=2 backend=spqlios_avx512 reason=N=16 staged TRLWE key helpers are not supported by this backend; use target full gate
SAB_PVW_KERNEL_TEST begin RGSW_monomial r=4 case=encrypted-selector bit0
SAB_PVW isolated RGSW_monomial lane equivalence encrypted-selector bit0 r=4 r_prec=1: Pass
SAB_PVW_KERNEL_TEST begin RGSW_monomial r=4 case=encrypted-selector bit1
SAB_PVW isolated RGSW_monomial lane equivalence encrypted-selector bit1 r=4 r_prec=1: Pass
SAB_PVW_KERNEL_TEST begin RGSW_monomial r=4 case=trivial-selector multibit
SAB_PVW isolated RGSW_monomial lane equivalence trivial-selector multibit r=4 r_prec=3: Pass
SAB_PVW_KERNEL_TEST begin RGSW_monomial r=4 case=full-encrypted multibit
SAB_PVW isolated RGSW_monomial lane equivalence full-encrypted multibit r=4 r_prec=3: Pass
SAB_PVW_KERNEL_TEST skip small-N sparse/bootstrap r=4 backend=spqlios_avx512 reason=N=16 staged TRLWE key helpers are not supported by this backend; use target full gate
MAT_TRGSW/PVW staged kernel test: Pass
MAT_TRGSW microbench r=1 reps=1000 avg_us=6 lane_avg_us=6
MAT_TRGSW microbench r=2 reps=1000 avg_us=11 lane_avg_us=5
MAT_TRGSW microbench r=4 reps=1000 avg_us=27 lane_avg_us=6
MAT_TRGSW vs scalar r=1 reps=1000 scalar_repeated_avg_us=7.374 scalar_lane_avg_us=7.374 mat_avg_us=6.979 mat_lane_avg_us=6.979 speedup_vs_scalar_repeated=1.057x
MAT_TRGSW vs scalar r=2 reps=1000 scalar_repeated_avg_us=14.146 scalar_lane_avg_us=7.073 mat_avg_us=11.026 mat_lane_avg_us=5.513 speedup_vs_scalar_repeated=1.283x
MAT_TRGSW vs scalar r=4 reps=1000 scalar_repeated_avg_us=31.815 scalar_lane_avg_us=7.954 mat_avg_us=22.544 mat_lane_avg_us=5.636 speedup_vs_scalar_repeated=1.411x
MAT_TRGSW_FULL vs scalar_full r=1 reps=1000 scalar_repeated_avg_us=11.785 scalar_lane_avg_us=11.785 mat_avg_us=11.730 mat_lane_avg_us=11.730 speedup_vs_scalar_repeated=1.005x
MAT_TRGSW_FULL vs scalar_full r=2 reps=1000 scalar_repeated_avg_us=24.062 scalar_lane_avg_us=12.031 mat_avg_us=15.926 mat_lane_avg_us=7.963 speedup_vs_scalar_repeated=1.511x
MAT_TRGSW_FULL vs scalar_full r=4 reps=1000 scalar_repeated_avg_us=49.221 scalar_lane_avg_us=12.305 mat_avg_us=33.742 mat_lane_avg_us=8.435 speedup_vs_scalar_repeated=1.459x
EP_BREAKDOWN scalar_repeated r=1 reps=1000 phase_sum_avg_us=6.645 alloc_avg_us=0.000 alloc_pct=0.00 decompose_avg_us=0.822 decompose_pct=12.37 dft_avg_us=4.041 dft_pct=60.81 clear_avg_us=0.000 clear_pct=0.00 mul_avg_us=1.782 mul_pct=26.82 free_avg_us=0.000 free_pct=0.00
EP_BREAKDOWN mat_shared_mask r=1 reps=1000 phase_sum_avg_us=6.628 alloc_avg_us=0.000 alloc_pct=0.00 decompose_avg_us=0.791 decompose_pct=11.93 dft_avg_us=4.052 dft_pct=61.13 clear_avg_us=0.000 clear_pct=0.00 mul_avg_us=1.785 mul_pct=26.93 free_avg_us=0.000 free_pct=0.00
EP_BREAKDOWN scalar_repeated r=2 reps=1000 phase_sum_avg_us=14.809 alloc_avg_us=0.000 alloc_pct=0.00 decompose_avg_us=2.124 decompose_pct=14.34 dft_avg_us=8.175 dft_pct=55.20 clear_avg_us=0.000 clear_pct=0.00 mul_avg_us=4.510 mul_pct=30.45 free_avg_us=0.000 free_pct=0.00
EP_BREAKDOWN mat_shared_mask r=2 reps=1000 phase_sum_avg_us=12.143 alloc_avg_us=0.000 alloc_pct=0.00 decompose_avg_us=1.553 decompose_pct=12.79 dft_avg_us=6.071 dft_pct=50.00 clear_avg_us=0.000 clear_pct=0.00 mul_avg_us=4.519 mul_pct=37.21 free_avg_us=0.000 free_pct=0.00
EP_BREAKDOWN scalar_repeated r=4 reps=1000 phase_sum_avg_us=31.200 alloc_avg_us=0.000 alloc_pct=0.00 decompose_avg_us=4.669 decompose_pct=14.96 dft_avg_us=16.609 dft_pct=53.23 clear_avg_us=0.000 clear_pct=0.00 mul_avg_us=9.922 mul_pct=31.80 free_avg_us=0.000 free_pct=0.00
EP_BREAKDOWN mat_shared_mask r=4 reps=1000 phase_sum_avg_us=26.265 alloc_avg_us=0.000 alloc_pct=0.00 decompose_avg_us=3.125 decompose_pct=11.90 dft_avg_us=10.714 dft_pct=40.79 clear_avg_us=0.000 clear_pct=0.00 mul_avg_us=12.426 mul_pct=47.31 free_avg_us=0.000 free_pct=0.00
