SAB_PVW_STAGE_NOISE trial target_full r=4 trial=0 complete
SAB_PVW_STAGE_NOISE lane stage=blind_rotate_coeff0 r=4 lane=0 trials=1 pair_failures=0 pair_log2_sigma_torus=-15.132 pair_log2_max_abs_torus=-13.092
SAB_PVW_STAGE_NOISE lane stage=blind_rotate_coeff0 r=4 lane=1 trials=1 pair_failures=0 pair_log2_sigma_torus=-15.008 pair_log2_max_abs_torus=-12.944
SAB_PVW_STAGE_NOISE lane stage=blind_rotate_coeff0 r=4 lane=2 trials=1 pair_failures=0 pair_log2_sigma_torus=-15.156 pair_log2_max_abs_torus=-13.329
SAB_PVW_STAGE_NOISE lane stage=blind_rotate_coeff0 r=4 lane=3 trials=1 pair_failures=0 pair_log2_sigma_torus=-15.302 pair_log2_max_abs_torus=-13.468
SAB_PVW_STAGE_NOISE summary stage=blind_rotate_coeff0 r=4 trials=1 points=8192 pair_failures=0 pair_log2_sigma_torus=-15.142 pair_log2_max_abs_torus=-12.944
SAB_PVW_STAGE_NOISE lane stage=extract r=4 lane=0 trials=1 pair_failures=0 pair_log2_sigma_torus=-15.132 pair_log2_max_abs_torus=-13.092
SAB_PVW_STAGE_NOISE lane stage=extract r=4 lane=1 trials=1 pair_failures=0 pair_log2_sigma_torus=-15.008 pair_log2_max_abs_torus=-12.944
SAB_PVW_STAGE_NOISE lane stage=extract r=4 lane=2 trials=1 pair_failures=0 pair_log2_sigma_torus=-15.156 pair_log2_max_abs_torus=-13.329
SAB_PVW_STAGE_NOISE lane stage=extract r=4 lane=3 trials=1 pair_failures=0 pair_log2_sigma_torus=-15.302 pair_log2_max_abs_torus=-13.468
SAB_PVW_STAGE_NOISE summary stage=extract r=4 trials=1 points=8192 pair_failures=0 pair_log2_sigma_torus=-15.142 pair_log2_max_abs_torus=-12.944
SAB_PVW_STAGE_NOISE lane stage=materialize_tlwe r=4 lane=0 trials=1 pair_failures=0 pair_log2_sigma_torus=-15.132 pair_log2_max_abs_torus=-13.092
SAB_PVW_STAGE_NOISE lane stage=materialize_tlwe r=4 lane=1 trials=1 pair_failures=0 pair_log2_sigma_torus=-15.008 pair_log2_max_abs_torus=-12.944
SAB_PVW_STAGE_NOISE lane stage=materialize_tlwe r=4 lane=2 trials=1 pair_failures=0 pair_log2_sigma_torus=-15.156 pair_log2_max_abs_torus=-13.329
SAB_PVW_STAGE_NOISE lane stage=materialize_tlwe r=4 lane=3 trials=1 pair_failures=0 pair_log2_sigma_torus=-15.302 pair_log2_max_abs_torus=-13.468
SAB_PVW_STAGE_NOISE summary stage=materialize_tlwe r=4 trials=1 points=8192 pair_failures=0 pair_log2_sigma_torus=-15.142 pair_log2_max_abs_torus=-12.944
SAB_PVW_STAGE_NOISE lane stage=packing_ks r=4 lane=0 trials=1 pair_failures=0 pair_log2_sigma_torus=-15.129 pair_log2_max_abs_torus=-13.104
SAB_PVW_STAGE_NOISE lane stage=packing_ks r=4 lane=1 trials=1 pair_failures=0 pair_log2_sigma_torus=-15.009 pair_log2_max_abs_torus=-12.963
SAB_PVW_STAGE_NOISE lane stage=packing_ks r=4 lane=2 trials=1 pair_failures=0 pair_log2_sigma_torus=-15.157 pair_log2_max_abs_torus=-13.321
SAB_PVW_STAGE_NOISE lane stage=packing_ks r=4 lane=3 trials=1 pair_failures=0 pair_log2_sigma_torus=-15.303 pair_log2_max_abs_torus=-13.497
SAB_PVW_STAGE_NOISE summary stage=packing_ks r=4 trials=1 points=8192 pair_failures=0 pair_log2_sigma_torus=-15.142 pair_log2_max_abs_torus=-12.963
SAB_PVW_STAGE_NOISE lane stage=hw_ks r=4 lane=0 trials=1 pair_failures=0 pair_log2_sigma_torus=-8.029 pair_log2_max_abs_torus=-6.051
SAB_PVW_STAGE_NOISE lane stage=hw_ks r=4 lane=1 trials=1 pair_failures=0 pair_log2_sigma_torus=-8.040 pair_log2_max_abs_torus=-6.098
SAB_PVW_STAGE_NOISE lane stage=hw_ks r=4 lane=2 trials=1 pair_failures=0 pair_log2_sigma_torus=-8.081 pair_log2_max_abs_torus=-6.325
SAB_PVW_STAGE_NOISE lane stage=hw_ks r=4 lane=3 trials=1 pair_failures=0 pair_log2_sigma_torus=-8.033 pair_log2_max_abs_torus=-6.037
SAB_PVW_STAGE_NOISE summary stage=hw_ks r=4 trials=1 points=8192 pair_failures=0 pair_log2_sigma_torus=-8.046 pair_log2_max_abs_torus=-6.037
SAB_PVW_STAGE_NOISE target full bootstrap stage gate: Pass
