SAB_PVW_NONBINARY_RESOURCE config full_smoke mode=include_zero r=4 trials=3 in_N=16 out_N=1024 h=2 r_prec=3 ell_packing=2 b_packing=14 ell_hw=12 b_hw=1
SAB_PVW_NONBINARY_RESOURCE base_keygen full_smoke mode=include_zero r=4 input_keygen_us=3243 packing_keygen_us=1 pvw_secret_keygen_us=6988
SAB_PVW_NONBINARY_RESOURCE key_bytes full_smoke mode=include_zero r=4 pvw_estimated_key_bytes=5026608 scalar_one_estimated_key_bytes=1062880 scalar_repeated_estimated_key_bytes=4251520 pvw_vs_scalar_repeated_ratio=1.182308 estimate_scope=public_bootstrap_key_includes_nonbinary_selector_family
SAB_PVW_NONBINARY_RESOURCE keygen full_smoke mode=include_zero r=4 pvw_sab_keygen_us=101820
SAB_PVW_NONBINARY_RESOURCE rss full_smoke mode=include_zero r=4 label=after_pvw_sab_keygen vmrss_kb=10140 vmhwm_kb=10140
SAB_PVW_NONBINARY_RESOURCE keygen full_smoke mode=include_zero r=4 scalar_repeated_sab_keygen_us=84826 scalar_lane_avg_keygen_us=21206.500
SAB_PVW_NONBINARY_RESOURCE rss full_smoke mode=include_zero r=4 label=after_scalar_repeated_sab_keygen vmrss_kb=17384 vmhwm_kb=17384
SAB_PVW_NONBINARY_FULL_NOISE trial mode=include_zero r=4 trial=0 complete
SAB_PVW_NONBINARY_FULL_NOISE trial mode=include_zero r=4 trial=1 complete
SAB_PVW_NONBINARY_FULL_NOISE trial mode=include_zero r=4 trial=2 complete
SAB_PVW_NONBINARY_FULL_NOISE lane mode=include_zero r=4 lane=0 trials=3 points=48 pvw_failures=0 scalar_failures=0 pair_failures=0 pvw_log2_sigma_torus=-11.607 scalar_log2_sigma_torus=-11.433 pair_log2_sigma_torus=-11.475 pair_log2_max_abs_torus=-9.906
SAB_PVW_NONBINARY_FULL_NOISE lane mode=include_zero r=4 lane=1 trials=3 points=48 pvw_failures=0 scalar_failures=0 pair_failures=0 pvw_log2_sigma_torus=-11.843 scalar_log2_sigma_torus=-12.011 pair_log2_sigma_torus=-11.319 pair_log2_max_abs_torus=-10.496
SAB_PVW_NONBINARY_FULL_NOISE lane mode=include_zero r=4 lane=2 trials=3 points=48 pvw_failures=0 scalar_failures=0 pair_failures=0 pvw_log2_sigma_torus=-11.569 scalar_log2_sigma_torus=-11.569 pair_log2_sigma_torus=-11.393 pair_log2_max_abs_torus=-10.138
SAB_PVW_NONBINARY_FULL_NOISE lane mode=include_zero r=4 lane=3 trials=3 points=48 pvw_failures=0 scalar_failures=0 pair_failures=0 pvw_log2_sigma_torus=-11.880 scalar_log2_sigma_torus=-11.849 pair_log2_sigma_torus=-11.390 pair_log2_max_abs_torus=-10.217
SAB_PVW_NONBINARY_STAGE_NOISE lane mode=include_zero stage=blind_rotate_coeff0 r=4 lane=0 trials=3 points=48 pair_failures=0 pair_log2_sigma_torus=-13.429 pair_log2_max_abs_torus=-12.807
SAB_PVW_NONBINARY_STAGE_NOISE lane mode=include_zero stage=blind_rotate_coeff0 r=4 lane=1 trials=3 points=48 pair_failures=0 pair_log2_sigma_torus=-13.333 pair_log2_max_abs_torus=-12.750
SAB_PVW_NONBINARY_STAGE_NOISE lane mode=include_zero stage=blind_rotate_coeff0 r=4 lane=2 trials=3 points=48 pair_failures=0 pair_log2_sigma_torus=-13.266 pair_log2_max_abs_torus=-12.643
SAB_PVW_NONBINARY_STAGE_NOISE lane mode=include_zero stage=blind_rotate_coeff0 r=4 lane=3 trials=3 points=48 pair_failures=0 pair_log2_sigma_torus=-13.322 pair_log2_max_abs_torus=-12.739
SAB_PVW_NONBINARY_STAGE_NOISE summary mode=include_zero stage=blind_rotate_coeff0 r=4 trials=3 points=192 pair_failures=0 pair_log2_sigma_torus=-13.335 pair_log2_max_abs_torus=-12.643
SAB_PVW_NONBINARY_STAGE_NOISE lane mode=include_zero stage=extract r=4 lane=0 trials=3 points=48 pair_failures=0 pair_log2_sigma_torus=-13.429 pair_log2_max_abs_torus=-12.807
SAB_PVW_NONBINARY_STAGE_NOISE lane mode=include_zero stage=extract r=4 lane=1 trials=3 points=48 pair_failures=0 pair_log2_sigma_torus=-13.333 pair_log2_max_abs_torus=-12.750
SAB_PVW_NONBINARY_STAGE_NOISE lane mode=include_zero stage=extract r=4 lane=2 trials=3 points=48 pair_failures=0 pair_log2_sigma_torus=-13.266 pair_log2_max_abs_torus=-12.643
SAB_PVW_NONBINARY_STAGE_NOISE lane mode=include_zero stage=extract r=4 lane=3 trials=3 points=48 pair_failures=0 pair_log2_sigma_torus=-13.322 pair_log2_max_abs_torus=-12.739
SAB_PVW_NONBINARY_STAGE_NOISE summary mode=include_zero stage=extract r=4 trials=3 points=192 pair_failures=0 pair_log2_sigma_torus=-13.335 pair_log2_max_abs_torus=-12.643
SAB_PVW_NONBINARY_STAGE_NOISE lane mode=include_zero stage=materialize_tlwe r=4 lane=0 trials=3 points=48 pair_failures=0 pair_log2_sigma_torus=-13.429 pair_log2_max_abs_torus=-12.807
SAB_PVW_NONBINARY_STAGE_NOISE lane mode=include_zero stage=materialize_tlwe r=4 lane=1 trials=3 points=48 pair_failures=0 pair_log2_sigma_torus=-13.333 pair_log2_max_abs_torus=-12.750
SAB_PVW_NONBINARY_STAGE_NOISE lane mode=include_zero stage=materialize_tlwe r=4 lane=2 trials=3 points=48 pair_failures=0 pair_log2_sigma_torus=-13.266 pair_log2_max_abs_torus=-12.643
SAB_PVW_NONBINARY_STAGE_NOISE lane mode=include_zero stage=materialize_tlwe r=4 lane=3 trials=3 points=48 pair_failures=0 pair_log2_sigma_torus=-13.322 pair_log2_max_abs_torus=-12.739
SAB_PVW_NONBINARY_STAGE_NOISE summary mode=include_zero stage=materialize_tlwe r=4 trials=3 points=192 pair_failures=0 pair_log2_sigma_torus=-13.335 pair_log2_max_abs_torus=-12.643
SAB_PVW_NONBINARY_STAGE_NOISE lane mode=include_zero stage=packing_ks r=4 lane=0 trials=3 points=48 pair_failures=0 pair_log2_sigma_torus=-13.428 pair_log2_max_abs_torus=-12.806
SAB_PVW_NONBINARY_STAGE_NOISE lane mode=include_zero stage=packing_ks r=4 lane=1 trials=3 points=48 pair_failures=0 pair_log2_sigma_torus=-13.332 pair_log2_max_abs_torus=-12.749
SAB_PVW_NONBINARY_STAGE_NOISE lane mode=include_zero stage=packing_ks r=4 lane=2 trials=3 points=48 pair_failures=0 pair_log2_sigma_torus=-13.266 pair_log2_max_abs_torus=-12.643
SAB_PVW_NONBINARY_STAGE_NOISE lane mode=include_zero stage=packing_ks r=4 lane=3 trials=3 points=48 pair_failures=0 pair_log2_sigma_torus=-13.321 pair_log2_max_abs_torus=-12.738
SAB_PVW_NONBINARY_STAGE_NOISE summary mode=include_zero stage=packing_ks r=4 trials=3 points=192 pair_failures=0 pair_log2_sigma_torus=-13.334 pair_log2_max_abs_torus=-12.643
SAB_PVW_NONBINARY_STAGE_NOISE lane mode=include_zero stage=hw_ks r=4 lane=0 trials=3 points=48 pair_failures=0 pair_log2_sigma_torus=-11.548 pair_log2_max_abs_torus=-10.440
SAB_PVW_NONBINARY_STAGE_NOISE lane mode=include_zero stage=hw_ks r=4 lane=1 trials=3 points=48 pair_failures=0 pair_log2_sigma_torus=-11.691 pair_log2_max_abs_torus=-10.520
SAB_PVW_NONBINARY_STAGE_NOISE lane mode=include_zero stage=hw_ks r=4 lane=2 trials=3 points=48 pair_failures=0 pair_log2_sigma_torus=-11.437 pair_log2_max_abs_torus=-10.017
SAB_PVW_NONBINARY_STAGE_NOISE lane mode=include_zero stage=hw_ks r=4 lane=3 trials=3 points=48 pair_failures=0 pair_log2_sigma_torus=-12.067 pair_log2_max_abs_torus=-10.843
SAB_PVW_NONBINARY_STAGE_NOISE summary mode=include_zero stage=hw_ks r=4 trials=3 points=192 pair_failures=0 pair_log2_sigma_torus=-11.650 pair_log2_max_abs_torus=-10.017
SAB_PVW_NONBINARY_FULL_NOISE summary mode=include_zero r=4 trials=3 points=192 pvw_failures=0 scalar_failures=0 pair_failures=0 pvw_log2_sigma_torus=-11.712 scalar_log2_sigma_torus=-11.681 pair_log2_sigma_torus=-11.392 pair_log2_max_abs_torus=-9.906 gate=Pass
SAB_PVW_INCLUDE_ZERO_FAST_RESOURCE full bootstrap gate: Pass
