command: /usr/bin/time -v env SAB_PVW_RESOURCE_MODE=pvw stdbuf -o0 ./main
returncode: 0
--- output ---
wsl: hKm0R localhost N?tMn??FO*g\P0R WSL?0NAT !j?_?Nv WSL
N/e?c localhost N?t?0
SAB_PVW_RESOURCE config target_full r=6 mode=pvw in_N=2048 out_N=2048 h=39 r_prec=7 ell_packing=2 b_packing=14 ell_hw=12 b_hw=1
SAB_PVW_RESOURCE base_keygen target_full r=6 input_keygen_us=3347 packing_keygen_us=52 pvw_secret_keygen_us=4094
SAB_PVW_RESOURCE key_bytes target_full r=6 pvw_estimated_key_bytes=1032871032 scalar_one_estimated_key_bytes=153353608 scalar_repeated_estimated_key_bytes=920121648 pvw_vs_scalar_repeated_ratio=1.122537 estimate_scope=public_bootstrap_key_excludes_secret_keys_and_tmp
SAB_PVW_RESOURCE rss target_full r=6 mode=pvw label=after_base_keys vmrss_kb=2604 vmhwm_kb=2604
SAB_PVW_RESOURCE keygen target_full r=6 mode=pvw pvw_sab_keygen_us=4577404
SAB_PVW_RESOURCE rss target_full r=6 mode=pvw label=after_pvw_sab_keygen vmrss_kb=1191756 vmhwm_kb=1191756
SAB_PVW_RESOURCE target_full gate: Pass
	Command being timed: "env SAB_PVW_RESOURCE_MODE=pvw stdbuf -o0 ./main"
	User time (seconds): 4.06
	System time (seconds): 0.49
	Percent of CPU this job got: 98%
	Elapsed (wall clock) time (h:mm:ss or m:ss): 0:04.62
	Average shared text size (kbytes): 0
	Average unshared data size (kbytes): 0
	Average stack size (kbytes): 0
	Average total size (kbytes): 0
	Maximum resident set size (kbytes): 1191788
	Average resident set size (kbytes): 0
	Major (requiring I/O) page faults: 6
	Minor (reclaiming a frame) page faults: 297532
	Voluntary context switches: 120
	Involuntary context switches: 11
	Swaps: 0
	File system inputs: 872
	File system outputs: 0
	Socket messages sent: 0
	Socket messages received: 0
	Signals delivered: 0
	Page size (bytes): 4096
	Exit status: 0
