command: /usr/bin/time -v env SAB_PVW_RESOURCE_MODE=scalar stdbuf -o0 ./main
returncode: 0
--- output ---
wsl: hKm0R localhost N?tMn??FO*g\P0R WSL?0NAT !j?_?Nv WSL
N/e?c localhost N?t?0
SAB_PVW_RESOURCE config target_full r=6 mode=scalar in_N=2048 out_N=2048 h=39 r_prec=7 ell_packing=2 b_packing=14 ell_hw=12 b_hw=1
SAB_PVW_RESOURCE base_keygen target_full r=6 input_keygen_us=5222 packing_keygen_us=53 pvw_secret_keygen_us=4995
SAB_PVW_RESOURCE key_bytes target_full r=6 pvw_estimated_key_bytes=1032871032 scalar_one_estimated_key_bytes=153353608 scalar_repeated_estimated_key_bytes=920121648 pvw_vs_scalar_repeated_ratio=1.122537 estimate_scope=public_bootstrap_key_excludes_secret_keys_and_tmp
SAB_PVW_RESOURCE rss target_full r=6 mode=scalar label=after_base_keys vmrss_kb=2532 vmhwm_kb=2532
SAB_PVW_RESOURCE keygen target_full r=6 mode=scalar scalar_repeated_sab_keygen_us=3624098 scalar_lane_avg_keygen_us=604016.333
SAB_PVW_RESOURCE rss target_full r=6 mode=scalar label=after_scalar_repeated_sab_keygen vmrss_kb=1155812 vmhwm_kb=1155812
SAB_PVW_RESOURCE target_full gate: Pass
	Command being timed: "env SAB_PVW_RESOURCE_MODE=scalar stdbuf -o0 ./main"
	User time (seconds): 3.19
	System time (seconds): 0.43
	Percent of CPU this job got: 98%
	Elapsed (wall clock) time (h:mm:ss or m:ss): 0:03.68
	Average shared text size (kbytes): 0
	Average unshared data size (kbytes): 0
	Average stack size (kbytes): 0
	Average total size (kbytes): 0
	Maximum resident set size (kbytes): 1156164
	Average resident set size (kbytes): 0
	Major (requiring I/O) page faults: 5
	Minor (reclaiming a frame) page faults: 288647
	Voluntary context switches: 119
	Involuntary context switches: 6
	Swaps: 0
	File system inputs: 864
	File system outputs: 0
	Socket messages sent: 0
	Socket messages received: 0
	Signals delivered: 0
	Page size (bytes): 4096
	Exit status: 0
