rm -rf ./build main
mkdir -p ./build
gcc -g -c -O3 -DNDEBUG -Wall -Wno-unused-function -Wno-unused-result -funroll-all-loops -march=native -lm -DMAT_TRGSW_AVX512_SMALLR_SPECIALIZED -DMAT_TRGSW_AVX512_RGT4_FUSED -DSAB_PVW_BENCH -DSAB_PVW_BENCH_R=6 -DSAB_PVW_BENCH_REPS=1 -DSAB_PVW_ACTIVE_BUFFER_FUSION -DUSE_SPQLIOS -DAVX512_OPT -I./src/mosfhet/include -I./include/ -I./src/mosfhet/include -I./include/ src/mosfhet/src/keyswitch.c -o build/keyswitch.o
gcc -g -c -O3 -DNDEBUG -Wall -Wno-unused-function -Wno-unused-result -funroll-all-loops -march=native -lm -DMAT_TRGSW_AVX512_SMALLR_SPECIALIZED -DMAT_TRGSW_AVX512_RGT4_FUSED -DSAB_PVW_BENCH -DSAB_PVW_BENCH_R=6 -DSAB_PVW_BENCH_REPS=1 -DSAB_PVW_ACTIVE_BUFFER_FUSION -DUSE_SPQLIOS -DAVX512_OPT -I./src/mosfhet/include -I./include/ -I./src/mosfhet/include -I./include/ src/mosfhet/src/bootstrap.c -o build/bootstrap.o
gcc -g -c -O3 -DNDEBUG -Wall -Wno-unused-function -Wno-unused-result -funroll-all-loops -march=native -lm -DMAT_TRGSW_AVX512_SMALLR_SPECIALIZED -DMAT_TRGSW_AVX512_RGT4_FUSED -DSAB_PVW_BENCH -DSAB_PVW_BENCH_R=6 -DSAB_PVW_BENCH_REPS=1 -DSAB_PVW_ACTIVE_BUFFER_FUSION -DUSE_SPQLIOS -DAVX512_OPT -I./src/mosfhet/include -I./include/ -I./src/mosfhet/include -I./include/ src/mosfhet/src/bootstrap_ga.c -o build/bootstrap_ga.o
gcc -g -c -O3 -DNDEBUG -Wall -Wno-unused-function -Wno-unused-result -funroll-all-loops -march=native -lm -DMAT_TRGSW_AVX512_SMALLR_SPECIALIZED -DMAT_TRGSW_AVX512_RGT4_FUSED -DSAB_PVW_BENCH -DSAB_PVW_BENCH_R=6 -DSAB_PVW_BENCH_REPS=1 -DSAB_PVW_ACTIVE_BUFFER_FUSION -DUSE_SPQLIOS -DAVX512_OPT -I./src/mosfhet/include -I./include/ -I./src/mosfhet/include -I./include/ src/mosfhet/src/tlwe.c -o build/tlwe.o
gcc -g -c -O3 -DNDEBUG -Wall -Wno-unused-function -Wno-unused-result -funroll-all-loops -march=native -lm -DMAT_TRGSW_AVX512_SMALLR_SPECIALIZED -DMAT_TRGSW_AVX512_RGT4_FUSED -DSAB_PVW_BENCH -DSAB_PVW_BENCH_R=6 -DSAB_PVW_BENCH_REPS=1 -DSAB_PVW_ACTIVE_BUFFER_FUSION -DUSE_SPQLIOS -DAVX512_OPT -I./src/mosfhet/include -I./include/ -I./src/mosfhet/include -I./include/ src/mosfhet/src/trlwe.c -o build/trlwe.o
gcc -g -c -O3 -DNDEBUG -Wall -Wno-unused-function -Wno-unused-result -funroll-all-loops -march=native -lm -DMAT_TRGSW_AVX512_SMALLR_SPECIALIZED -DMAT_TRGSW_AVX512_RGT4_FUSED -DSAB_PVW_BENCH -DSAB_PVW_BENCH_R=6 -DSAB_PVW_BENCH_REPS=1 -DSAB_PVW_ACTIVE_BUFFER_FUSION -DUSE_SPQLIOS -DAVX512_OPT -I./src/mosfhet/include -I./include/ -I./src/mosfhet/include -I./include/ src/mosfhet/src/trgsw.c -o build/trgsw.o
gcc -g -c -O3 -DNDEBUG -Wall -Wno-unused-function -Wno-unused-result -funroll-all-loops -march=native -lm -DMAT_TRGSW_AVX512_SMALLR_SPECIALIZED -DMAT_TRGSW_AVX512_RGT4_FUSED -DSAB_PVW_BENCH -DSAB_PVW_BENCH_R=6 -DSAB_PVW_BENCH_REPS=1 -DSAB_PVW_ACTIVE_BUFFER_FUSION -DUSE_SPQLIOS -DAVX512_OPT -I./src/mosfhet/include -I./include/ -I./src/mosfhet/include -I./include/ src/mosfhet/src/misc.c -o build/misc.o
gcc -g -c -O3 -DNDEBUG -Wall -Wno-unused-function -Wno-unused-result -funroll-all-loops -march=native -lm -DMAT_TRGSW_AVX512_SMALLR_SPECIALIZED -DMAT_TRGSW_AVX512_RGT4_FUSED -DSAB_PVW_BENCH -DSAB_PVW_BENCH_R=6 -DSAB_PVW_BENCH_REPS=1 -DSAB_PVW_ACTIVE_BUFFER_FUSION -DUSE_SPQLIOS -DAVX512_OPT -I./src/mosfhet/include -I./include/ -I./src/mosfhet/include -I./include/ src/mosfhet/src/polynomial.c -o build/polynomial.o
gcc -g -c -O3 -DNDEBUG -Wall -Wno-unused-function -Wno-unused-result -funroll-all-loops -march=native -lm -DMAT_TRGSW_AVX512_SMALLR_SPECIALIZED -DMAT_TRGSW_AVX512_RGT4_FUSED -DSAB_PVW_BENCH -DSAB_PVW_BENCH_R=6 -DSAB_PVW_BENCH_REPS=1 -DSAB_PVW_ACTIVE_BUFFER_FUSION -DUSE_SPQLIOS -DAVX512_OPT -I./src/mosfhet/include -I./include/ -I./src/mosfhet/include -I./include/ src/mosfhet/src/register.c -o build/register.o
gcc -g -c -O3 -DNDEBUG -Wall -Wno-unused-function -Wno-unused-result -funroll-all-loops -march=native -lm -DMAT_TRGSW_AVX512_SMALLR_SPECIALIZED -DMAT_TRGSW_AVX512_RGT4_FUSED -DSAB_PVW_BENCH -DSAB_PVW_BENCH_R=6 -DSAB_PVW_BENCH_REPS=1 -DSAB_PVW_ACTIVE_BUFFER_FUSION -DUSE_SPQLIOS -DAVX512_OPT -I./src/mosfhet/include -I./include/ -I./src/mosfhet/include -I./include/ src/mosfhet/src/pvwtlwe.c -o build/pvwtlwe.o
gcc -g -c -O3 -DNDEBUG -Wall -Wno-unused-function -Wno-unused-result -funroll-all-loops -march=native -lm -DMAT_TRGSW_AVX512_SMALLR_SPECIALIZED -DMAT_TRGSW_AVX512_RGT4_FUSED -DSAB_PVW_BENCH -DSAB_PVW_BENCH_R=6 -DSAB_PVW_BENCH_REPS=1 -DSAB_PVW_ACTIVE_BUFFER_FUSION -DUSE_SPQLIOS -DAVX512_OPT -I./src/mosfhet/include -I./include/ -I./src/mosfhet/include -I./include/ src/mosfhet/src/sha3/fips202.c -o build/fips202.o
gcc -g -c -O3 -DNDEBUG -Wall -Wno-unused-function -Wno-unused-result -funroll-all-loops -march=native -lm -DMAT_TRGSW_AVX512_SMALLR_SPECIALIZED -DMAT_TRGSW_AVX512_RGT4_FUSED -DSAB_PVW_BENCH -DSAB_PVW_BENCH_R=6 -DSAB_PVW_BENCH_REPS=1 -DSAB_PVW_ACTIVE_BUFFER_FUSION -DUSE_SPQLIOS -DAVX512_OPT -I./src/mosfhet/include -I./include/ -I./src/mosfhet/include -I./include/ src/mosfhet/src/fft/karatsuba.c -o build/karatsuba.o
gcc -g -c -O3 -DNDEBUG -Wall -Wno-unused-function -Wno-unused-result -funroll-all-loops -march=native -lm -DMAT_TRGSW_AVX512_SMALLR_SPECIALIZED -DMAT_TRGSW_AVX512_RGT4_FUSED -DSAB_PVW_BENCH -DSAB_PVW_BENCH_R=6 -DSAB_PVW_BENCH_REPS=1 -DSAB_PVW_ACTIVE_BUFFER_FUSION -DUSE_SPQLIOS -DAVX512_OPT -I./src/mosfhet/include -I./include/ -I./src/mosfhet/include -I./include/ src/mosfhet/src/pvwtmlwe.c -o build/pvwtmlwe.o
gcc -g -c -O3 -DNDEBUG -Wall -Wno-unused-function -Wno-unused-result -funroll-all-loops -march=native -lm -DMAT_TRGSW_AVX512_SMALLR_SPECIALIZED -DMAT_TRGSW_AVX512_RGT4_FUSED -DSAB_PVW_BENCH -DSAB_PVW_BENCH_R=6 -DSAB_PVW_BENCH_REPS=1 -DSAB_PVW_ACTIVE_BUFFER_FUSION -DUSE_SPQLIOS -DAVX512_OPT -I./src/mosfhet/include -I./include/ -I./src/mosfhet/include -I./include/ src/mosfhet/src/mattrgsw.c -o build/mattrgsw.o
gcc -g -c -O3 -DNDEBUG -Wall -Wno-unused-function -Wno-unused-result -funroll-all-loops -march=native -lm -DMAT_TRGSW_AVX512_SMALLR_SPECIALIZED -DMAT_TRGSW_AVX512_RGT4_FUSED -DSAB_PVW_BENCH -DSAB_PVW_BENCH_R=6 -DSAB_PVW_BENCH_REPS=1 -DSAB_PVW_ACTIVE_BUFFER_FUSION -DUSE_SPQLIOS -DAVX512_OPT -I./src/mosfhet/include -I./include/ -I./src/mosfhet/include -I./include/ src/mosfhet/src/rnd/aes_rng.c -o build/aes_rng.o
gcc -g -c -O3 -DNDEBUG -Wall -Wno-unused-function -Wno-unused-result -funroll-all-loops -march=native -lm -DMAT_TRGSW_AVX512_SMALLR_SPECIALIZED -DMAT_TRGSW_AVX512_RGT4_FUSED -DSAB_PVW_BENCH -DSAB_PVW_BENCH_R=6 -DSAB_PVW_BENCH_REPS=1 -DSAB_PVW_ACTIVE_BUFFER_FUSION -DUSE_SPQLIOS -DAVX512_OPT -I./src/mosfhet/include -I./include/ -I./src/mosfhet/include -I./include/ src/mosfhet/src/fft/spqlios/spqlios-fft-avx512.s -o build/spqlios-fft-avx512.o
gcc -g -c -O3 -DNDEBUG -Wall -Wno-unused-function -Wno-unused-result -funroll-all-loops -march=native -lm -DMAT_TRGSW_AVX512_SMALLR_SPECIALIZED -DMAT_TRGSW_AVX512_RGT4_FUSED -DSAB_PVW_BENCH -DSAB_PVW_BENCH_R=6 -DSAB_PVW_BENCH_REPS=1 -DSAB_PVW_ACTIVE_BUFFER_FUSION -DUSE_SPQLIOS -DAVX512_OPT -I./src/mosfhet/include -I./include/ -I./src/mosfhet/include -I./include/ src/mosfhet/src/fft/spqlios/spqlios-ifft-avx512.s -o build/spqlios-ifft-avx512.o
gcc -g -c -O3 -DNDEBUG -Wall -Wno-unused-function -Wno-unused-result -funroll-all-loops -march=native -lm -DMAT_TRGSW_AVX512_SMALLR_SPECIALIZED -DMAT_TRGSW_AVX512_RGT4_FUSED -DSAB_PVW_BENCH -DSAB_PVW_BENCH_R=6 -DSAB_PVW_BENCH_REPS=1 -DSAB_PVW_ACTIVE_BUFFER_FUSION -DUSE_SPQLIOS -DAVX512_OPT -I./src/mosfhet/include -I./include/ -I./src/mosfhet/include -I./include/ src/mosfhet/src/fft/spqlios/spqlios-fft-impl-avx512.c -o build/spqlios-fft-impl-avx512.o
gcc -g -c -O3 -DNDEBUG -Wall -Wno-unused-function -Wno-unused-result -funroll-all-loops -march=native -lm -DMAT_TRGSW_AVX512_SMALLR_SPECIALIZED -DMAT_TRGSW_AVX512_RGT4_FUSED -DSAB_PVW_BENCH -DSAB_PVW_BENCH_R=6 -DSAB_PVW_BENCH_REPS=1 -DSAB_PVW_ACTIVE_BUFFER_FUSION -DUSE_SPQLIOS -DAVX512_OPT -I./src/mosfhet/include -I./include/ -I./src/mosfhet/include -I./include/ src/mosfhet/src/fft/spqlios/fft_processor_spqlios.c -o build/fft_processor_spqlios.o
gcc -g -c -O3 -fwhole-program -flto  -DNDEBUG -Wall -Wno-unused-function -Wno-unused-result -funroll-all-loops -march=native -lm -DMAT_TRGSW_AVX512_SMALLR_SPECIALIZED -DMAT_TRGSW_AVX512_RGT4_FUSED -DSAB_PVW_BENCH -DSAB_PVW_BENCH_R=6 -DSAB_PVW_BENCH_REPS=1 -DSAB_PVW_ACTIVE_BUFFER_FUSION -DUSE_SPQLIOS -DAVX512_OPT -I./src/mosfhet/include -I./include/ -I./src/mosfhet/include -I./include/ -DBINARY -DSET_2_3_2048 src/sparse_amortized_bootstrap.c -o build/sparse_amortized_bootstrap.o
gcc -g -c -O3 -fwhole-program -flto  -DNDEBUG -Wall -Wno-unused-function -Wno-unused-result -funroll-all-loops -march=native -lm -DMAT_TRGSW_AVX512_SMALLR_SPECIALIZED -DMAT_TRGSW_AVX512_RGT4_FUSED -DSAB_PVW_BENCH -DSAB_PVW_BENCH_R=6 -DSAB_PVW_BENCH_REPS=1 -DSAB_PVW_ACTIVE_BUFFER_FUSION -DUSE_SPQLIOS -DAVX512_OPT -I./src/mosfhet/include -I./include/ -I./src/mosfhet/include -I./include/ -DBINARY -DSET_2_3_2048 src/sab_profile.c -o build/sab_profile.o
gcc -g -c -O3 -fwhole-program -flto  -DNDEBUG -Wall -Wno-unused-function -Wno-unused-result -funroll-all-loops -march=native -lm -DMAT_TRGSW_AVX512_SMALLR_SPECIALIZED -DMAT_TRGSW_AVX512_RGT4_FUSED -DSAB_PVW_BENCH -DSAB_PVW_BENCH_R=6 -DSAB_PVW_BENCH_REPS=1 -DSAB_PVW_ACTIVE_BUFFER_FUSION -DUSE_SPQLIOS -DAVX512_OPT -I./src/mosfhet/include -I./include/ -I./src/mosfhet/include -I./include/ -DBINARY -DSET_2_3_2048 src/sab_pvw.c -o build/sab_pvw.o
gcc -g -c -O3 -fwhole-program -flto  -DNDEBUG -Wall -Wno-unused-function -Wno-unused-result -funroll-all-loops -march=native -lm -DMAT_TRGSW_AVX512_SMALLR_SPECIALIZED -DMAT_TRGSW_AVX512_RGT4_FUSED -DSAB_PVW_BENCH -DSAB_PVW_BENCH_R=6 -DSAB_PVW_BENCH_REPS=1 -DSAB_PVW_ACTIVE_BUFFER_FUSION -DUSE_SPQLIOS -DAVX512_OPT -I./src/mosfhet/include -I./include/ -I./src/mosfhet/include -I./include/ -DBINARY -DSET_2_3_2048 main.c -o build/main.o
gcc -g -o main build/keyswitch.o build/bootstrap.o build/bootstrap_ga.o build/tlwe.o build/trlwe.o build/trgsw.o build/misc.o build/polynomial.o build/register.o build/pvwtlwe.o build/fips202.o build/karatsuba.o build/pvwtmlwe.o build/mattrgsw.o build/aes_rng.o build/spqlios-fft-avx512.o build/spqlios-ifft-avx512.o build/spqlios-fft-impl-avx512.o build/fft_processor_spqlios.o build/sparse_amortized_bootstrap.o build/sab_profile.o build/sab_pvw.o build/main.o  -lm
/usr/bin/ld: warning: build/spqlios-ifft-avx512.o: missing .note.GNU-stack section implies executable stack
/usr/bin/ld: NOTE: This behaviour is deprecated and will be removed in a future version of the linker
SAB_PVW_BENCH correctness target_full r=6 h=39 r_prec=7: Pass
SAB_PVW_BENCH sample target_full r=6 rep=0 pvw_us=41816383 scalar_repeated_us=60928604 speedup=1.457x
SAB_PVW_BENCH summary target_full r=6 reps=1 pvw_avg_us=41816383.000 pvw_stddev_us=0.000 pvw_lane_avg_us=6969397.167 scalar_repeated_avg_us=60928604.000 scalar_stddev_us=0.000 scalar_lane_avg_us=10154767.333 speedup_vs_scalar_repeated=1.457x speedup_stddev=0.000
SAB_PVW_BENCH correctness target_full r=6 h=39 r_prec=7: Pass
SAB_PVW_BENCH sample target_full r=6 rep=0 pvw_us=42587213 scalar_repeated_us=58280163 speedup=1.368x
SAB_PVW_BENCH summary target_full r=6 reps=1 pvw_avg_us=42587213.000 pvw_stddev_us=0.000 pvw_lane_avg_us=7097868.833 scalar_repeated_avg_us=58280163.000 scalar_stddev_us=0.000 scalar_lane_avg_us=9713360.500 speedup_vs_scalar_repeated=1.368x speedup_stddev=0.000
SAB_PVW_BENCH correctness target_full r=6 h=39 r_prec=7: Pass
SAB_PVW_BENCH sample target_full r=6 rep=0 pvw_us=42459174 scalar_repeated_us=58884840 speedup=1.387x
SAB_PVW_BENCH summary target_full r=6 reps=1 pvw_avg_us=42459174.000 pvw_stddev_us=0.000 pvw_lane_avg_us=7076529.000 scalar_repeated_avg_us=58884840.000 scalar_stddev_us=0.000 scalar_lane_avg_us=9814140.000 speedup_vs_scalar_repeated=1.387x speedup_stddev=0.000
SAB_PVW_BENCH correctness target_full r=6 h=39 r_prec=7: Pass
SAB_PVW_BENCH sample target_full r=6 rep=0 pvw_us=41965344 scalar_repeated_us=58139908 speedup=1.385x
SAB_PVW_BENCH summary target_full r=6 reps=1 pvw_avg_us=41965344.000 pvw_stddev_us=0.000 pvw_lane_avg_us=6994224.000 scalar_repeated_avg_us=58139908.000 scalar_stddev_us=0.000 scalar_lane_avg_us=9689984.667 speedup_vs_scalar_repeated=1.385x speedup_stddev=0.000
SAB_PVW_BENCH correctness target_full r=6 h=39 r_prec=7: Pass
SAB_PVW_BENCH sample target_full r=6 rep=0 pvw_us=42983709 scalar_repeated_us=57896928 speedup=1.347x
SAB_PVW_BENCH summary target_full r=6 reps=1 pvw_avg_us=42983709.000 pvw_stddev_us=0.000 pvw_lane_avg_us=7163951.500 scalar_repeated_avg_us=57896928.000 scalar_stddev_us=0.000 scalar_lane_avg_us=9649488.000 speedup_vs_scalar_repeated=1.347x speedup_stddev=0.000
SAB_PVW_BENCH correctness target_full r=6 h=39 r_prec=7: Pass
SAB_PVW_BENCH sample target_full r=6 rep=0 pvw_us=42084088 scalar_repeated_us=57416151 speedup=1.364x
SAB_PVW_BENCH summary target_full r=6 reps=1 pvw_avg_us=42084088.000 pvw_stddev_us=0.000 pvw_lane_avg_us=7014014.667 scalar_repeated_avg_us=57416151.000 scalar_stddev_us=0.000 scalar_lane_avg_us=9569358.500 speedup_vs_scalar_repeated=1.364x speedup_stddev=0.000
SAB_PVW_BENCH correctness target_full r=6 h=39 r_prec=7: Pass
SAB_PVW_BENCH sample target_full r=6 rep=0 pvw_us=45239571 scalar_repeated_us=60242523 speedup=1.332x
SAB_PVW_BENCH summary target_full r=6 reps=1 pvw_avg_us=45239571.000 pvw_stddev_us=0.000 pvw_lane_avg_us=7539928.500 scalar_repeated_avg_us=60242523.000 scalar_stddev_us=0.000 scalar_lane_avg_us=10040420.500 speedup_vs_scalar_repeated=1.332x speedup_stddev=0.000
SAB_PVW_BENCH correctness target_full r=6 h=39 r_prec=7: Pass
SAB_PVW_BENCH sample target_full r=6 rep=0 pvw_us=44894400 scalar_repeated_us=58976997 speedup=1.314x
SAB_PVW_BENCH summary target_full r=6 reps=1 pvw_avg_us=44894400.000 pvw_stddev_us=0.000 pvw_lane_avg_us=7482400.000 scalar_repeated_avg_us=58976997.000 scalar_stddev_us=0.000 scalar_lane_avg_us=9829499.500 speedup_vs_scalar_repeated=1.314x speedup_stddev=0.000
SAB_PVW_BENCH correctness target_full r=6 h=39 r_prec=7: Pass
SAB_PVW_BENCH sample target_full r=6 rep=0 pvw_us=43568739 scalar_repeated_us=60323103 speedup=1.385x
SAB_PVW_BENCH summary target_full r=6 reps=1 pvw_avg_us=43568739.000 pvw_stddev_us=0.000 pvw_lane_avg_us=7261456.500 scalar_repeated_avg_us=60323103.000 scalar_stddev_us=0.000 scalar_lane_avg_us=10053850.500 speedup_vs_scalar_repeated=1.385x speedup_stddev=0.000
SAB_PVW_BENCH correctness target_full r=6 h=39 r_prec=7: Pass
SAB_PVW_BENCH sample target_full r=6 rep=0 pvw_us=44690212 scalar_repeated_us=59337305 speedup=1.328x
SAB_PVW_BENCH summary target_full r=6 reps=1 pvw_avg_us=44690212.000 pvw_stddev_us=0.000 pvw_lane_avg_us=7448368.667 scalar_repeated_avg_us=59337305.000 scalar_stddev_us=0.000 scalar_lane_avg_us=9889550.833 speedup_vs_scalar_repeated=1.328x speedup_stddev=0.000
Stage 7 benchmark sweep summary: repro/stage79_rgt4_fused_high_stat/full_sab_fused_r6_runs10/summary.csv
rm -rf ./build main
mkdir -p ./build
gcc -g -c -O3 -DNDEBUG -Wall -Wno-unused-function -Wno-unused-result -funroll-all-loops -march=native -lm -DMAT_TRGSW_AVX512_SMALLR_SPECIALIZED -DMAT_TRGSW_AVX512_RGT4_FUSED -DSAB_PVW_NOISE_TEST -DSAB_PVW_NOISE_R=6 -DSAB_PVW_NOISE_TRIALS=1 -DSAB_PVW_NOISE_MAX_LOG2_GAP=4.0 -DSAB_PVW_ACTIVE_BUFFER_FUSION -DMOSFHET_DETERMINISTIC_RNG -DMOSFHET_TEST_RNG_SEED=1 -DUSE_SPQLIOS -DAVX512_OPT -I./src/mosfhet/include -I./include/ -I./src/mosfhet/include -I./include/ src/mosfhet/src/keyswitch.c -o build/keyswitch.o
gcc -g -c -O3 -DNDEBUG -Wall -Wno-unused-function -Wno-unused-result -funroll-all-loops -march=native -lm -DMAT_TRGSW_AVX512_SMALLR_SPECIALIZED -DMAT_TRGSW_AVX512_RGT4_FUSED -DSAB_PVW_NOISE_TEST -DSAB_PVW_NOISE_R=6 -DSAB_PVW_NOISE_TRIALS=1 -DSAB_PVW_NOISE_MAX_LOG2_GAP=4.0 -DSAB_PVW_ACTIVE_BUFFER_FUSION -DMOSFHET_DETERMINISTIC_RNG -DMOSFHET_TEST_RNG_SEED=1 -DUSE_SPQLIOS -DAVX512_OPT -I./src/mosfhet/include -I./include/ -I./src/mosfhet/include -I./include/ src/mosfhet/src/bootstrap.c -o build/bootstrap.o
gcc -g -c -O3 -DNDEBUG -Wall -Wno-unused-function -Wno-unused-result -funroll-all-loops -march=native -lm -DMAT_TRGSW_AVX512_SMALLR_SPECIALIZED -DMAT_TRGSW_AVX512_RGT4_FUSED -DSAB_PVW_NOISE_TEST -DSAB_PVW_NOISE_R=6 -DSAB_PVW_NOISE_TRIALS=1 -DSAB_PVW_NOISE_MAX_LOG2_GAP=4.0 -DSAB_PVW_ACTIVE_BUFFER_FUSION -DMOSFHET_DETERMINISTIC_RNG -DMOSFHET_TEST_RNG_SEED=1 -DUSE_SPQLIOS -DAVX512_OPT -I./src/mosfhet/include -I./include/ -I./src/mosfhet/include -I./include/ src/mosfhet/src/bootstrap_ga.c -o build/bootstrap_ga.o
gcc -g -c -O3 -DNDEBUG -Wall -Wno-unused-function -Wno-unused-result -funroll-all-loops -march=native -lm -DMAT_TRGSW_AVX512_SMALLR_SPECIALIZED -DMAT_TRGSW_AVX512_RGT4_FUSED -DSAB_PVW_NOISE_TEST -DSAB_PVW_NOISE_R=6 -DSAB_PVW_NOISE_TRIALS=1 -DSAB_PVW_NOISE_MAX_LOG2_GAP=4.0 -DSAB_PVW_ACTIVE_BUFFER_FUSION -DMOSFHET_DETERMINISTIC_RNG -DMOSFHET_TEST_RNG_SEED=1 -DUSE_SPQLIOS -DAVX512_OPT -I./src/mosfhet/include -I./include/ -I./src/mosfhet/include -I./include/ src/mosfhet/src/tlwe.c -o build/tlwe.o
gcc -g -c -O3 -DNDEBUG -Wall -Wno-unused-function -Wno-unused-result -funroll-all-loops -march=native -lm -DMAT_TRGSW_AVX512_SMALLR_SPECIALIZED -DMAT_TRGSW_AVX512_RGT4_FUSED -DSAB_PVW_NOISE_TEST -DSAB_PVW_NOISE_R=6 -DSAB_PVW_NOISE_TRIALS=1 -DSAB_PVW_NOISE_MAX_LOG2_GAP=4.0 -DSAB_PVW_ACTIVE_BUFFER_FUSION -DMOSFHET_DETERMINISTIC_RNG -DMOSFHET_TEST_RNG_SEED=1 -DUSE_SPQLIOS -DAVX512_OPT -I./src/mosfhet/include -I./include/ -I./src/mosfhet/include -I./include/ src/mosfhet/src/trlwe.c -o build/trlwe.o
gcc -g -c -O3 -DNDEBUG -Wall -Wno-unused-function -Wno-unused-result -funroll-all-loops -march=native -lm -DMAT_TRGSW_AVX512_SMALLR_SPECIALIZED -DMAT_TRGSW_AVX512_RGT4_FUSED -DSAB_PVW_NOISE_TEST -DSAB_PVW_NOISE_R=6 -DSAB_PVW_NOISE_TRIALS=1 -DSAB_PVW_NOISE_MAX_LOG2_GAP=4.0 -DSAB_PVW_ACTIVE_BUFFER_FUSION -DMOSFHET_DETERMINISTIC_RNG -DMOSFHET_TEST_RNG_SEED=1 -DUSE_SPQLIOS -DAVX512_OPT -I./src/mosfhet/include -I./include/ -I./src/mosfhet/include -I./include/ src/mosfhet/src/trgsw.c -o build/trgsw.o
gcc -g -c -O3 -DNDEBUG -Wall -Wno-unused-function -Wno-unused-result -funroll-all-loops -march=native -lm -DMAT_TRGSW_AVX512_SMALLR_SPECIALIZED -DMAT_TRGSW_AVX512_RGT4_FUSED -DSAB_PVW_NOISE_TEST -DSAB_PVW_NOISE_R=6 -DSAB_PVW_NOISE_TRIALS=1 -DSAB_PVW_NOISE_MAX_LOG2_GAP=4.0 -DSAB_PVW_ACTIVE_BUFFER_FUSION -DMOSFHET_DETERMINISTIC_RNG -DMOSFHET_TEST_RNG_SEED=1 -DUSE_SPQLIOS -DAVX512_OPT -I./src/mosfhet/include -I./include/ -I./src/mosfhet/include -I./include/ src/mosfhet/src/misc.c -o build/misc.o
gcc -g -c -O3 -DNDEBUG -Wall -Wno-unused-function -Wno-unused-result -funroll-all-loops -march=native -lm -DMAT_TRGSW_AVX512_SMALLR_SPECIALIZED -DMAT_TRGSW_AVX512_RGT4_FUSED -DSAB_PVW_NOISE_TEST -DSAB_PVW_NOISE_R=6 -DSAB_PVW_NOISE_TRIALS=1 -DSAB_PVW_NOISE_MAX_LOG2_GAP=4.0 -DSAB_PVW_ACTIVE_BUFFER_FUSION -DMOSFHET_DETERMINISTIC_RNG -DMOSFHET_TEST_RNG_SEED=1 -DUSE_SPQLIOS -DAVX512_OPT -I./src/mosfhet/include -I./include/ -I./src/mosfhet/include -I./include/ src/mosfhet/src/polynomial.c -o build/polynomial.o
gcc -g -c -O3 -DNDEBUG -Wall -Wno-unused-function -Wno-unused-result -funroll-all-loops -march=native -lm -DMAT_TRGSW_AVX512_SMALLR_SPECIALIZED -DMAT_TRGSW_AVX512_RGT4_FUSED -DSAB_PVW_NOISE_TEST -DSAB_PVW_NOISE_R=6 -DSAB_PVW_NOISE_TRIALS=1 -DSAB_PVW_NOISE_MAX_LOG2_GAP=4.0 -DSAB_PVW_ACTIVE_BUFFER_FUSION -DMOSFHET_DETERMINISTIC_RNG -DMOSFHET_TEST_RNG_SEED=1 -DUSE_SPQLIOS -DAVX512_OPT -I./src/mosfhet/include -I./include/ -I./src/mosfhet/include -I./include/ src/mosfhet/src/register.c -o build/register.o
gcc -g -c -O3 -DNDEBUG -Wall -Wno-unused-function -Wno-unused-result -funroll-all-loops -march=native -lm -DMAT_TRGSW_AVX512_SMALLR_SPECIALIZED -DMAT_TRGSW_AVX512_RGT4_FUSED -DSAB_PVW_NOISE_TEST -DSAB_PVW_NOISE_R=6 -DSAB_PVW_NOISE_TRIALS=1 -DSAB_PVW_NOISE_MAX_LOG2_GAP=4.0 -DSAB_PVW_ACTIVE_BUFFER_FUSION -DMOSFHET_DETERMINISTIC_RNG -DMOSFHET_TEST_RNG_SEED=1 -DUSE_SPQLIOS -DAVX512_OPT -I./src/mosfhet/include -I./include/ -I./src/mosfhet/include -I./include/ src/mosfhet/src/pvwtlwe.c -o build/pvwtlwe.o
gcc -g -c -O3 -DNDEBUG -Wall -Wno-unused-function -Wno-unused-result -funroll-all-loops -march=native -lm -DMAT_TRGSW_AVX512_SMALLR_SPECIALIZED -DMAT_TRGSW_AVX512_RGT4_FUSED -DSAB_PVW_NOISE_TEST -DSAB_PVW_NOISE_R=6 -DSAB_PVW_NOISE_TRIALS=1 -DSAB_PVW_NOISE_MAX_LOG2_GAP=4.0 -DSAB_PVW_ACTIVE_BUFFER_FUSION -DMOSFHET_DETERMINISTIC_RNG -DMOSFHET_TEST_RNG_SEED=1 -DUSE_SPQLIOS -DAVX512_OPT -I./src/mosfhet/include -I./include/ -I./src/mosfhet/include -I./include/ src/mosfhet/src/sha3/fips202.c -o build/fips202.o
gcc -g -c -O3 -DNDEBUG -Wall -Wno-unused-function -Wno-unused-result -funroll-all-loops -march=native -lm -DMAT_TRGSW_AVX512_SMALLR_SPECIALIZED -DMAT_TRGSW_AVX512_RGT4_FUSED -DSAB_PVW_NOISE_TEST -DSAB_PVW_NOISE_R=6 -DSAB_PVW_NOISE_TRIALS=1 -DSAB_PVW_NOISE_MAX_LOG2_GAP=4.0 -DSAB_PVW_ACTIVE_BUFFER_FUSION -DMOSFHET_DETERMINISTIC_RNG -DMOSFHET_TEST_RNG_SEED=1 -DUSE_SPQLIOS -DAVX512_OPT -I./src/mosfhet/include -I./include/ -I./src/mosfhet/include -I./include/ src/mosfhet/src/fft/karatsuba.c -o build/karatsuba.o
gcc -g -c -O3 -DNDEBUG -Wall -Wno-unused-function -Wno-unused-result -funroll-all-loops -march=native -lm -DMAT_TRGSW_AVX512_SMALLR_SPECIALIZED -DMAT_TRGSW_AVX512_RGT4_FUSED -DSAB_PVW_NOISE_TEST -DSAB_PVW_NOISE_R=6 -DSAB_PVW_NOISE_TRIALS=1 -DSAB_PVW_NOISE_MAX_LOG2_GAP=4.0 -DSAB_PVW_ACTIVE_BUFFER_FUSION -DMOSFHET_DETERMINISTIC_RNG -DMOSFHET_TEST_RNG_SEED=1 -DUSE_SPQLIOS -DAVX512_OPT -I./src/mosfhet/include -I./include/ -I./src/mosfhet/include -I./include/ src/mosfhet/src/pvwtmlwe.c -o build/pvwtmlwe.o
gcc -g -c -O3 -DNDEBUG -Wall -Wno-unused-function -Wno-unused-result -funroll-all-loops -march=native -lm -DMAT_TRGSW_AVX512_SMALLR_SPECIALIZED -DMAT_TRGSW_AVX512_RGT4_FUSED -DSAB_PVW_NOISE_TEST -DSAB_PVW_NOISE_R=6 -DSAB_PVW_NOISE_TRIALS=1 -DSAB_PVW_NOISE_MAX_LOG2_GAP=4.0 -DSAB_PVW_ACTIVE_BUFFER_FUSION -DMOSFHET_DETERMINISTIC_RNG -DMOSFHET_TEST_RNG_SEED=1 -DUSE_SPQLIOS -DAVX512_OPT -I./src/mosfhet/include -I./include/ -I./src/mosfhet/include -I./include/ src/mosfhet/src/mattrgsw.c -o build/mattrgsw.o
gcc -g -c -O3 -DNDEBUG -Wall -Wno-unused-function -Wno-unused-result -funroll-all-loops -march=native -lm -DMAT_TRGSW_AVX512_SMALLR_SPECIALIZED -DMAT_TRGSW_AVX512_RGT4_FUSED -DSAB_PVW_NOISE_TEST -DSAB_PVW_NOISE_R=6 -DSAB_PVW_NOISE_TRIALS=1 -DSAB_PVW_NOISE_MAX_LOG2_GAP=4.0 -DSAB_PVW_ACTIVE_BUFFER_FUSION -DMOSFHET_DETERMINISTIC_RNG -DMOSFHET_TEST_RNG_SEED=1 -DUSE_SPQLIOS -DAVX512_OPT -I./src/mosfhet/include -I./include/ -I./src/mosfhet/include -I./include/ src/mosfhet/src/rnd/aes_rng.c -o build/aes_rng.o
gcc -g -c -O3 -DNDEBUG -Wall -Wno-unused-function -Wno-unused-result -funroll-all-loops -march=native -lm -DMAT_TRGSW_AVX512_SMALLR_SPECIALIZED -DMAT_TRGSW_AVX512_RGT4_FUSED -DSAB_PVW_NOISE_TEST -DSAB_PVW_NOISE_R=6 -DSAB_PVW_NOISE_TRIALS=1 -DSAB_PVW_NOISE_MAX_LOG2_GAP=4.0 -DSAB_PVW_ACTIVE_BUFFER_FUSION -DMOSFHET_DETERMINISTIC_RNG -DMOSFHET_TEST_RNG_SEED=1 -DUSE_SPQLIOS -DAVX512_OPT -I./src/mosfhet/include -I./include/ -I./src/mosfhet/include -I./include/ src/mosfhet/src/fft/spqlios/spqlios-fft-avx512.s -o build/spqlios-fft-avx512.o
gcc -g -c -O3 -DNDEBUG -Wall -Wno-unused-function -Wno-unused-result -funroll-all-loops -march=native -lm -DMAT_TRGSW_AVX512_SMALLR_SPECIALIZED -DMAT_TRGSW_AVX512_RGT4_FUSED -DSAB_PVW_NOISE_TEST -DSAB_PVW_NOISE_R=6 -DSAB_PVW_NOISE_TRIALS=1 -DSAB_PVW_NOISE_MAX_LOG2_GAP=4.0 -DSAB_PVW_ACTIVE_BUFFER_FUSION -DMOSFHET_DETERMINISTIC_RNG -DMOSFHET_TEST_RNG_SEED=1 -DUSE_SPQLIOS -DAVX512_OPT -I./src/mosfhet/include -I./include/ -I./src/mosfhet/include -I./include/ src/mosfhet/src/fft/spqlios/spqlios-ifft-avx512.s -o build/spqlios-ifft-avx512.o
gcc -g -c -O3 -DNDEBUG -Wall -Wno-unused-function -Wno-unused-result -funroll-all-loops -march=native -lm -DMAT_TRGSW_AVX512_SMALLR_SPECIALIZED -DMAT_TRGSW_AVX512_RGT4_FUSED -DSAB_PVW_NOISE_TEST -DSAB_PVW_NOISE_R=6 -DSAB_PVW_NOISE_TRIALS=1 -DSAB_PVW_NOISE_MAX_LOG2_GAP=4.0 -DSAB_PVW_ACTIVE_BUFFER_FUSION -DMOSFHET_DETERMINISTIC_RNG -DMOSFHET_TEST_RNG_SEED=1 -DUSE_SPQLIOS -DAVX512_OPT -I./src/mosfhet/include -I./include/ -I./src/mosfhet/include -I./include/ src/mosfhet/src/fft/spqlios/spqlios-fft-impl-avx512.c -o build/spqlios-fft-impl-avx512.o
gcc -g -c -O3 -DNDEBUG -Wall -Wno-unused-function -Wno-unused-result -funroll-all-loops -march=native -lm -DMAT_TRGSW_AVX512_SMALLR_SPECIALIZED -DMAT_TRGSW_AVX512_RGT4_FUSED -DSAB_PVW_NOISE_TEST -DSAB_PVW_NOISE_R=6 -DSAB_PVW_NOISE_TRIALS=1 -DSAB_PVW_NOISE_MAX_LOG2_GAP=4.0 -DSAB_PVW_ACTIVE_BUFFER_FUSION -DMOSFHET_DETERMINISTIC_RNG -DMOSFHET_TEST_RNG_SEED=1 -DUSE_SPQLIOS -DAVX512_OPT -I./src/mosfhet/include -I./include/ -I./src/mosfhet/include -I./include/ src/mosfhet/src/fft/spqlios/fft_processor_spqlios.c -o build/fft_processor_spqlios.o
gcc -g -c -O3 -fwhole-program -flto  -DNDEBUG -Wall -Wno-unused-function -Wno-unused-result -funroll-all-loops -march=native -lm -DMAT_TRGSW_AVX512_SMALLR_SPECIALIZED -DMAT_TRGSW_AVX512_RGT4_FUSED -DSAB_PVW_NOISE_TEST -DSAB_PVW_NOISE_R=6 -DSAB_PVW_NOISE_TRIALS=1 -DSAB_PVW_NOISE_MAX_LOG2_GAP=4.0 -DSAB_PVW_ACTIVE_BUFFER_FUSION -DMOSFHET_DETERMINISTIC_RNG -DMOSFHET_TEST_RNG_SEED=1 -DUSE_SPQLIOS -DAVX512_OPT -I./src/mosfhet/include -I./include/ -I./src/mosfhet/include -I./include/ -DBINARY -DSET_2_3_2048 src/sparse_amortized_bootstrap.c -o build/sparse_amortized_bootstrap.o
gcc -g -c -O3 -fwhole-program -flto  -DNDEBUG -Wall -Wno-unused-function -Wno-unused-result -funroll-all-loops -march=native -lm -DMAT_TRGSW_AVX512_SMALLR_SPECIALIZED -DMAT_TRGSW_AVX512_RGT4_FUSED -DSAB_PVW_NOISE_TEST -DSAB_PVW_NOISE_R=6 -DSAB_PVW_NOISE_TRIALS=1 -DSAB_PVW_NOISE_MAX_LOG2_GAP=4.0 -DSAB_PVW_ACTIVE_BUFFER_FUSION -DMOSFHET_DETERMINISTIC_RNG -DMOSFHET_TEST_RNG_SEED=1 -DUSE_SPQLIOS -DAVX512_OPT -I./src/mosfhet/include -I./include/ -I./src/mosfhet/include -I./include/ -DBINARY -DSET_2_3_2048 src/sab_profile.c -o build/sab_profile.o
gcc -g -c -O3 -fwhole-program -flto  -DNDEBUG -Wall -Wno-unused-function -Wno-unused-result -funroll-all-loops -march=native -lm -DMAT_TRGSW_AVX512_SMALLR_SPECIALIZED -DMAT_TRGSW_AVX512_RGT4_FUSED -DSAB_PVW_NOISE_TEST -DSAB_PVW_NOISE_R=6 -DSAB_PVW_NOISE_TRIALS=1 -DSAB_PVW_NOISE_MAX_LOG2_GAP=4.0 -DSAB_PVW_ACTIVE_BUFFER_FUSION -DMOSFHET_DETERMINISTIC_RNG -DMOSFHET_TEST_RNG_SEED=1 -DUSE_SPQLIOS -DAVX512_OPT -I./src/mosfhet/include -I./include/ -I./src/mosfhet/include -I./include/ -DBINARY -DSET_2_3_2048 src/sab_pvw.c -o build/sab_pvw.o
gcc -g -c -O3 -fwhole-program -flto  -DNDEBUG -Wall -Wno-unused-function -Wno-unused-result -funroll-all-loops -march=native -lm -DMAT_TRGSW_AVX512_SMALLR_SPECIALIZED -DMAT_TRGSW_AVX512_RGT4_FUSED -DSAB_PVW_NOISE_TEST -DSAB_PVW_NOISE_R=6 -DSAB_PVW_NOISE_TRIALS=1 -DSAB_PVW_NOISE_MAX_LOG2_GAP=4.0 -DSAB_PVW_ACTIVE_BUFFER_FUSION -DMOSFHET_DETERMINISTIC_RNG -DMOSFHET_TEST_RNG_SEED=1 -DUSE_SPQLIOS -DAVX512_OPT -I./src/mosfhet/include -I./include/ -I./src/mosfhet/include -I./include/ -DBINARY -DSET_2_3_2048 main.c -o build/main.o
gcc -g -o main build/keyswitch.o build/bootstrap.o build/bootstrap_ga.o build/tlwe.o build/trlwe.o build/trgsw.o build/misc.o build/polynomial.o build/register.o build/pvwtlwe.o build/fips202.o build/karatsuba.o build/pvwtmlwe.o build/mattrgsw.o build/aes_rng.o build/spqlios-fft-avx512.o build/spqlios-ifft-avx512.o build/spqlios-fft-impl-avx512.o build/fft_processor_spqlios.o build/sparse_amortized_bootstrap.o build/sab_profile.o build/sab_pvw.o build/main.o  -lm
/usr/bin/ld: warning: build/spqlios-ifft-avx512.o: missing .note.GNU-stack section implies executable stack
/usr/bin/ld: NOTE: This behaviour is deprecated and will be removed in a future version of the linker
SAB_PVW_NOISE trial target_full r=6 trial=0 complete
SAB_PVW_NOISE lane target_full r=6 lane=0 trials=1 pvw_failures=0 scalar_failures=0 pair_failures=0 pvw_log2_sigma_torus=-8.097 scalar_log2_sigma_torus=-8.104 pair_log2_sigma_torus=-7.352
SAB_PVW_NOISE lane target_full r=6 lane=1 trials=1 pvw_failures=0 scalar_failures=0 pair_failures=0 pvw_log2_sigma_torus=-8.100 scalar_log2_sigma_torus=-7.640 pair_log2_sigma_torus=-7.586
SAB_PVW_NOISE lane target_full r=6 lane=2 trials=1 pvw_failures=0 scalar_failures=0 pair_failures=0 pvw_log2_sigma_torus=-8.085 scalar_log2_sigma_torus=-7.721 pair_log2_sigma_torus=-7.636
SAB_PVW_NOISE lane target_full r=6 lane=3 trials=1 pvw_failures=0 scalar_failures=0 pair_failures=0 pvw_log2_sigma_torus=-8.049 scalar_log2_sigma_torus=-8.350 pair_log2_sigma_torus=-7.674
SAB_PVW_NOISE lane target_full r=6 lane=4 trials=1 pvw_failures=0 scalar_failures=0 pair_failures=0 pvw_log2_sigma_torus=-8.054 scalar_log2_sigma_torus=-8.074 pair_log2_sigma_torus=-7.781
SAB_PVW_NOISE lane target_full r=6 lane=5 trials=1 pvw_failures=0 scalar_failures=0 pair_failures=0 pvw_log2_sigma_torus=-8.076 scalar_log2_sigma_torus=-8.176 pair_log2_sigma_torus=-7.751
SAB_PVW_NOISE summary target_full r=6 trials=1 points=12288 pvw_failures=0 scalar_failures=0 pair_failures=0 pvw_log2_sigma_torus=-8.077 scalar_log2_sigma_torus=-7.966 pair_log2_sigma_torus=-7.616 pvw_minus_scalar_log2=-0.110 max_allowed_log2_gap=4.000
SAB_PVW_NOISE pvw_total count=12288 failures=0 log2_sigma_torus=-8.077 log2_max_abs_torus=-6.271
SAB_PVW_NOISE scalar_total count=12288 failures=0 log2_sigma_torus=-7.966 log2_max_abs_torus=-6.128
SAB_PVW_NOISE pair_total count=12288 failures=0 log2_sigma_torus=-7.616 log2_max_abs_torus=-5.621
SAB_PVW_NOISE target full bootstrap gate: Pass
SAB_PVW_NOISE trial target_full r=6 trial=0 complete
SAB_PVW_NOISE lane target_full r=6 lane=0 trials=1 pvw_failures=0 scalar_failures=0 pair_failures=0 pvw_log2_sigma_torus=-8.211 scalar_log2_sigma_torus=-7.672 pair_log2_sigma_torus=-7.672
SAB_PVW_NOISE lane target_full r=6 lane=1 trials=1 pvw_failures=0 scalar_failures=0 pair_failures=0 pvw_log2_sigma_torus=-8.279 scalar_log2_sigma_torus=-8.252 pair_log2_sigma_torus=-7.802
SAB_PVW_NOISE lane target_full r=6 lane=2 trials=1 pvw_failures=0 scalar_failures=0 pair_failures=0 pvw_log2_sigma_torus=-8.257 scalar_log2_sigma_torus=-8.140 pair_log2_sigma_torus=-7.795
SAB_PVW_NOISE lane target_full r=6 lane=3 trials=1 pvw_failures=0 scalar_failures=0 pair_failures=0 pvw_log2_sigma_torus=-8.254 scalar_log2_sigma_torus=-8.457 pair_log2_sigma_torus=-7.905
SAB_PVW_NOISE lane target_full r=6 lane=4 trials=1 pvw_failures=0 scalar_failures=0 pair_failures=0 pvw_log2_sigma_torus=-8.263 scalar_log2_sigma_torus=-8.195 pair_log2_sigma_torus=-7.837
SAB_PVW_NOISE lane target_full r=6 lane=5 trials=1 pvw_failures=0 scalar_failures=0 pair_failures=0 pvw_log2_sigma_torus=-8.242 scalar_log2_sigma_torus=-7.819 pair_log2_sigma_torus=-7.688
SAB_PVW_NOISE summary target_full r=6 trials=1 points=12288 pvw_failures=0 scalar_failures=0 pair_failures=0 pvw_log2_sigma_torus=-8.251 scalar_log2_sigma_torus=-8.039 pair_log2_sigma_torus=-7.779 pvw_minus_scalar_log2=-0.212 max_allowed_log2_gap=4.000
SAB_PVW_NOISE pvw_total count=12288 failures=0 log2_sigma_torus=-8.251 log2_max_abs_torus=-6.362
SAB_PVW_NOISE scalar_total count=12288 failures=0 log2_sigma_torus=-8.039 log2_max_abs_torus=-6.147
SAB_PVW_NOISE pair_total count=12288 failures=0 log2_sigma_torus=-7.779 log2_max_abs_torus=-5.791
SAB_PVW_NOISE target full bootstrap gate: Pass
SAB_PVW_NOISE trial target_full r=6 trial=0 complete
SAB_PVW_NOISE lane target_full r=6 lane=0 trials=1 pvw_failures=0 scalar_failures=0 pair_failures=0 pvw_log2_sigma_torus=-8.072 scalar_log2_sigma_torus=-8.257 pair_log2_sigma_torus=-7.504
SAB_PVW_NOISE lane target_full r=6 lane=1 trials=1 pvw_failures=0 scalar_failures=0 pair_failures=0 pvw_log2_sigma_torus=-8.086 scalar_log2_sigma_torus=-7.690 pair_log2_sigma_torus=-7.843
SAB_PVW_NOISE lane target_full r=6 lane=2 trials=1 pvw_failures=0 scalar_failures=0 pair_failures=0 pvw_log2_sigma_torus=-8.091 scalar_log2_sigma_torus=-8.478 pair_log2_sigma_torus=-7.630
SAB_PVW_NOISE lane target_full r=6 lane=3 trials=1 pvw_failures=0 scalar_failures=0 pair_failures=0 pvw_log2_sigma_torus=-8.081 scalar_log2_sigma_torus=-8.377 pair_log2_sigma_torus=-7.630
SAB_PVW_NOISE lane target_full r=6 lane=4 trials=1 pvw_failures=0 scalar_failures=0 pair_failures=0 pvw_log2_sigma_torus=-8.075 scalar_log2_sigma_torus=-7.963 pair_log2_sigma_torus=-7.237
SAB_PVW_NOISE lane target_full r=6 lane=5 trials=1 pvw_failures=0 scalar_failures=0 pair_failures=0 pvw_log2_sigma_torus=-8.093 scalar_log2_sigma_torus=-7.857 pair_log2_sigma_torus=-7.680
SAB_PVW_NOISE summary target_full r=6 trials=1 points=12288 pvw_failures=0 scalar_failures=0 pair_failures=0 pvw_log2_sigma_torus=-8.083 scalar_log2_sigma_torus=-8.048 pair_log2_sigma_torus=-7.562 pvw_minus_scalar_log2=-0.035 max_allowed_log2_gap=4.000
SAB_PVW_NOISE pvw_total count=12288 failures=0 log2_sigma_torus=-8.083 log2_max_abs_torus=-6.321
SAB_PVW_NOISE scalar_total count=12288 failures=0 log2_sigma_torus=-8.048 log2_max_abs_torus=-6.103
SAB_PVW_NOISE pair_total count=12288 failures=0 log2_sigma_torus=-7.562 log2_max_abs_torus=-5.621
SAB_PVW_NOISE target full bootstrap gate: Pass
SAB_PVW_NOISE trial target_full r=6 trial=0 complete
SAB_PVW_NOISE lane target_full r=6 lane=0 trials=1 pvw_failures=0 scalar_failures=0 pair_failures=0 pvw_log2_sigma_torus=-8.491 scalar_log2_sigma_torus=-8.517 pair_log2_sigma_torus=-8.016
SAB_PVW_NOISE lane target_full r=6 lane=1 trials=1 pvw_failures=0 scalar_failures=0 pair_failures=0 pvw_log2_sigma_torus=-8.453 scalar_log2_sigma_torus=-8.302 pair_log2_sigma_torus=-7.921
SAB_PVW_NOISE lane target_full r=6 lane=2 trials=1 pvw_failures=0 scalar_failures=0 pair_failures=0 pvw_log2_sigma_torus=-8.489 scalar_log2_sigma_torus=-8.054 pair_log2_sigma_torus=-7.689
SAB_PVW_NOISE lane target_full r=6 lane=3 trials=1 pvw_failures=0 scalar_failures=0 pair_failures=0 pvw_log2_sigma_torus=-8.474 scalar_log2_sigma_torus=-8.365 pair_log2_sigma_torus=-7.982
SAB_PVW_NOISE lane target_full r=6 lane=4 trials=1 pvw_failures=0 scalar_failures=0 pair_failures=0 pvw_log2_sigma_torus=-8.437 scalar_log2_sigma_torus=-8.012 pair_log2_sigma_torus=-7.731
SAB_PVW_NOISE lane target_full r=6 lane=5 trials=1 pvw_failures=0 scalar_failures=0 pair_failures=0 pvw_log2_sigma_torus=-8.410 scalar_log2_sigma_torus=-8.334 pair_log2_sigma_torus=-7.866
SAB_PVW_NOISE summary target_full r=6 trials=1 points=12288 pvw_failures=0 scalar_failures=0 pair_failures=0 pvw_log2_sigma_torus=-8.458 scalar_log2_sigma_torus=-8.242 pair_log2_sigma_torus=-7.857 pvw_minus_scalar_log2=-0.216 max_allowed_log2_gap=4.000
SAB_PVW_NOISE pvw_total count=12288 failures=0 log2_sigma_torus=-8.458 log2_max_abs_torus=-6.555
SAB_PVW_NOISE scalar_total count=12288 failures=0 log2_sigma_torus=-8.242 log2_max_abs_torus=-6.132
SAB_PVW_NOISE pair_total count=12288 failures=0 log2_sigma_torus=-7.857 log2_max_abs_torus=-5.906
SAB_PVW_NOISE target full bootstrap gate: Pass
SAB_PVW_NOISE trial target_full r=6 trial=0 complete
SAB_PVW_NOISE lane target_full r=6 lane=0 trials=1 pvw_failures=0 scalar_failures=0 pair_failures=0 pvw_log2_sigma_torus=-8.403 scalar_log2_sigma_torus=-8.091 pair_log2_sigma_torus=-7.895
SAB_PVW_NOISE lane target_full r=6 lane=1 trials=1 pvw_failures=0 scalar_failures=0 pair_failures=0 pvw_log2_sigma_torus=-8.378 scalar_log2_sigma_torus=-8.314 pair_log2_sigma_torus=-7.778
SAB_PVW_NOISE lane target_full r=6 lane=2 trials=1 pvw_failures=0 scalar_failures=0 pair_failures=0 pvw_log2_sigma_torus=-8.351 scalar_log2_sigma_torus=-8.093 pair_log2_sigma_torus=-7.774
SAB_PVW_NOISE lane target_full r=6 lane=3 trials=1 pvw_failures=0 scalar_failures=0 pair_failures=0 pvw_log2_sigma_torus=-8.354 scalar_log2_sigma_torus=-8.179 pair_log2_sigma_torus=-7.715
SAB_PVW_NOISE lane target_full r=6 lane=4 trials=1 pvw_failures=0 scalar_failures=0 pair_failures=0 pvw_log2_sigma_torus=-8.362 scalar_log2_sigma_torus=-8.461 pair_log2_sigma_torus=-7.928
SAB_PVW_NOISE lane target_full r=6 lane=5 trials=1 pvw_failures=0 scalar_failures=0 pair_failures=0 pvw_log2_sigma_torus=-8.363 scalar_log2_sigma_torus=-7.719 pair_log2_sigma_torus=-7.475
SAB_PVW_NOISE summary target_full r=6 trials=1 points=12288 pvw_failures=0 scalar_failures=0 pair_failures=0 pvw_log2_sigma_torus=-8.368 scalar_log2_sigma_torus=-8.104 pair_log2_sigma_torus=-7.745 pvw_minus_scalar_log2=-0.264 max_allowed_log2_gap=4.000
SAB_PVW_NOISE pvw_total count=12288 failures=0 log2_sigma_torus=-8.368 log2_max_abs_torus=-6.459
SAB_PVW_NOISE scalar_total count=12288 failures=0 log2_sigma_torus=-8.104 log2_max_abs_torus=-6.122
SAB_PVW_NOISE pair_total count=12288 failures=0 log2_sigma_torus=-7.745 log2_max_abs_torus=-5.779
SAB_PVW_NOISE target full bootstrap gate: Pass
SAB_PVW_NOISE trial target_full r=6 trial=0 complete
SAB_PVW_NOISE lane target_full r=6 lane=0 trials=1 pvw_failures=0 scalar_failures=0 pair_failures=0 pvw_log2_sigma_torus=-8.347 scalar_log2_sigma_torus=-7.824 pair_log2_sigma_torus=-7.575
SAB_PVW_NOISE lane target_full r=6 lane=1 trials=1 pvw_failures=0 scalar_failures=0 pair_failures=0 pvw_log2_sigma_torus=-8.347 scalar_log2_sigma_torus=-8.079 pair_log2_sigma_torus=-7.879
SAB_PVW_NOISE lane target_full r=6 lane=2 trials=1 pvw_failures=0 scalar_failures=0 pair_failures=0 pvw_log2_sigma_torus=-8.361 scalar_log2_sigma_torus=-8.327 pair_log2_sigma_torus=-7.811
SAB_PVW_NOISE lane target_full r=6 lane=3 trials=1 pvw_failures=0 scalar_failures=0 pair_failures=0 pvw_log2_sigma_torus=-8.411 scalar_log2_sigma_torus=-8.469 pair_log2_sigma_torus=-7.964
SAB_PVW_NOISE lane target_full r=6 lane=4 trials=1 pvw_failures=0 scalar_failures=0 pair_failures=0 pvw_log2_sigma_torus=-8.326 scalar_log2_sigma_torus=-7.851 pair_log2_sigma_torus=-7.719
SAB_PVW_NOISE lane target_full r=6 lane=5 trials=1 pvw_failures=0 scalar_failures=0 pair_failures=0 pvw_log2_sigma_torus=-8.386 scalar_log2_sigma_torus=-8.016 pair_log2_sigma_torus=-7.674
SAB_PVW_NOISE summary target_full r=6 trials=1 points=12288 pvw_failures=0 scalar_failures=0 pair_failures=0 pvw_log2_sigma_torus=-8.363 scalar_log2_sigma_torus=-8.058 pair_log2_sigma_torus=-7.759 pvw_minus_scalar_log2=-0.305 max_allowed_log2_gap=4.000
SAB_PVW_NOISE pvw_total count=12288 failures=0 log2_sigma_torus=-8.363 log2_max_abs_torus=-6.378
SAB_PVW_NOISE scalar_total count=12288 failures=0 log2_sigma_torus=-8.058 log2_max_abs_torus=-6.088
SAB_PVW_NOISE pair_total count=12288 failures=0 log2_sigma_torus=-7.759 log2_max_abs_torus=-5.830
SAB_PVW_NOISE target full bootstrap gate: Pass
SAB_PVW_NOISE trial target_full r=6 trial=0 complete
SAB_PVW_NOISE lane target_full r=6 lane=0 trials=1 pvw_failures=0 scalar_failures=0 pair_failures=0 pvw_log2_sigma_torus=-8.181 scalar_log2_sigma_torus=-8.105 pair_log2_sigma_torus=-7.805
SAB_PVW_NOISE lane target_full r=6 lane=1 trials=1 pvw_failures=0 scalar_failures=0 pair_failures=0 pvw_log2_sigma_torus=-8.174 scalar_log2_sigma_torus=-8.422 pair_log2_sigma_torus=-7.799
SAB_PVW_NOISE lane target_full r=6 lane=2 trials=1 pvw_failures=0 scalar_failures=0 pair_failures=0 pvw_log2_sigma_torus=-8.166 scalar_log2_sigma_torus=-7.416 pair_log2_sigma_torus=-6.917
SAB_PVW_NOISE lane target_full r=6 lane=3 trials=1 pvw_failures=0 scalar_failures=0 pair_failures=0 pvw_log2_sigma_torus=-8.210 scalar_log2_sigma_torus=-8.191 pair_log2_sigma_torus=-7.761
SAB_PVW_NOISE lane target_full r=6 lane=4 trials=1 pvw_failures=0 scalar_failures=0 pair_failures=0 pvw_log2_sigma_torus=-8.179 scalar_log2_sigma_torus=-7.990 pair_log2_sigma_torus=-7.399
SAB_PVW_NOISE lane target_full r=6 lane=5 trials=1 pvw_failures=0 scalar_failures=0 pair_failures=0 pvw_log2_sigma_torus=-8.192 scalar_log2_sigma_torus=-7.492 pair_log2_sigma_torus=-7.392
SAB_PVW_NOISE summary target_full r=6 trials=1 points=12288 pvw_failures=0 scalar_failures=0 pair_failures=0 pvw_log2_sigma_torus=-8.184 scalar_log2_sigma_torus=-7.842 pair_log2_sigma_torus=-7.435 pvw_minus_scalar_log2=-0.342 max_allowed_log2_gap=4.000
SAB_PVW_NOISE pvw_total count=12288 failures=0 log2_sigma_torus=-8.184 log2_max_abs_torus=-6.240
SAB_PVW_NOISE scalar_total count=12288 failures=0 log2_sigma_torus=-7.842 log2_max_abs_torus=-6.003
SAB_PVW_NOISE pair_total count=12288 failures=0 log2_sigma_torus=-7.435 log2_max_abs_torus=-5.581
SAB_PVW_NOISE target full bootstrap gate: Pass
SAB_PVW_NOISE trial target_full r=6 trial=0 complete
SAB_PVW_NOISE lane target_full r=6 lane=0 trials=1 pvw_failures=0 scalar_failures=0 pair_failures=0 pvw_log2_sigma_torus=-8.390 scalar_log2_sigma_torus=-7.764 pair_log2_sigma_torus=-7.497
SAB_PVW_NOISE lane target_full r=6 lane=1 trials=1 pvw_failures=0 scalar_failures=0 pair_failures=0 pvw_log2_sigma_torus=-8.403 scalar_log2_sigma_torus=-8.121 pair_log2_sigma_torus=-7.686
SAB_PVW_NOISE lane target_full r=6 lane=2 trials=1 pvw_failures=0 scalar_failures=0 pair_failures=0 pvw_log2_sigma_torus=-8.380 scalar_log2_sigma_torus=-8.328 pair_log2_sigma_torus=-7.875
SAB_PVW_NOISE lane target_full r=6 lane=3 trials=1 pvw_failures=0 scalar_failures=0 pair_failures=0 pvw_log2_sigma_torus=-8.341 scalar_log2_sigma_torus=-7.962 pair_log2_sigma_torus=-7.679
SAB_PVW_NOISE lane target_full r=6 lane=4 trials=1 pvw_failures=0 scalar_failures=0 pair_failures=0 pvw_log2_sigma_torus=-8.381 scalar_log2_sigma_torus=-8.047 pair_log2_sigma_torus=-7.615
SAB_PVW_NOISE lane target_full r=6 lane=5 trials=1 pvw_failures=0 scalar_failures=0 pair_failures=0 pvw_log2_sigma_torus=-8.389 scalar_log2_sigma_torus=-7.842 pair_log2_sigma_torus=-7.551
SAB_PVW_NOISE summary target_full r=6 trials=1 points=12288 pvw_failures=0 scalar_failures=0 pair_failures=0 pvw_log2_sigma_torus=-8.380 scalar_log2_sigma_torus=-7.988 pair_log2_sigma_torus=-7.641 pvw_minus_scalar_log2=-0.392 max_allowed_log2_gap=4.000
SAB_PVW_NOISE pvw_total count=12288 failures=0 log2_sigma_torus=-8.380 log2_max_abs_torus=-6.460
SAB_PVW_NOISE scalar_total count=12288 failures=0 log2_sigma_torus=-7.988 log2_max_abs_torus=-6.007
SAB_PVW_NOISE pair_total count=12288 failures=0 log2_sigma_torus=-7.641 log2_max_abs_torus=-5.729
SAB_PVW_NOISE target full bootstrap gate: Pass
SAB_PVW_NOISE trial target_full r=6 trial=0 complete
SAB_PVW_NOISE lane target_full r=6 lane=0 trials=1 pvw_failures=0 scalar_failures=0 pair_failures=0 pvw_log2_sigma_torus=-8.372 scalar_log2_sigma_torus=-8.426 pair_log2_sigma_torus=-7.983
SAB_PVW_NOISE lane target_full r=6 lane=1 trials=1 pvw_failures=0 scalar_failures=0 pair_failures=0 pvw_log2_sigma_torus=-8.393 scalar_log2_sigma_torus=-8.181 pair_log2_sigma_torus=-7.595
SAB_PVW_NOISE lane target_full r=6 lane=2 trials=1 pvw_failures=0 scalar_failures=0 pair_failures=0 pvw_log2_sigma_torus=-8.381 scalar_log2_sigma_torus=-8.434 pair_log2_sigma_torus=-7.884
SAB_PVW_NOISE lane target_full r=6 lane=3 trials=1 pvw_failures=0 scalar_failures=0 pair_failures=0 pvw_log2_sigma_torus=-8.372 scalar_log2_sigma_torus=-8.339 pair_log2_sigma_torus=-7.853
SAB_PVW_NOISE lane target_full r=6 lane=4 trials=1 pvw_failures=0 scalar_failures=0 pair_failures=0 pvw_log2_sigma_torus=-8.403 scalar_log2_sigma_torus=-8.066 pair_log2_sigma_torus=-7.630
SAB_PVW_NOISE lane target_full r=6 lane=5 trials=1 pvw_failures=0 scalar_failures=0 pair_failures=0 pvw_log2_sigma_torus=-8.383 scalar_log2_sigma_torus=-8.344 pair_log2_sigma_torus=-7.750
SAB_PVW_NOISE summary target_full r=6 trials=1 points=12288 pvw_failures=0 scalar_failures=0 pair_failures=0 pvw_log2_sigma_torus=-8.384 scalar_log2_sigma_torus=-8.286 pair_log2_sigma_torus=-7.769 pvw_minus_scalar_log2=-0.099 max_allowed_log2_gap=4.000
SAB_PVW_NOISE pvw_total count=12288 failures=0 log2_sigma_torus=-8.384 log2_max_abs_torus=-6.254
SAB_PVW_NOISE scalar_total count=12288 failures=0 log2_sigma_torus=-8.286 log2_max_abs_torus=-6.200
SAB_PVW_NOISE pair_total count=12288 failures=0 log2_sigma_torus=-7.769 log2_max_abs_torus=-5.817
SAB_PVW_NOISE target full bootstrap gate: Pass
SAB_PVW_NOISE trial target_full r=6 trial=0 complete
SAB_PVW_NOISE lane target_full r=6 lane=0 trials=1 pvw_failures=0 scalar_failures=0 pair_failures=0 pvw_log2_sigma_torus=-8.323 scalar_log2_sigma_torus=-8.302 pair_log2_sigma_torus=-7.772
SAB_PVW_NOISE lane target_full r=6 lane=1 trials=1 pvw_failures=0 scalar_failures=0 pair_failures=0 pvw_log2_sigma_torus=-8.306 scalar_log2_sigma_torus=-8.354 pair_log2_sigma_torus=-7.786
SAB_PVW_NOISE lane target_full r=6 lane=2 trials=1 pvw_failures=0 scalar_failures=0 pair_failures=0 pvw_log2_sigma_torus=-8.349 scalar_log2_sigma_torus=-8.415 pair_log2_sigma_torus=-7.875
SAB_PVW_NOISE lane target_full r=6 lane=3 trials=1 pvw_failures=0 scalar_failures=0 pair_failures=0 pvw_log2_sigma_torus=-8.342 scalar_log2_sigma_torus=-8.057 pair_log2_sigma_torus=-7.777
SAB_PVW_NOISE lane target_full r=6 lane=4 trials=1 pvw_failures=0 scalar_failures=0 pair_failures=0 pvw_log2_sigma_torus=-8.320 scalar_log2_sigma_torus=-8.051 pair_log2_sigma_torus=-7.669
SAB_PVW_NOISE lane target_full r=6 lane=5 trials=1 pvw_failures=0 scalar_failures=0 pair_failures=0 pvw_log2_sigma_torus=-8.346 scalar_log2_sigma_torus=-8.339 pair_log2_sigma_torus=-7.713
SAB_PVW_NOISE summary target_full r=6 trials=1 points=12288 pvw_failures=0 scalar_failures=0 pair_failures=0 pvw_log2_sigma_torus=-8.331 scalar_log2_sigma_torus=-8.238 pair_log2_sigma_torus=-7.763 pvw_minus_scalar_log2=-0.093 max_allowed_log2_gap=4.000
SAB_PVW_NOISE pvw_total count=12288 failures=0 log2_sigma_torus=-8.331 log2_max_abs_torus=-6.406
SAB_PVW_NOISE scalar_total count=12288 failures=0 log2_sigma_torus=-8.238 log2_max_abs_torus=-6.324
SAB_PVW_NOISE pair_total count=12288 failures=0 log2_sigma_torus=-7.763 log2_max_abs_torus=-5.936
SAB_PVW_NOISE target full bootstrap gate: Pass
SAB_PVW_NOISE trial target_full r=6 trial=0 complete
SAB_PVW_NOISE lane target_full r=6 lane=0 trials=1 pvw_failures=0 scalar_failures=0 pair_failures=0 pvw_log2_sigma_torus=-8.175 scalar_log2_sigma_torus=-8.011 pair_log2_sigma_torus=-7.493
SAB_PVW_NOISE lane target_full r=6 lane=1 trials=1 pvw_failures=0 scalar_failures=0 pair_failures=0 pvw_log2_sigma_torus=-8.221 scalar_log2_sigma_torus=-8.243 pair_log2_sigma_torus=-7.727
SAB_PVW_NOISE lane target_full r=6 lane=2 trials=1 pvw_failures=0 scalar_failures=0 pair_failures=0 pvw_log2_sigma_torus=-8.197 scalar_log2_sigma_torus=-8.291 pair_log2_sigma_torus=-7.844
SAB_PVW_NOISE lane target_full r=6 lane=3 trials=1 pvw_failures=0 scalar_failures=0 pair_failures=0 pvw_log2_sigma_torus=-8.166 scalar_log2_sigma_torus=-8.015 pair_log2_sigma_torus=-7.525
SAB_PVW_NOISE lane target_full r=6 lane=4 trials=1 pvw_failures=0 scalar_failures=0 pair_failures=0 pvw_log2_sigma_torus=-8.191 scalar_log2_sigma_torus=-8.423 pair_log2_sigma_torus=-7.834
SAB_PVW_NOISE lane target_full r=6 lane=5 trials=1 pvw_failures=0 scalar_failures=0 pair_failures=0 pvw_log2_sigma_torus=-8.134 scalar_log2_sigma_torus=-8.222 pair_log2_sigma_torus=-7.794
SAB_PVW_NOISE summary target_full r=6 trials=1 points=12288 pvw_failures=0 scalar_failures=0 pair_failures=0 pvw_log2_sigma_torus=-8.180 scalar_log2_sigma_torus=-8.186 pair_log2_sigma_torus=-7.688 pvw_minus_scalar_log2=0.005 max_allowed_log2_gap=4.000
SAB_PVW_NOISE pvw_total count=12288 failures=0 log2_sigma_torus=-8.180 log2_max_abs_torus=-6.273
SAB_PVW_NOISE scalar_total count=12288 failures=0 log2_sigma_torus=-8.186 log2_max_abs_torus=-6.169
SAB_PVW_NOISE pair_total count=12288 failures=0 log2_sigma_torus=-7.688 log2_max_abs_torus=-5.797
SAB_PVW_NOISE target full bootstrap gate: Pass
SAB_PVW_NOISE trial target_full r=6 trial=0 complete
SAB_PVW_NOISE lane target_full r=6 lane=0 trials=1 pvw_failures=0 scalar_failures=0 pair_failures=0 pvw_log2_sigma_torus=-8.100 scalar_log2_sigma_torus=-8.274 pair_log2_sigma_torus=-7.755
SAB_PVW_NOISE lane target_full r=6 lane=1 trials=1 pvw_failures=0 scalar_failures=0 pair_failures=0 pvw_log2_sigma_torus=-8.080 scalar_log2_sigma_torus=-8.101 pair_log2_sigma_torus=-7.919
SAB_PVW_NOISE lane target_full r=6 lane=2 trials=1 pvw_failures=0 scalar_failures=0 pair_failures=0 pvw_log2_sigma_torus=-8.130 scalar_log2_sigma_torus=-7.929 pair_log2_sigma_torus=-7.721
SAB_PVW_NOISE lane target_full r=6 lane=3 trials=1 pvw_failures=0 scalar_failures=0 pair_failures=0 pvw_log2_sigma_torus=-8.113 scalar_log2_sigma_torus=-8.097 pair_log2_sigma_torus=-7.897
SAB_PVW_NOISE lane target_full r=6 lane=4 trials=1 pvw_failures=0 scalar_failures=0 pair_failures=0 pvw_log2_sigma_torus=-8.137 scalar_log2_sigma_torus=-8.221 pair_log2_sigma_torus=-7.492
SAB_PVW_NOISE lane target_full r=6 lane=5 trials=1 pvw_failures=0 scalar_failures=0 pair_failures=0 pvw_log2_sigma_torus=-8.133 scalar_log2_sigma_torus=-8.412 pair_log2_sigma_torus=-7.738
SAB_PVW_NOISE summary target_full r=6 trials=1 points=12288 pvw_failures=0 scalar_failures=0 pair_failures=0 pvw_log2_sigma_torus=-8.115 scalar_log2_sigma_torus=-8.156 pair_log2_sigma_torus=-7.740 pvw_minus_scalar_log2=0.041 max_allowed_log2_gap=4.000
SAB_PVW_NOISE pvw_total count=12288 failures=0 log2_sigma_torus=-8.115 log2_max_abs_torus=-6.119
SAB_PVW_NOISE scalar_total count=12288 failures=0 log2_sigma_torus=-8.156 log2_max_abs_torus=-6.287
SAB_PVW_NOISE pair_total count=12288 failures=0 log2_sigma_torus=-7.740 log2_max_abs_torus=-5.833
SAB_PVW_NOISE target full bootstrap gate: Pass
SAB_PVW_NOISE trial target_full r=6 trial=0 complete
SAB_PVW_NOISE lane target_full r=6 lane=0 trials=1 pvw_failures=0 scalar_failures=0 pair_failures=0 pvw_log2_sigma_torus=-7.687 scalar_log2_sigma_torus=-8.191 pair_log2_sigma_torus=-7.689
SAB_PVW_NOISE lane target_full r=6 lane=1 trials=1 pvw_failures=0 scalar_failures=0 pair_failures=0 pvw_log2_sigma_torus=-7.695 scalar_log2_sigma_torus=-8.362 pair_log2_sigma_torus=-7.741
SAB_PVW_NOISE lane target_full r=6 lane=2 trials=1 pvw_failures=0 scalar_failures=0 pair_failures=0 pvw_log2_sigma_torus=-7.658 scalar_log2_sigma_torus=-8.086 pair_log2_sigma_torus=-7.633
SAB_PVW_NOISE lane target_full r=6 lane=3 trials=1 pvw_failures=0 scalar_failures=0 pair_failures=0 pvw_log2_sigma_torus=-7.682 scalar_log2_sigma_torus=-8.035 pair_log2_sigma_torus=-7.724
SAB_PVW_NOISE lane target_full r=6 lane=4 trials=1 pvw_failures=0 scalar_failures=0 pair_failures=0 pvw_log2_sigma_torus=-7.661 scalar_log2_sigma_torus=-8.352 pair_log2_sigma_torus=-7.601
SAB_PVW_NOISE lane target_full r=6 lane=5 trials=1 pvw_failures=0 scalar_failures=0 pair_failures=0 pvw_log2_sigma_torus=-7.693 scalar_log2_sigma_torus=-8.000 pair_log2_sigma_torus=-7.069
SAB_PVW_NOISE summary target_full r=6 trials=1 points=12288 pvw_failures=0 scalar_failures=0 pair_failures=0 pvw_log2_sigma_torus=-7.679 scalar_log2_sigma_torus=-8.157 pair_log2_sigma_torus=-7.532 pvw_minus_scalar_log2=0.478 max_allowed_log2_gap=4.000
SAB_PVW_NOISE pvw_total count=12288 failures=0 log2_sigma_torus=-7.679 log2_max_abs_torus=-6.014
SAB_PVW_NOISE scalar_total count=12288 failures=0 log2_sigma_torus=-8.157 log2_max_abs_torus=-6.213
SAB_PVW_NOISE pair_total count=12288 failures=0 log2_sigma_torus=-7.532 log2_max_abs_torus=-5.771
SAB_PVW_NOISE target full bootstrap gate: Pass
SAB_PVW_NOISE trial target_full r=6 trial=0 complete
SAB_PVW_NOISE lane target_full r=6 lane=0 trials=1 pvw_failures=0 scalar_failures=0 pair_failures=0 pvw_log2_sigma_torus=-8.261 scalar_log2_sigma_torus=-8.271 pair_log2_sigma_torus=-7.834
SAB_PVW_NOISE lane target_full r=6 lane=1 trials=1 pvw_failures=0 scalar_failures=0 pair_failures=0 pvw_log2_sigma_torus=-8.240 scalar_log2_sigma_torus=-8.134 pair_log2_sigma_torus=-7.798
SAB_PVW_NOISE lane target_full r=6 lane=2 trials=1 pvw_failures=0 scalar_failures=0 pair_failures=0 pvw_log2_sigma_torus=-8.239 scalar_log2_sigma_torus=-8.261 pair_log2_sigma_torus=-7.673
SAB_PVW_NOISE lane target_full r=6 lane=3 trials=1 pvw_failures=0 scalar_failures=0 pair_failures=0 pvw_log2_sigma_torus=-8.247 scalar_log2_sigma_torus=-7.865 pair_log2_sigma_torus=-7.543
SAB_PVW_NOISE lane target_full r=6 lane=4 trials=1 pvw_failures=0 scalar_failures=0 pair_failures=0 pvw_log2_sigma_torus=-8.277 scalar_log2_sigma_torus=-8.155 pair_log2_sigma_torus=-7.655
SAB_PVW_NOISE lane target_full r=6 lane=5 trials=1 pvw_failures=0 scalar_failures=0 pair_failures=0 pvw_log2_sigma_torus=-8.239 scalar_log2_sigma_torus=-7.835 pair_log2_sigma_torus=-7.513
SAB_PVW_NOISE summary target_full r=6 trials=1 points=12288 pvw_failures=0 scalar_failures=0 pair_failures=0 pvw_log2_sigma_torus=-8.250 scalar_log2_sigma_torus=-8.065 pair_log2_sigma_torus=-7.660 pvw_minus_scalar_log2=-0.185 max_allowed_log2_gap=4.000
SAB_PVW_NOISE pvw_total count=12288 failures=0 log2_sigma_torus=-8.250 log2_max_abs_torus=-6.127
SAB_PVW_NOISE scalar_total count=12288 failures=0 log2_sigma_torus=-8.065 log2_max_abs_torus=-6.241
SAB_PVW_NOISE pair_total count=12288 failures=0 log2_sigma_torus=-7.660 log2_max_abs_torus=-5.775
SAB_PVW_NOISE target full bootstrap gate: Pass
SAB_PVW_NOISE trial target_full r=6 trial=0 complete
SAB_PVW_NOISE lane target_full r=6 lane=0 trials=1 pvw_failures=0 scalar_failures=0 pair_failures=0 pvw_log2_sigma_torus=-7.911 scalar_log2_sigma_torus=-8.093 pair_log2_sigma_torus=-7.887
SAB_PVW_NOISE lane target_full r=6 lane=1 trials=1 pvw_failures=0 scalar_failures=0 pair_failures=0 pvw_log2_sigma_torus=-7.936 scalar_log2_sigma_torus=-8.388 pair_log2_sigma_torus=-7.801
SAB_PVW_NOISE lane target_full r=6 lane=2 trials=1 pvw_failures=0 scalar_failures=0 pair_failures=0 pvw_log2_sigma_torus=-7.951 scalar_log2_sigma_torus=-8.427 pair_log2_sigma_torus=-7.604
SAB_PVW_NOISE lane target_full r=6 lane=3 trials=1 pvw_failures=0 scalar_failures=0 pair_failures=0 pvw_log2_sigma_torus=-7.930 scalar_log2_sigma_torus=-7.794 pair_log2_sigma_torus=-7.098
SAB_PVW_NOISE lane target_full r=6 lane=4 trials=1 pvw_failures=0 scalar_failures=0 pair_failures=0 pvw_log2_sigma_torus=-7.906 scalar_log2_sigma_torus=-7.656 pair_log2_sigma_torus=-6.949
SAB_PVW_NOISE lane target_full r=6 lane=5 trials=1 pvw_failures=0 scalar_failures=0 pair_failures=0 pvw_log2_sigma_torus=-7.952 scalar_log2_sigma_torus=-8.282 pair_log2_sigma_torus=-7.365
SAB_PVW_NOISE summary target_full r=6 trials=1 points=12288 pvw_failures=0 scalar_failures=0 pair_failures=0 pvw_log2_sigma_torus=-7.931 scalar_log2_sigma_torus=-8.045 pair_log2_sigma_torus=-7.368 pvw_minus_scalar_log2=0.114 max_allowed_log2_gap=4.000
SAB_PVW_NOISE pvw_total count=12288 failures=0 log2_sigma_torus=-7.931 log2_max_abs_torus=-6.049
SAB_PVW_NOISE scalar_total count=12288 failures=0 log2_sigma_torus=-8.045 log2_max_abs_torus=-5.972
SAB_PVW_NOISE pair_total count=12288 failures=0 log2_sigma_torus=-7.368 log2_max_abs_torus=-5.462
SAB_PVW_NOISE target full bootstrap gate: Pass
SAB_PVW_NOISE trial target_full r=6 trial=0 complete
SAB_PVW_NOISE lane target_full r=6 lane=0 trials=1 pvw_failures=0 scalar_failures=0 pair_failures=0 pvw_log2_sigma_torus=-8.407 scalar_log2_sigma_torus=-8.358 pair_log2_sigma_torus=-7.949
SAB_PVW_NOISE lane target_full r=6 lane=1 trials=1 pvw_failures=0 scalar_failures=0 pair_failures=0 pvw_log2_sigma_torus=-8.409 scalar_log2_sigma_torus=-8.129 pair_log2_sigma_torus=-7.617
SAB_PVW_NOISE lane target_full r=6 lane=2 trials=1 pvw_failures=0 scalar_failures=0 pair_failures=0 pvw_log2_sigma_torus=-8.392 scalar_log2_sigma_torus=-8.160 pair_log2_sigma_torus=-7.903
SAB_PVW_NOISE lane target_full r=6 lane=3 trials=1 pvw_failures=0 scalar_failures=0 pair_failures=0 pvw_log2_sigma_torus=-8.424 scalar_log2_sigma_torus=-7.595 pair_log2_sigma_torus=-7.371
SAB_PVW_NOISE lane target_full r=6 lane=4 trials=1 pvw_failures=0 scalar_failures=0 pair_failures=0 pvw_log2_sigma_torus=-8.384 scalar_log2_sigma_torus=-8.275 pair_log2_sigma_torus=-7.957
SAB_PVW_NOISE lane target_full r=6 lane=5 trials=1 pvw_failures=0 scalar_failures=0 pair_failures=0 pvw_log2_sigma_torus=-8.415 scalar_log2_sigma_torus=-8.270 pair_log2_sigma_torus=-7.722
SAB_PVW_NOISE summary target_full r=6 trials=1 points=12288 pvw_failures=0 scalar_failures=0 pair_failures=0 pvw_log2_sigma_torus=-8.405 scalar_log2_sigma_torus=-8.080 pair_log2_sigma_torus=-7.720 pvw_minus_scalar_log2=-0.325 max_allowed_log2_gap=4.000
SAB_PVW_NOISE pvw_total count=12288 failures=0 log2_sigma_torus=-8.405 log2_max_abs_torus=-6.368
SAB_PVW_NOISE scalar_total count=12288 failures=0 log2_sigma_torus=-8.080 log2_max_abs_torus=-6.079
SAB_PVW_NOISE pair_total count=12288 failures=0 log2_sigma_torus=-7.720 log2_max_abs_torus=-5.818
SAB_PVW_NOISE target full bootstrap gate: Pass
SAB_PVW_NOISE trial target_full r=6 trial=0 complete
SAB_PVW_NOISE lane target_full r=6 lane=0 trials=1 pvw_failures=0 scalar_failures=0 pair_failures=0 pvw_log2_sigma_torus=-7.999 scalar_log2_sigma_torus=-8.028 pair_log2_sigma_torus=-7.504
SAB_PVW_NOISE lane target_full r=6 lane=1 trials=1 pvw_failures=0 scalar_failures=0 pair_failures=0 pvw_log2_sigma_torus=-8.003 scalar_log2_sigma_torus=-8.490 pair_log2_sigma_torus=-7.742
SAB_PVW_NOISE lane target_full r=6 lane=2 trials=1 pvw_failures=0 scalar_failures=0 pair_failures=0 pvw_log2_sigma_torus=-7.967 scalar_log2_sigma_torus=-8.124 pair_log2_sigma_torus=-7.366
SAB_PVW_NOISE lane target_full r=6 lane=3 trials=1 pvw_failures=0 scalar_failures=0 pair_failures=0 pvw_log2_sigma_torus=-8.017 scalar_log2_sigma_torus=-8.012 pair_log2_sigma_torus=-7.888
SAB_PVW_NOISE lane target_full r=6 lane=4 trials=1 pvw_failures=0 scalar_failures=0 pair_failures=0 pvw_log2_sigma_torus=-7.991 scalar_log2_sigma_torus=-8.294 pair_log2_sigma_torus=-7.448
SAB_PVW_NOISE lane target_full r=6 lane=5 trials=1 pvw_failures=0 scalar_failures=0 pair_failures=0 pvw_log2_sigma_torus=-7.984 scalar_log2_sigma_torus=-8.410 pair_log2_sigma_torus=-7.721
SAB_PVW_NOISE summary target_full r=6 trials=1 points=12288 pvw_failures=0 scalar_failures=0 pair_failures=0 pvw_log2_sigma_torus=-7.993 scalar_log2_sigma_torus=-8.203 pair_log2_sigma_torus=-7.588 pvw_minus_scalar_log2=0.210 max_allowed_log2_gap=4.000
SAB_PVW_NOISE pvw_total count=12288 failures=0 log2_sigma_torus=-7.993 log2_max_abs_torus=-6.038
SAB_PVW_NOISE scalar_total count=12288 failures=0 log2_sigma_torus=-8.203 log2_max_abs_torus=-6.070
SAB_PVW_NOISE pair_total count=12288 failures=0 log2_sigma_torus=-7.588 log2_max_abs_torus=-5.572
SAB_PVW_NOISE target full bootstrap gate: Pass
SAB_PVW_NOISE trial target_full r=6 trial=0 complete
SAB_PVW_NOISE lane target_full r=6 lane=0 trials=1 pvw_failures=0 scalar_failures=0 pair_failures=0 pvw_log2_sigma_torus=-7.939 scalar_log2_sigma_torus=-8.155 pair_log2_sigma_torus=-7.517
SAB_PVW_NOISE lane target_full r=6 lane=1 trials=1 pvw_failures=0 scalar_failures=0 pair_failures=0 pvw_log2_sigma_torus=-7.960 scalar_log2_sigma_torus=-7.899 pair_log2_sigma_torus=-7.895
SAB_PVW_NOISE lane target_full r=6 lane=2 trials=1 pvw_failures=0 scalar_failures=0 pair_failures=0 pvw_log2_sigma_torus=-7.945 scalar_log2_sigma_torus=-7.645 pair_log2_sigma_torus=-7.668
SAB_PVW_NOISE lane target_full r=6 lane=3 trials=1 pvw_failures=0 scalar_failures=0 pair_failures=0 pvw_log2_sigma_torus=-7.930 scalar_log2_sigma_torus=-7.881 pair_log2_sigma_torus=-7.120
SAB_PVW_NOISE lane target_full r=6 lane=4 trials=1 pvw_failures=0 scalar_failures=0 pair_failures=0 pvw_log2_sigma_torus=-7.944 scalar_log2_sigma_torus=-7.869 pair_log2_sigma_torus=-7.965
SAB_PVW_NOISE lane target_full r=6 lane=5 trials=1 pvw_failures=0 scalar_failures=0 pair_failures=0 pvw_log2_sigma_torus=-7.997 scalar_log2_sigma_torus=-8.230 pair_log2_sigma_torus=-7.554
SAB_PVW_NOISE summary target_full r=6 trials=1 points=12288 pvw_failures=0 scalar_failures=0 pair_failures=0 pvw_log2_sigma_torus=-7.952 scalar_log2_sigma_torus=-7.921 pair_log2_sigma_torus=-7.564 pvw_minus_scalar_log2=-0.032 max_allowed_log2_gap=4.000
SAB_PVW_NOISE pvw_total count=12288 failures=0 log2_sigma_torus=-7.952 log2_max_abs_torus=-6.271
SAB_PVW_NOISE scalar_total count=12288 failures=0 log2_sigma_torus=-7.921 log2_max_abs_torus=-6.023
SAB_PVW_NOISE pair_total count=12288 failures=0 log2_sigma_torus=-7.564 log2_max_abs_torus=-5.561
SAB_PVW_NOISE target full bootstrap gate: Pass
SAB_PVW_NOISE trial target_full r=6 trial=0 complete
SAB_PVW_NOISE lane target_full r=6 lane=0 trials=1 pvw_failures=0 scalar_failures=0 pair_failures=0 pvw_log2_sigma_torus=-8.156 scalar_log2_sigma_torus=-7.828 pair_log2_sigma_torus=-7.849
SAB_PVW_NOISE lane target_full r=6 lane=1 trials=1 pvw_failures=0 scalar_failures=0 pair_failures=0 pvw_log2_sigma_torus=-8.169 scalar_log2_sigma_torus=-8.274 pair_log2_sigma_torus=-7.580
SAB_PVW_NOISE lane target_full r=6 lane=2 trials=1 pvw_failures=0 scalar_failures=0 pair_failures=0 pvw_log2_sigma_torus=-8.205 scalar_log2_sigma_torus=-8.382 pair_log2_sigma_torus=-7.905
SAB_PVW_NOISE lane target_full r=6 lane=3 trials=1 pvw_failures=0 scalar_failures=0 pair_failures=0 pvw_log2_sigma_torus=-8.199 scalar_log2_sigma_torus=-8.300 pair_log2_sigma_torus=-7.910
SAB_PVW_NOISE lane target_full r=6 lane=4 trials=1 pvw_failures=0 scalar_failures=0 pair_failures=0 pvw_log2_sigma_torus=-8.159 scalar_log2_sigma_torus=-8.429 pair_log2_sigma_torus=-7.717
SAB_PVW_NOISE lane target_full r=6 lane=5 trials=1 pvw_failures=0 scalar_failures=0 pair_failures=0 pvw_log2_sigma_torus=-8.196 scalar_log2_sigma_torus=-8.185 pair_log2_sigma_torus=-7.544
SAB_PVW_NOISE summary target_full r=6 trials=1 points=12288 pvw_failures=0 scalar_failures=0 pair_failures=0 pvw_log2_sigma_torus=-8.181 scalar_log2_sigma_torus=-8.203 pair_log2_sigma_torus=-7.735 pvw_minus_scalar_log2=0.023 max_allowed_log2_gap=4.000
SAB_PVW_NOISE pvw_total count=12288 failures=0 log2_sigma_torus=-8.181 log2_max_abs_torus=-6.265
SAB_PVW_NOISE scalar_total count=12288 failures=0 log2_sigma_torus=-8.203 log2_max_abs_torus=-6.137
SAB_PVW_NOISE pair_total count=12288 failures=0 log2_sigma_torus=-7.735 log2_max_abs_torus=-5.835
SAB_PVW_NOISE target full bootstrap gate: Pass
SAB_PVW_NOISE trial target_full r=6 trial=0 complete
SAB_PVW_NOISE lane target_full r=6 lane=0 trials=1 pvw_failures=0 scalar_failures=0 pair_failures=0 pvw_log2_sigma_torus=-8.371 scalar_log2_sigma_torus=-7.988 pair_log2_sigma_torus=-7.721
SAB_PVW_NOISE lane target_full r=6 lane=1 trials=1 pvw_failures=0 scalar_failures=0 pair_failures=0 pvw_log2_sigma_torus=-8.378 scalar_log2_sigma_torus=-8.126 pair_log2_sigma_torus=-7.794
SAB_PVW_NOISE lane target_full r=6 lane=2 trials=1 pvw_failures=0 scalar_failures=0 pair_failures=0 pvw_log2_sigma_torus=-8.384 scalar_log2_sigma_torus=-7.991 pair_log2_sigma_torus=-7.873
SAB_PVW_NOISE lane target_full r=6 lane=3 trials=1 pvw_failures=0 scalar_failures=0 pair_failures=0 pvw_log2_sigma_torus=-8.412 scalar_log2_sigma_torus=-8.238 pair_log2_sigma_torus=-7.841
SAB_PVW_NOISE lane target_full r=6 lane=4 trials=1 pvw_failures=0 scalar_failures=0 pair_failures=0 pvw_log2_sigma_torus=-8.410 scalar_log2_sigma_torus=-7.832 pair_log2_sigma_torus=-7.521
SAB_PVW_NOISE lane target_full r=6 lane=5 trials=1 pvw_failures=0 scalar_failures=0 pair_failures=0 pvw_log2_sigma_torus=-8.383 scalar_log2_sigma_torus=-7.765 pair_log2_sigma_torus=-7.352
SAB_PVW_NOISE summary target_full r=6 trials=1 points=12288 pvw_failures=0 scalar_failures=0 pair_failures=0 pvw_log2_sigma_torus=-8.389 scalar_log2_sigma_torus=-7.972 pair_log2_sigma_torus=-7.658 pvw_minus_scalar_log2=-0.417 max_allowed_log2_gap=4.000
SAB_PVW_NOISE pvw_total count=12288 failures=0 log2_sigma_torus=-8.389 log2_max_abs_torus=-6.476
SAB_PVW_NOISE scalar_total count=12288 failures=0 log2_sigma_torus=-7.972 log2_max_abs_torus=-6.113
SAB_PVW_NOISE pair_total count=12288 failures=0 log2_sigma_torus=-7.658 log2_max_abs_torus=-5.712
SAB_PVW_NOISE target full bootstrap gate: Pass
Stage 25 final-output noise summary: repro/stage79_rgt4_fused_high_stat/final_noise/summary.csv
Stage 25 final-output noise aggregate: repro/stage79_rgt4_fused_high_stat/final_noise/aggregate.csv
rm -rf ./build main
mkdir -p ./build
gcc -g -c -O3 -DNDEBUG -Wall -Wno-unused-function -Wno-unused-result -funroll-all-loops -march=native -lm -DMAT_TRGSW_AVX512_SMALLR_SPECIALIZED -DMAT_TRGSW_AVX512_RGT4_FUSED -DSAB_PVW_RESOURCE_TEST -DSAB_PVW_RESOURCE_R=6 -DSAB_PVW_ACTIVE_BUFFER_FUSION -DUSE_SPQLIOS -DAVX512_OPT -I./src/mosfhet/include -I./include/ -I./src/mosfhet/include -I./include/ src/mosfhet/src/keyswitch.c -o build/keyswitch.o
gcc -g -c -O3 -DNDEBUG -Wall -Wno-unused-function -Wno-unused-result -funroll-all-loops -march=native -lm -DMAT_TRGSW_AVX512_SMALLR_SPECIALIZED -DMAT_TRGSW_AVX512_RGT4_FUSED -DSAB_PVW_RESOURCE_TEST -DSAB_PVW_RESOURCE_R=6 -DSAB_PVW_ACTIVE_BUFFER_FUSION -DUSE_SPQLIOS -DAVX512_OPT -I./src/mosfhet/include -I./include/ -I./src/mosfhet/include -I./include/ src/mosfhet/src/bootstrap.c -o build/bootstrap.o
gcc -g -c -O3 -DNDEBUG -Wall -Wno-unused-function -Wno-unused-result -funroll-all-loops -march=native -lm -DMAT_TRGSW_AVX512_SMALLR_SPECIALIZED -DMAT_TRGSW_AVX512_RGT4_FUSED -DSAB_PVW_RESOURCE_TEST -DSAB_PVW_RESOURCE_R=6 -DSAB_PVW_ACTIVE_BUFFER_FUSION -DUSE_SPQLIOS -DAVX512_OPT -I./src/mosfhet/include -I./include/ -I./src/mosfhet/include -I./include/ src/mosfhet/src/bootstrap_ga.c -o build/bootstrap_ga.o
gcc -g -c -O3 -DNDEBUG -Wall -Wno-unused-function -Wno-unused-result -funroll-all-loops -march=native -lm -DMAT_TRGSW_AVX512_SMALLR_SPECIALIZED -DMAT_TRGSW_AVX512_RGT4_FUSED -DSAB_PVW_RESOURCE_TEST -DSAB_PVW_RESOURCE_R=6 -DSAB_PVW_ACTIVE_BUFFER_FUSION -DUSE_SPQLIOS -DAVX512_OPT -I./src/mosfhet/include -I./include/ -I./src/mosfhet/include -I./include/ src/mosfhet/src/tlwe.c -o build/tlwe.o
gcc -g -c -O3 -DNDEBUG -Wall -Wno-unused-function -Wno-unused-result -funroll-all-loops -march=native -lm -DMAT_TRGSW_AVX512_SMALLR_SPECIALIZED -DMAT_TRGSW_AVX512_RGT4_FUSED -DSAB_PVW_RESOURCE_TEST -DSAB_PVW_RESOURCE_R=6 -DSAB_PVW_ACTIVE_BUFFER_FUSION -DUSE_SPQLIOS -DAVX512_OPT -I./src/mosfhet/include -I./include/ -I./src/mosfhet/include -I./include/ src/mosfhet/src/trlwe.c -o build/trlwe.o
gcc -g -c -O3 -DNDEBUG -Wall -Wno-unused-function -Wno-unused-result -funroll-all-loops -march=native -lm -DMAT_TRGSW_AVX512_SMALLR_SPECIALIZED -DMAT_TRGSW_AVX512_RGT4_FUSED -DSAB_PVW_RESOURCE_TEST -DSAB_PVW_RESOURCE_R=6 -DSAB_PVW_ACTIVE_BUFFER_FUSION -DUSE_SPQLIOS -DAVX512_OPT -I./src/mosfhet/include -I./include/ -I./src/mosfhet/include -I./include/ src/mosfhet/src/trgsw.c -o build/trgsw.o
gcc -g -c -O3 -DNDEBUG -Wall -Wno-unused-function -Wno-unused-result -funroll-all-loops -march=native -lm -DMAT_TRGSW_AVX512_SMALLR_SPECIALIZED -DMAT_TRGSW_AVX512_RGT4_FUSED -DSAB_PVW_RESOURCE_TEST -DSAB_PVW_RESOURCE_R=6 -DSAB_PVW_ACTIVE_BUFFER_FUSION -DUSE_SPQLIOS -DAVX512_OPT -I./src/mosfhet/include -I./include/ -I./src/mosfhet/include -I./include/ src/mosfhet/src/misc.c -o build/misc.o
gcc -g -c -O3 -DNDEBUG -Wall -Wno-unused-function -Wno-unused-result -funroll-all-loops -march=native -lm -DMAT_TRGSW_AVX512_SMALLR_SPECIALIZED -DMAT_TRGSW_AVX512_RGT4_FUSED -DSAB_PVW_RESOURCE_TEST -DSAB_PVW_RESOURCE_R=6 -DSAB_PVW_ACTIVE_BUFFER_FUSION -DUSE_SPQLIOS -DAVX512_OPT -I./src/mosfhet/include -I./include/ -I./src/mosfhet/include -I./include/ src/mosfhet/src/polynomial.c -o build/polynomial.o
gcc -g -c -O3 -DNDEBUG -Wall -Wno-unused-function -Wno-unused-result -funroll-all-loops -march=native -lm -DMAT_TRGSW_AVX512_SMALLR_SPECIALIZED -DMAT_TRGSW_AVX512_RGT4_FUSED -DSAB_PVW_RESOURCE_TEST -DSAB_PVW_RESOURCE_R=6 -DSAB_PVW_ACTIVE_BUFFER_FUSION -DUSE_SPQLIOS -DAVX512_OPT -I./src/mosfhet/include -I./include/ -I./src/mosfhet/include -I./include/ src/mosfhet/src/register.c -o build/register.o
gcc -g -c -O3 -DNDEBUG -Wall -Wno-unused-function -Wno-unused-result -funroll-all-loops -march=native -lm -DMAT_TRGSW_AVX512_SMALLR_SPECIALIZED -DMAT_TRGSW_AVX512_RGT4_FUSED -DSAB_PVW_RESOURCE_TEST -DSAB_PVW_RESOURCE_R=6 -DSAB_PVW_ACTIVE_BUFFER_FUSION -DUSE_SPQLIOS -DAVX512_OPT -I./src/mosfhet/include -I./include/ -I./src/mosfhet/include -I./include/ src/mosfhet/src/pvwtlwe.c -o build/pvwtlwe.o
gcc -g -c -O3 -DNDEBUG -Wall -Wno-unused-function -Wno-unused-result -funroll-all-loops -march=native -lm -DMAT_TRGSW_AVX512_SMALLR_SPECIALIZED -DMAT_TRGSW_AVX512_RGT4_FUSED -DSAB_PVW_RESOURCE_TEST -DSAB_PVW_RESOURCE_R=6 -DSAB_PVW_ACTIVE_BUFFER_FUSION -DUSE_SPQLIOS -DAVX512_OPT -I./src/mosfhet/include -I./include/ -I./src/mosfhet/include -I./include/ src/mosfhet/src/sha3/fips202.c -o build/fips202.o
gcc -g -c -O3 -DNDEBUG -Wall -Wno-unused-function -Wno-unused-result -funroll-all-loops -march=native -lm -DMAT_TRGSW_AVX512_SMALLR_SPECIALIZED -DMAT_TRGSW_AVX512_RGT4_FUSED -DSAB_PVW_RESOURCE_TEST -DSAB_PVW_RESOURCE_R=6 -DSAB_PVW_ACTIVE_BUFFER_FUSION -DUSE_SPQLIOS -DAVX512_OPT -I./src/mosfhet/include -I./include/ -I./src/mosfhet/include -I./include/ src/mosfhet/src/fft/karatsuba.c -o build/karatsuba.o
gcc -g -c -O3 -DNDEBUG -Wall -Wno-unused-function -Wno-unused-result -funroll-all-loops -march=native -lm -DMAT_TRGSW_AVX512_SMALLR_SPECIALIZED -DMAT_TRGSW_AVX512_RGT4_FUSED -DSAB_PVW_RESOURCE_TEST -DSAB_PVW_RESOURCE_R=6 -DSAB_PVW_ACTIVE_BUFFER_FUSION -DUSE_SPQLIOS -DAVX512_OPT -I./src/mosfhet/include -I./include/ -I./src/mosfhet/include -I./include/ src/mosfhet/src/pvwtmlwe.c -o build/pvwtmlwe.o
gcc -g -c -O3 -DNDEBUG -Wall -Wno-unused-function -Wno-unused-result -funroll-all-loops -march=native -lm -DMAT_TRGSW_AVX512_SMALLR_SPECIALIZED -DMAT_TRGSW_AVX512_RGT4_FUSED -DSAB_PVW_RESOURCE_TEST -DSAB_PVW_RESOURCE_R=6 -DSAB_PVW_ACTIVE_BUFFER_FUSION -DUSE_SPQLIOS -DAVX512_OPT -I./src/mosfhet/include -I./include/ -I./src/mosfhet/include -I./include/ src/mosfhet/src/mattrgsw.c -o build/mattrgsw.o
gcc -g -c -O3 -DNDEBUG -Wall -Wno-unused-function -Wno-unused-result -funroll-all-loops -march=native -lm -DMAT_TRGSW_AVX512_SMALLR_SPECIALIZED -DMAT_TRGSW_AVX512_RGT4_FUSED -DSAB_PVW_RESOURCE_TEST -DSAB_PVW_RESOURCE_R=6 -DSAB_PVW_ACTIVE_BUFFER_FUSION -DUSE_SPQLIOS -DAVX512_OPT -I./src/mosfhet/include -I./include/ -I./src/mosfhet/include -I./include/ src/mosfhet/src/rnd/aes_rng.c -o build/aes_rng.o
gcc -g -c -O3 -DNDEBUG -Wall -Wno-unused-function -Wno-unused-result -funroll-all-loops -march=native -lm -DMAT_TRGSW_AVX512_SMALLR_SPECIALIZED -DMAT_TRGSW_AVX512_RGT4_FUSED -DSAB_PVW_RESOURCE_TEST -DSAB_PVW_RESOURCE_R=6 -DSAB_PVW_ACTIVE_BUFFER_FUSION -DUSE_SPQLIOS -DAVX512_OPT -I./src/mosfhet/include -I./include/ -I./src/mosfhet/include -I./include/ src/mosfhet/src/fft/spqlios/spqlios-fft-avx512.s -o build/spqlios-fft-avx512.o
gcc -g -c -O3 -DNDEBUG -Wall -Wno-unused-function -Wno-unused-result -funroll-all-loops -march=native -lm -DMAT_TRGSW_AVX512_SMALLR_SPECIALIZED -DMAT_TRGSW_AVX512_RGT4_FUSED -DSAB_PVW_RESOURCE_TEST -DSAB_PVW_RESOURCE_R=6 -DSAB_PVW_ACTIVE_BUFFER_FUSION -DUSE_SPQLIOS -DAVX512_OPT -I./src/mosfhet/include -I./include/ -I./src/mosfhet/include -I./include/ src/mosfhet/src/fft/spqlios/spqlios-ifft-avx512.s -o build/spqlios-ifft-avx512.o
gcc -g -c -O3 -DNDEBUG -Wall -Wno-unused-function -Wno-unused-result -funroll-all-loops -march=native -lm -DMAT_TRGSW_AVX512_SMALLR_SPECIALIZED -DMAT_TRGSW_AVX512_RGT4_FUSED -DSAB_PVW_RESOURCE_TEST -DSAB_PVW_RESOURCE_R=6 -DSAB_PVW_ACTIVE_BUFFER_FUSION -DUSE_SPQLIOS -DAVX512_OPT -I./src/mosfhet/include -I./include/ -I./src/mosfhet/include -I./include/ src/mosfhet/src/fft/spqlios/spqlios-fft-impl-avx512.c -o build/spqlios-fft-impl-avx512.o
gcc -g -c -O3 -DNDEBUG -Wall -Wno-unused-function -Wno-unused-result -funroll-all-loops -march=native -lm -DMAT_TRGSW_AVX512_SMALLR_SPECIALIZED -DMAT_TRGSW_AVX512_RGT4_FUSED -DSAB_PVW_RESOURCE_TEST -DSAB_PVW_RESOURCE_R=6 -DSAB_PVW_ACTIVE_BUFFER_FUSION -DUSE_SPQLIOS -DAVX512_OPT -I./src/mosfhet/include -I./include/ -I./src/mosfhet/include -I./include/ src/mosfhet/src/fft/spqlios/fft_processor_spqlios.c -o build/fft_processor_spqlios.o
gcc -g -c -O3 -fwhole-program -flto  -DNDEBUG -Wall -Wno-unused-function -Wno-unused-result -funroll-all-loops -march=native -lm -DMAT_TRGSW_AVX512_SMALLR_SPECIALIZED -DMAT_TRGSW_AVX512_RGT4_FUSED -DSAB_PVW_RESOURCE_TEST -DSAB_PVW_RESOURCE_R=6 -DSAB_PVW_ACTIVE_BUFFER_FUSION -DUSE_SPQLIOS -DAVX512_OPT -I./src/mosfhet/include -I./include/ -I./src/mosfhet/include -I./include/ -DBINARY -DSET_2_3_2048 src/sparse_amortized_bootstrap.c -o build/sparse_amortized_bootstrap.o
gcc -g -c -O3 -fwhole-program -flto  -DNDEBUG -Wall -Wno-unused-function -Wno-unused-result -funroll-all-loops -march=native -lm -DMAT_TRGSW_AVX512_SMALLR_SPECIALIZED -DMAT_TRGSW_AVX512_RGT4_FUSED -DSAB_PVW_RESOURCE_TEST -DSAB_PVW_RESOURCE_R=6 -DSAB_PVW_ACTIVE_BUFFER_FUSION -DUSE_SPQLIOS -DAVX512_OPT -I./src/mosfhet/include -I./include/ -I./src/mosfhet/include -I./include/ -DBINARY -DSET_2_3_2048 src/sab_profile.c -o build/sab_profile.o
gcc -g -c -O3 -fwhole-program -flto  -DNDEBUG -Wall -Wno-unused-function -Wno-unused-result -funroll-all-loops -march=native -lm -DMAT_TRGSW_AVX512_SMALLR_SPECIALIZED -DMAT_TRGSW_AVX512_RGT4_FUSED -DSAB_PVW_RESOURCE_TEST -DSAB_PVW_RESOURCE_R=6 -DSAB_PVW_ACTIVE_BUFFER_FUSION -DUSE_SPQLIOS -DAVX512_OPT -I./src/mosfhet/include -I./include/ -I./src/mosfhet/include -I./include/ -DBINARY -DSET_2_3_2048 src/sab_pvw.c -o build/sab_pvw.o
gcc -g -c -O3 -fwhole-program -flto  -DNDEBUG -Wall -Wno-unused-function -Wno-unused-result -funroll-all-loops -march=native -lm -DMAT_TRGSW_AVX512_SMALLR_SPECIALIZED -DMAT_TRGSW_AVX512_RGT4_FUSED -DSAB_PVW_RESOURCE_TEST -DSAB_PVW_RESOURCE_R=6 -DSAB_PVW_ACTIVE_BUFFER_FUSION -DUSE_SPQLIOS -DAVX512_OPT -I./src/mosfhet/include -I./include/ -I./src/mosfhet/include -I./include/ -DBINARY -DSET_2_3_2048 main.c -o build/main.o
gcc -g -o main build/keyswitch.o build/bootstrap.o build/bootstrap_ga.o build/tlwe.o build/trlwe.o build/trgsw.o build/misc.o build/polynomial.o build/register.o build/pvwtlwe.o build/fips202.o build/karatsuba.o build/pvwtmlwe.o build/mattrgsw.o build/aes_rng.o build/spqlios-fft-avx512.o build/spqlios-ifft-avx512.o build/spqlios-fft-impl-avx512.o build/fft_processor_spqlios.o build/sparse_amortized_bootstrap.o build/sab_profile.o build/sab_pvw.o build/main.o  -lm
/usr/bin/ld: warning: build/spqlios-ifft-avx512.o: missing .note.GNU-stack section implies executable stack
/usr/bin/ld: NOTE: This behaviour is deprecated and will be removed in a future version of the linker
Stage 25 resource matrix summary: repro/stage79_rgt4_fused_high_stat/resource_run_0/summary.csv
rm -rf ./build main
mkdir -p ./build
gcc -g -c -O3 -DNDEBUG -Wall -Wno-unused-function -Wno-unused-result -funroll-all-loops -march=native -lm -DMAT_TRGSW_AVX512_SMALLR_SPECIALIZED -DMAT_TRGSW_AVX512_RGT4_FUSED -DSAB_PVW_RESOURCE_TEST -DSAB_PVW_RESOURCE_R=6 -DSAB_PVW_ACTIVE_BUFFER_FUSION -DUSE_SPQLIOS -DAVX512_OPT -I./src/mosfhet/include -I./include/ -I./src/mosfhet/include -I./include/ src/mosfhet/src/keyswitch.c -o build/keyswitch.o
gcc -g -c -O3 -DNDEBUG -Wall -Wno-unused-function -Wno-unused-result -funroll-all-loops -march=native -lm -DMAT_TRGSW_AVX512_SMALLR_SPECIALIZED -DMAT_TRGSW_AVX512_RGT4_FUSED -DSAB_PVW_RESOURCE_TEST -DSAB_PVW_RESOURCE_R=6 -DSAB_PVW_ACTIVE_BUFFER_FUSION -DUSE_SPQLIOS -DAVX512_OPT -I./src/mosfhet/include -I./include/ -I./src/mosfhet/include -I./include/ src/mosfhet/src/bootstrap.c -o build/bootstrap.o
gcc -g -c -O3 -DNDEBUG -Wall -Wno-unused-function -Wno-unused-result -funroll-all-loops -march=native -lm -DMAT_TRGSW_AVX512_SMALLR_SPECIALIZED -DMAT_TRGSW_AVX512_RGT4_FUSED -DSAB_PVW_RESOURCE_TEST -DSAB_PVW_RESOURCE_R=6 -DSAB_PVW_ACTIVE_BUFFER_FUSION -DUSE_SPQLIOS -DAVX512_OPT -I./src/mosfhet/include -I./include/ -I./src/mosfhet/include -I./include/ src/mosfhet/src/bootstrap_ga.c -o build/bootstrap_ga.o
gcc -g -c -O3 -DNDEBUG -Wall -Wno-unused-function -Wno-unused-result -funroll-all-loops -march=native -lm -DMAT_TRGSW_AVX512_SMALLR_SPECIALIZED -DMAT_TRGSW_AVX512_RGT4_FUSED -DSAB_PVW_RESOURCE_TEST -DSAB_PVW_RESOURCE_R=6 -DSAB_PVW_ACTIVE_BUFFER_FUSION -DUSE_SPQLIOS -DAVX512_OPT -I./src/mosfhet/include -I./include/ -I./src/mosfhet/include -I./include/ src/mosfhet/src/tlwe.c -o build/tlwe.o
gcc -g -c -O3 -DNDEBUG -Wall -Wno-unused-function -Wno-unused-result -funroll-all-loops -march=native -lm -DMAT_TRGSW_AVX512_SMALLR_SPECIALIZED -DMAT_TRGSW_AVX512_RGT4_FUSED -DSAB_PVW_RESOURCE_TEST -DSAB_PVW_RESOURCE_R=6 -DSAB_PVW_ACTIVE_BUFFER_FUSION -DUSE_SPQLIOS -DAVX512_OPT -I./src/mosfhet/include -I./include/ -I./src/mosfhet/include -I./include/ src/mosfhet/src/trlwe.c -o build/trlwe.o
gcc -g -c -O3 -DNDEBUG -Wall -Wno-unused-function -Wno-unused-result -funroll-all-loops -march=native -lm -DMAT_TRGSW_AVX512_SMALLR_SPECIALIZED -DMAT_TRGSW_AVX512_RGT4_FUSED -DSAB_PVW_RESOURCE_TEST -DSAB_PVW_RESOURCE_R=6 -DSAB_PVW_ACTIVE_BUFFER_FUSION -DUSE_SPQLIOS -DAVX512_OPT -I./src/mosfhet/include -I./include/ -I./src/mosfhet/include -I./include/ src/mosfhet/src/trgsw.c -o build/trgsw.o
gcc -g -c -O3 -DNDEBUG -Wall -Wno-unused-function -Wno-unused-result -funroll-all-loops -march=native -lm -DMAT_TRGSW_AVX512_SMALLR_SPECIALIZED -DMAT_TRGSW_AVX512_RGT4_FUSED -DSAB_PVW_RESOURCE_TEST -DSAB_PVW_RESOURCE_R=6 -DSAB_PVW_ACTIVE_BUFFER_FUSION -DUSE_SPQLIOS -DAVX512_OPT -I./src/mosfhet/include -I./include/ -I./src/mosfhet/include -I./include/ src/mosfhet/src/misc.c -o build/misc.o
gcc -g -c -O3 -DNDEBUG -Wall -Wno-unused-function -Wno-unused-result -funroll-all-loops -march=native -lm -DMAT_TRGSW_AVX512_SMALLR_SPECIALIZED -DMAT_TRGSW_AVX512_RGT4_FUSED -DSAB_PVW_RESOURCE_TEST -DSAB_PVW_RESOURCE_R=6 -DSAB_PVW_ACTIVE_BUFFER_FUSION -DUSE_SPQLIOS -DAVX512_OPT -I./src/mosfhet/include -I./include/ -I./src/mosfhet/include -I./include/ src/mosfhet/src/polynomial.c -o build/polynomial.o
gcc -g -c -O3 -DNDEBUG -Wall -Wno-unused-function -Wno-unused-result -funroll-all-loops -march=native -lm -DMAT_TRGSW_AVX512_SMALLR_SPECIALIZED -DMAT_TRGSW_AVX512_RGT4_FUSED -DSAB_PVW_RESOURCE_TEST -DSAB_PVW_RESOURCE_R=6 -DSAB_PVW_ACTIVE_BUFFER_FUSION -DUSE_SPQLIOS -DAVX512_OPT -I./src/mosfhet/include -I./include/ -I./src/mosfhet/include -I./include/ src/mosfhet/src/register.c -o build/register.o
gcc -g -c -O3 -DNDEBUG -Wall -Wno-unused-function -Wno-unused-result -funroll-all-loops -march=native -lm -DMAT_TRGSW_AVX512_SMALLR_SPECIALIZED -DMAT_TRGSW_AVX512_RGT4_FUSED -DSAB_PVW_RESOURCE_TEST -DSAB_PVW_RESOURCE_R=6 -DSAB_PVW_ACTIVE_BUFFER_FUSION -DUSE_SPQLIOS -DAVX512_OPT -I./src/mosfhet/include -I./include/ -I./src/mosfhet/include -I./include/ src/mosfhet/src/pvwtlwe.c -o build/pvwtlwe.o
gcc -g -c -O3 -DNDEBUG -Wall -Wno-unused-function -Wno-unused-result -funroll-all-loops -march=native -lm -DMAT_TRGSW_AVX512_SMALLR_SPECIALIZED -DMAT_TRGSW_AVX512_RGT4_FUSED -DSAB_PVW_RESOURCE_TEST -DSAB_PVW_RESOURCE_R=6 -DSAB_PVW_ACTIVE_BUFFER_FUSION -DUSE_SPQLIOS -DAVX512_OPT -I./src/mosfhet/include -I./include/ -I./src/mosfhet/include -I./include/ src/mosfhet/src/sha3/fips202.c -o build/fips202.o
gcc -g -c -O3 -DNDEBUG -Wall -Wno-unused-function -Wno-unused-result -funroll-all-loops -march=native -lm -DMAT_TRGSW_AVX512_SMALLR_SPECIALIZED -DMAT_TRGSW_AVX512_RGT4_FUSED -DSAB_PVW_RESOURCE_TEST -DSAB_PVW_RESOURCE_R=6 -DSAB_PVW_ACTIVE_BUFFER_FUSION -DUSE_SPQLIOS -DAVX512_OPT -I./src/mosfhet/include -I./include/ -I./src/mosfhet/include -I./include/ src/mosfhet/src/fft/karatsuba.c -o build/karatsuba.o
gcc -g -c -O3 -DNDEBUG -Wall -Wno-unused-function -Wno-unused-result -funroll-all-loops -march=native -lm -DMAT_TRGSW_AVX512_SMALLR_SPECIALIZED -DMAT_TRGSW_AVX512_RGT4_FUSED -DSAB_PVW_RESOURCE_TEST -DSAB_PVW_RESOURCE_R=6 -DSAB_PVW_ACTIVE_BUFFER_FUSION -DUSE_SPQLIOS -DAVX512_OPT -I./src/mosfhet/include -I./include/ -I./src/mosfhet/include -I./include/ src/mosfhet/src/pvwtmlwe.c -o build/pvwtmlwe.o
gcc -g -c -O3 -DNDEBUG -Wall -Wno-unused-function -Wno-unused-result -funroll-all-loops -march=native -lm -DMAT_TRGSW_AVX512_SMALLR_SPECIALIZED -DMAT_TRGSW_AVX512_RGT4_FUSED -DSAB_PVW_RESOURCE_TEST -DSAB_PVW_RESOURCE_R=6 -DSAB_PVW_ACTIVE_BUFFER_FUSION -DUSE_SPQLIOS -DAVX512_OPT -I./src/mosfhet/include -I./include/ -I./src/mosfhet/include -I./include/ src/mosfhet/src/mattrgsw.c -o build/mattrgsw.o
gcc -g -c -O3 -DNDEBUG -Wall -Wno-unused-function -Wno-unused-result -funroll-all-loops -march=native -lm -DMAT_TRGSW_AVX512_SMALLR_SPECIALIZED -DMAT_TRGSW_AVX512_RGT4_FUSED -DSAB_PVW_RESOURCE_TEST -DSAB_PVW_RESOURCE_R=6 -DSAB_PVW_ACTIVE_BUFFER_FUSION -DUSE_SPQLIOS -DAVX512_OPT -I./src/mosfhet/include -I./include/ -I./src/mosfhet/include -I./include/ src/mosfhet/src/rnd/aes_rng.c -o build/aes_rng.o
gcc -g -c -O3 -DNDEBUG -Wall -Wno-unused-function -Wno-unused-result -funroll-all-loops -march=native -lm -DMAT_TRGSW_AVX512_SMALLR_SPECIALIZED -DMAT_TRGSW_AVX512_RGT4_FUSED -DSAB_PVW_RESOURCE_TEST -DSAB_PVW_RESOURCE_R=6 -DSAB_PVW_ACTIVE_BUFFER_FUSION -DUSE_SPQLIOS -DAVX512_OPT -I./src/mosfhet/include -I./include/ -I./src/mosfhet/include -I./include/ src/mosfhet/src/fft/spqlios/spqlios-fft-avx512.s -o build/spqlios-fft-avx512.o
gcc -g -c -O3 -DNDEBUG -Wall -Wno-unused-function -Wno-unused-result -funroll-all-loops -march=native -lm -DMAT_TRGSW_AVX512_SMALLR_SPECIALIZED -DMAT_TRGSW_AVX512_RGT4_FUSED -DSAB_PVW_RESOURCE_TEST -DSAB_PVW_RESOURCE_R=6 -DSAB_PVW_ACTIVE_BUFFER_FUSION -DUSE_SPQLIOS -DAVX512_OPT -I./src/mosfhet/include -I./include/ -I./src/mosfhet/include -I./include/ src/mosfhet/src/fft/spqlios/spqlios-ifft-avx512.s -o build/spqlios-ifft-avx512.o
gcc -g -c -O3 -DNDEBUG -Wall -Wno-unused-function -Wno-unused-result -funroll-all-loops -march=native -lm -DMAT_TRGSW_AVX512_SMALLR_SPECIALIZED -DMAT_TRGSW_AVX512_RGT4_FUSED -DSAB_PVW_RESOURCE_TEST -DSAB_PVW_RESOURCE_R=6 -DSAB_PVW_ACTIVE_BUFFER_FUSION -DUSE_SPQLIOS -DAVX512_OPT -I./src/mosfhet/include -I./include/ -I./src/mosfhet/include -I./include/ src/mosfhet/src/fft/spqlios/spqlios-fft-impl-avx512.c -o build/spqlios-fft-impl-avx512.o
gcc -g -c -O3 -DNDEBUG -Wall -Wno-unused-function -Wno-unused-result -funroll-all-loops -march=native -lm -DMAT_TRGSW_AVX512_SMALLR_SPECIALIZED -DMAT_TRGSW_AVX512_RGT4_FUSED -DSAB_PVW_RESOURCE_TEST -DSAB_PVW_RESOURCE_R=6 -DSAB_PVW_ACTIVE_BUFFER_FUSION -DUSE_SPQLIOS -DAVX512_OPT -I./src/mosfhet/include -I./include/ -I./src/mosfhet/include -I./include/ src/mosfhet/src/fft/spqlios/fft_processor_spqlios.c -o build/fft_processor_spqlios.o
gcc -g -c -O3 -fwhole-program -flto  -DNDEBUG -Wall -Wno-unused-function -Wno-unused-result -funroll-all-loops -march=native -lm -DMAT_TRGSW_AVX512_SMALLR_SPECIALIZED -DMAT_TRGSW_AVX512_RGT4_FUSED -DSAB_PVW_RESOURCE_TEST -DSAB_PVW_RESOURCE_R=6 -DSAB_PVW_ACTIVE_BUFFER_FUSION -DUSE_SPQLIOS -DAVX512_OPT -I./src/mosfhet/include -I./include/ -I./src/mosfhet/include -I./include/ -DBINARY -DSET_2_3_2048 src/sparse_amortized_bootstrap.c -o build/sparse_amortized_bootstrap.o
gcc -g -c -O3 -fwhole-program -flto  -DNDEBUG -Wall -Wno-unused-function -Wno-unused-result -funroll-all-loops -march=native -lm -DMAT_TRGSW_AVX512_SMALLR_SPECIALIZED -DMAT_TRGSW_AVX512_RGT4_FUSED -DSAB_PVW_RESOURCE_TEST -DSAB_PVW_RESOURCE_R=6 -DSAB_PVW_ACTIVE_BUFFER_FUSION -DUSE_SPQLIOS -DAVX512_OPT -I./src/mosfhet/include -I./include/ -I./src/mosfhet/include -I./include/ -DBINARY -DSET_2_3_2048 src/sab_profile.c -o build/sab_profile.o
gcc -g -c -O3 -fwhole-program -flto  -DNDEBUG -Wall -Wno-unused-function -Wno-unused-result -funroll-all-loops -march=native -lm -DMAT_TRGSW_AVX512_SMALLR_SPECIALIZED -DMAT_TRGSW_AVX512_RGT4_FUSED -DSAB_PVW_RESOURCE_TEST -DSAB_PVW_RESOURCE_R=6 -DSAB_PVW_ACTIVE_BUFFER_FUSION -DUSE_SPQLIOS -DAVX512_OPT -I./src/mosfhet/include -I./include/ -I./src/mosfhet/include -I./include/ -DBINARY -DSET_2_3_2048 src/sab_pvw.c -o build/sab_pvw.o
gcc -g -c -O3 -fwhole-program -flto  -DNDEBUG -Wall -Wno-unused-function -Wno-unused-result -funroll-all-loops -march=native -lm -DMAT_TRGSW_AVX512_SMALLR_SPECIALIZED -DMAT_TRGSW_AVX512_RGT4_FUSED -DSAB_PVW_RESOURCE_TEST -DSAB_PVW_RESOURCE_R=6 -DSAB_PVW_ACTIVE_BUFFER_FUSION -DUSE_SPQLIOS -DAVX512_OPT -I./src/mosfhet/include -I./include/ -I./src/mosfhet/include -I./include/ -DBINARY -DSET_2_3_2048 main.c -o build/main.o
gcc -g -o main build/keyswitch.o build/bootstrap.o build/bootstrap_ga.o build/tlwe.o build/trlwe.o build/trgsw.o build/misc.o build/polynomial.o build/register.o build/pvwtlwe.o build/fips202.o build/karatsuba.o build/pvwtmlwe.o build/mattrgsw.o build/aes_rng.o build/spqlios-fft-avx512.o build/spqlios-ifft-avx512.o build/spqlios-fft-impl-avx512.o build/fft_processor_spqlios.o build/sparse_amortized_bootstrap.o build/sab_profile.o build/sab_pvw.o build/main.o  -lm
/usr/bin/ld: warning: build/spqlios-ifft-avx512.o: missing .note.GNU-stack section implies executable stack
/usr/bin/ld: NOTE: This behaviour is deprecated and will be removed in a future version of the linker
Stage 25 resource matrix summary: repro/stage79_rgt4_fused_high_stat/resource_run_1/summary.csv
rm -rf ./build main
mkdir -p ./build
gcc -g -c -O3 -DNDEBUG -Wall -Wno-unused-function -Wno-unused-result -funroll-all-loops -march=native -lm -DMAT_TRGSW_AVX512_SMALLR_SPECIALIZED -DMAT_TRGSW_AVX512_RGT4_FUSED -DSAB_PVW_RESOURCE_TEST -DSAB_PVW_RESOURCE_R=6 -DSAB_PVW_ACTIVE_BUFFER_FUSION -DUSE_SPQLIOS -DAVX512_OPT -I./src/mosfhet/include -I./include/ -I./src/mosfhet/include -I./include/ src/mosfhet/src/keyswitch.c -o build/keyswitch.o
gcc -g -c -O3 -DNDEBUG -Wall -Wno-unused-function -Wno-unused-result -funroll-all-loops -march=native -lm -DMAT_TRGSW_AVX512_SMALLR_SPECIALIZED -DMAT_TRGSW_AVX512_RGT4_FUSED -DSAB_PVW_RESOURCE_TEST -DSAB_PVW_RESOURCE_R=6 -DSAB_PVW_ACTIVE_BUFFER_FUSION -DUSE_SPQLIOS -DAVX512_OPT -I./src/mosfhet/include -I./include/ -I./src/mosfhet/include -I./include/ src/mosfhet/src/bootstrap.c -o build/bootstrap.o
gcc -g -c -O3 -DNDEBUG -Wall -Wno-unused-function -Wno-unused-result -funroll-all-loops -march=native -lm -DMAT_TRGSW_AVX512_SMALLR_SPECIALIZED -DMAT_TRGSW_AVX512_RGT4_FUSED -DSAB_PVW_RESOURCE_TEST -DSAB_PVW_RESOURCE_R=6 -DSAB_PVW_ACTIVE_BUFFER_FUSION -DUSE_SPQLIOS -DAVX512_OPT -I./src/mosfhet/include -I./include/ -I./src/mosfhet/include -I./include/ src/mosfhet/src/bootstrap_ga.c -o build/bootstrap_ga.o
gcc -g -c -O3 -DNDEBUG -Wall -Wno-unused-function -Wno-unused-result -funroll-all-loops -march=native -lm -DMAT_TRGSW_AVX512_SMALLR_SPECIALIZED -DMAT_TRGSW_AVX512_RGT4_FUSED -DSAB_PVW_RESOURCE_TEST -DSAB_PVW_RESOURCE_R=6 -DSAB_PVW_ACTIVE_BUFFER_FUSION -DUSE_SPQLIOS -DAVX512_OPT -I./src/mosfhet/include -I./include/ -I./src/mosfhet/include -I./include/ src/mosfhet/src/tlwe.c -o build/tlwe.o
gcc -g -c -O3 -DNDEBUG -Wall -Wno-unused-function -Wno-unused-result -funroll-all-loops -march=native -lm -DMAT_TRGSW_AVX512_SMALLR_SPECIALIZED -DMAT_TRGSW_AVX512_RGT4_FUSED -DSAB_PVW_RESOURCE_TEST -DSAB_PVW_RESOURCE_R=6 -DSAB_PVW_ACTIVE_BUFFER_FUSION -DUSE_SPQLIOS -DAVX512_OPT -I./src/mosfhet/include -I./include/ -I./src/mosfhet/include -I./include/ src/mosfhet/src/trlwe.c -o build/trlwe.o
gcc -g -c -O3 -DNDEBUG -Wall -Wno-unused-function -Wno-unused-result -funroll-all-loops -march=native -lm -DMAT_TRGSW_AVX512_SMALLR_SPECIALIZED -DMAT_TRGSW_AVX512_RGT4_FUSED -DSAB_PVW_RESOURCE_TEST -DSAB_PVW_RESOURCE_R=6 -DSAB_PVW_ACTIVE_BUFFER_FUSION -DUSE_SPQLIOS -DAVX512_OPT -I./src/mosfhet/include -I./include/ -I./src/mosfhet/include -I./include/ src/mosfhet/src/trgsw.c -o build/trgsw.o
gcc -g -c -O3 -DNDEBUG -Wall -Wno-unused-function -Wno-unused-result -funroll-all-loops -march=native -lm -DMAT_TRGSW_AVX512_SMALLR_SPECIALIZED -DMAT_TRGSW_AVX512_RGT4_FUSED -DSAB_PVW_RESOURCE_TEST -DSAB_PVW_RESOURCE_R=6 -DSAB_PVW_ACTIVE_BUFFER_FUSION -DUSE_SPQLIOS -DAVX512_OPT -I./src/mosfhet/include -I./include/ -I./src/mosfhet/include -I./include/ src/mosfhet/src/misc.c -o build/misc.o
gcc -g -c -O3 -DNDEBUG -Wall -Wno-unused-function -Wno-unused-result -funroll-all-loops -march=native -lm -DMAT_TRGSW_AVX512_SMALLR_SPECIALIZED -DMAT_TRGSW_AVX512_RGT4_FUSED -DSAB_PVW_RESOURCE_TEST -DSAB_PVW_RESOURCE_R=6 -DSAB_PVW_ACTIVE_BUFFER_FUSION -DUSE_SPQLIOS -DAVX512_OPT -I./src/mosfhet/include -I./include/ -I./src/mosfhet/include -I./include/ src/mosfhet/src/polynomial.c -o build/polynomial.o
gcc -g -c -O3 -DNDEBUG -Wall -Wno-unused-function -Wno-unused-result -funroll-all-loops -march=native -lm -DMAT_TRGSW_AVX512_SMALLR_SPECIALIZED -DMAT_TRGSW_AVX512_RGT4_FUSED -DSAB_PVW_RESOURCE_TEST -DSAB_PVW_RESOURCE_R=6 -DSAB_PVW_ACTIVE_BUFFER_FUSION -DUSE_SPQLIOS -DAVX512_OPT -I./src/mosfhet/include -I./include/ -I./src/mosfhet/include -I./include/ src/mosfhet/src/register.c -o build/register.o
gcc -g -c -O3 -DNDEBUG -Wall -Wno-unused-function -Wno-unused-result -funroll-all-loops -march=native -lm -DMAT_TRGSW_AVX512_SMALLR_SPECIALIZED -DMAT_TRGSW_AVX512_RGT4_FUSED -DSAB_PVW_RESOURCE_TEST -DSAB_PVW_RESOURCE_R=6 -DSAB_PVW_ACTIVE_BUFFER_FUSION -DUSE_SPQLIOS -DAVX512_OPT -I./src/mosfhet/include -I./include/ -I./src/mosfhet/include -I./include/ src/mosfhet/src/pvwtlwe.c -o build/pvwtlwe.o
gcc -g -c -O3 -DNDEBUG -Wall -Wno-unused-function -Wno-unused-result -funroll-all-loops -march=native -lm -DMAT_TRGSW_AVX512_SMALLR_SPECIALIZED -DMAT_TRGSW_AVX512_RGT4_FUSED -DSAB_PVW_RESOURCE_TEST -DSAB_PVW_RESOURCE_R=6 -DSAB_PVW_ACTIVE_BUFFER_FUSION -DUSE_SPQLIOS -DAVX512_OPT -I./src/mosfhet/include -I./include/ -I./src/mosfhet/include -I./include/ src/mosfhet/src/sha3/fips202.c -o build/fips202.o
gcc -g -c -O3 -DNDEBUG -Wall -Wno-unused-function -Wno-unused-result -funroll-all-loops -march=native -lm -DMAT_TRGSW_AVX512_SMALLR_SPECIALIZED -DMAT_TRGSW_AVX512_RGT4_FUSED -DSAB_PVW_RESOURCE_TEST -DSAB_PVW_RESOURCE_R=6 -DSAB_PVW_ACTIVE_BUFFER_FUSION -DUSE_SPQLIOS -DAVX512_OPT -I./src/mosfhet/include -I./include/ -I./src/mosfhet/include -I./include/ src/mosfhet/src/fft/karatsuba.c -o build/karatsuba.o
gcc -g -c -O3 -DNDEBUG -Wall -Wno-unused-function -Wno-unused-result -funroll-all-loops -march=native -lm -DMAT_TRGSW_AVX512_SMALLR_SPECIALIZED -DMAT_TRGSW_AVX512_RGT4_FUSED -DSAB_PVW_RESOURCE_TEST -DSAB_PVW_RESOURCE_R=6 -DSAB_PVW_ACTIVE_BUFFER_FUSION -DUSE_SPQLIOS -DAVX512_OPT -I./src/mosfhet/include -I./include/ -I./src/mosfhet/include -I./include/ src/mosfhet/src/pvwtmlwe.c -o build/pvwtmlwe.o
gcc -g -c -O3 -DNDEBUG -Wall -Wno-unused-function -Wno-unused-result -funroll-all-loops -march=native -lm -DMAT_TRGSW_AVX512_SMALLR_SPECIALIZED -DMAT_TRGSW_AVX512_RGT4_FUSED -DSAB_PVW_RESOURCE_TEST -DSAB_PVW_RESOURCE_R=6 -DSAB_PVW_ACTIVE_BUFFER_FUSION -DUSE_SPQLIOS -DAVX512_OPT -I./src/mosfhet/include -I./include/ -I./src/mosfhet/include -I./include/ src/mosfhet/src/mattrgsw.c -o build/mattrgsw.o
gcc -g -c -O3 -DNDEBUG -Wall -Wno-unused-function -Wno-unused-result -funroll-all-loops -march=native -lm -DMAT_TRGSW_AVX512_SMALLR_SPECIALIZED -DMAT_TRGSW_AVX512_RGT4_FUSED -DSAB_PVW_RESOURCE_TEST -DSAB_PVW_RESOURCE_R=6 -DSAB_PVW_ACTIVE_BUFFER_FUSION -DUSE_SPQLIOS -DAVX512_OPT -I./src/mosfhet/include -I./include/ -I./src/mosfhet/include -I./include/ src/mosfhet/src/rnd/aes_rng.c -o build/aes_rng.o
gcc -g -c -O3 -DNDEBUG -Wall -Wno-unused-function -Wno-unused-result -funroll-all-loops -march=native -lm -DMAT_TRGSW_AVX512_SMALLR_SPECIALIZED -DMAT_TRGSW_AVX512_RGT4_FUSED -DSAB_PVW_RESOURCE_TEST -DSAB_PVW_RESOURCE_R=6 -DSAB_PVW_ACTIVE_BUFFER_FUSION -DUSE_SPQLIOS -DAVX512_OPT -I./src/mosfhet/include -I./include/ -I./src/mosfhet/include -I./include/ src/mosfhet/src/fft/spqlios/spqlios-fft-avx512.s -o build/spqlios-fft-avx512.o
gcc -g -c -O3 -DNDEBUG -Wall -Wno-unused-function -Wno-unused-result -funroll-all-loops -march=native -lm -DMAT_TRGSW_AVX512_SMALLR_SPECIALIZED -DMAT_TRGSW_AVX512_RGT4_FUSED -DSAB_PVW_RESOURCE_TEST -DSAB_PVW_RESOURCE_R=6 -DSAB_PVW_ACTIVE_BUFFER_FUSION -DUSE_SPQLIOS -DAVX512_OPT -I./src/mosfhet/include -I./include/ -I./src/mosfhet/include -I./include/ src/mosfhet/src/fft/spqlios/spqlios-ifft-avx512.s -o build/spqlios-ifft-avx512.o
gcc -g -c -O3 -DNDEBUG -Wall -Wno-unused-function -Wno-unused-result -funroll-all-loops -march=native -lm -DMAT_TRGSW_AVX512_SMALLR_SPECIALIZED -DMAT_TRGSW_AVX512_RGT4_FUSED -DSAB_PVW_RESOURCE_TEST -DSAB_PVW_RESOURCE_R=6 -DSAB_PVW_ACTIVE_BUFFER_FUSION -DUSE_SPQLIOS -DAVX512_OPT -I./src/mosfhet/include -I./include/ -I./src/mosfhet/include -I./include/ src/mosfhet/src/fft/spqlios/spqlios-fft-impl-avx512.c -o build/spqlios-fft-impl-avx512.o
gcc -g -c -O3 -DNDEBUG -Wall -Wno-unused-function -Wno-unused-result -funroll-all-loops -march=native -lm -DMAT_TRGSW_AVX512_SMALLR_SPECIALIZED -DMAT_TRGSW_AVX512_RGT4_FUSED -DSAB_PVW_RESOURCE_TEST -DSAB_PVW_RESOURCE_R=6 -DSAB_PVW_ACTIVE_BUFFER_FUSION -DUSE_SPQLIOS -DAVX512_OPT -I./src/mosfhet/include -I./include/ -I./src/mosfhet/include -I./include/ src/mosfhet/src/fft/spqlios/fft_processor_spqlios.c -o build/fft_processor_spqlios.o
gcc -g -c -O3 -fwhole-program -flto  -DNDEBUG -Wall -Wno-unused-function -Wno-unused-result -funroll-all-loops -march=native -lm -DMAT_TRGSW_AVX512_SMALLR_SPECIALIZED -DMAT_TRGSW_AVX512_RGT4_FUSED -DSAB_PVW_RESOURCE_TEST -DSAB_PVW_RESOURCE_R=6 -DSAB_PVW_ACTIVE_BUFFER_FUSION -DUSE_SPQLIOS -DAVX512_OPT -I./src/mosfhet/include -I./include/ -I./src/mosfhet/include -I./include/ -DBINARY -DSET_2_3_2048 src/sparse_amortized_bootstrap.c -o build/sparse_amortized_bootstrap.o
gcc -g -c -O3 -fwhole-program -flto  -DNDEBUG -Wall -Wno-unused-function -Wno-unused-result -funroll-all-loops -march=native -lm -DMAT_TRGSW_AVX512_SMALLR_SPECIALIZED -DMAT_TRGSW_AVX512_RGT4_FUSED -DSAB_PVW_RESOURCE_TEST -DSAB_PVW_RESOURCE_R=6 -DSAB_PVW_ACTIVE_BUFFER_FUSION -DUSE_SPQLIOS -DAVX512_OPT -I./src/mosfhet/include -I./include/ -I./src/mosfhet/include -I./include/ -DBINARY -DSET_2_3_2048 src/sab_profile.c -o build/sab_profile.o
gcc -g -c -O3 -fwhole-program -flto  -DNDEBUG -Wall -Wno-unused-function -Wno-unused-result -funroll-all-loops -march=native -lm -DMAT_TRGSW_AVX512_SMALLR_SPECIALIZED -DMAT_TRGSW_AVX512_RGT4_FUSED -DSAB_PVW_RESOURCE_TEST -DSAB_PVW_RESOURCE_R=6 -DSAB_PVW_ACTIVE_BUFFER_FUSION -DUSE_SPQLIOS -DAVX512_OPT -I./src/mosfhet/include -I./include/ -I./src/mosfhet/include -I./include/ -DBINARY -DSET_2_3_2048 src/sab_pvw.c -o build/sab_pvw.o
gcc -g -c -O3 -fwhole-program -flto  -DNDEBUG -Wall -Wno-unused-function -Wno-unused-result -funroll-all-loops -march=native -lm -DMAT_TRGSW_AVX512_SMALLR_SPECIALIZED -DMAT_TRGSW_AVX512_RGT4_FUSED -DSAB_PVW_RESOURCE_TEST -DSAB_PVW_RESOURCE_R=6 -DSAB_PVW_ACTIVE_BUFFER_FUSION -DUSE_SPQLIOS -DAVX512_OPT -I./src/mosfhet/include -I./include/ -I./src/mosfhet/include -I./include/ -DBINARY -DSET_2_3_2048 main.c -o build/main.o
gcc -g -o main build/keyswitch.o build/bootstrap.o build/bootstrap_ga.o build/tlwe.o build/trlwe.o build/trgsw.o build/misc.o build/polynomial.o build/register.o build/pvwtlwe.o build/fips202.o build/karatsuba.o build/pvwtmlwe.o build/mattrgsw.o build/aes_rng.o build/spqlios-fft-avx512.o build/spqlios-ifft-avx512.o build/spqlios-fft-impl-avx512.o build/fft_processor_spqlios.o build/sparse_amortized_bootstrap.o build/sab_profile.o build/sab_pvw.o build/main.o  -lm
/usr/bin/ld: warning: build/spqlios-ifft-avx512.o: missing .note.GNU-stack section implies executable stack
/usr/bin/ld: NOTE: This behaviour is deprecated and will be removed in a future version of the linker
Stage 25 resource matrix summary: repro/stage79_rgt4_fused_high_stat/resource_run_2/summary.csv
Wrote repro/stage79_rgt4_fused_high_stat/full_sab_high_stat.csv
Wrote repro/stage79_rgt4_fused_high_stat/noise_summary.csv
Wrote repro/stage79_rgt4_fused_high_stat/resource_samples.csv
Wrote repro/stage79_rgt4_fused_high_stat/resource_summary.csv
Wrote repro/stage79_rgt4_fused_high_stat/summary.csv
Wrote docs/stage79_rgt4_fused_high_stat_log.md
Stage79 r>4 fused high-stat confirmation: PASS_RGT4_FUSED_HIGH_STAT_RECORDED_REVIEW_REQUIRED
