mkdir -p ./build_wsl
gcc -g -c -O3 -DNDEBUG -Wall -Wno-unused-function -Wno-unused-result -funroll-all-loops -march=haswell -lm -DMOSFHET_DETERMINISTIC_RNG -DMOSFHET_TEST_RNG_SEED=1 -DUSE_SHAKE -DPORTABLE_BUILD -I./src/mosfhet/include -I./include/ -I./src/mosfhet/include -I./include/ src/mosfhet/src/keyswitch.c -o build_wsl/keyswitch.o
gcc -g -c -O3 -DNDEBUG -Wall -Wno-unused-function -Wno-unused-result -funroll-all-loops -march=haswell -lm -DMOSFHET_DETERMINISTIC_RNG -DMOSFHET_TEST_RNG_SEED=1 -DUSE_SHAKE -DPORTABLE_BUILD -I./src/mosfhet/include -I./include/ -I./src/mosfhet/include -I./include/ src/mosfhet/src/bootstrap.c -o build_wsl/bootstrap.o
gcc -g -c -O3 -DNDEBUG -Wall -Wno-unused-function -Wno-unused-result -funroll-all-loops -march=haswell -lm -DMOSFHET_DETERMINISTIC_RNG -DMOSFHET_TEST_RNG_SEED=1 -DUSE_SHAKE -DPORTABLE_BUILD -I./src/mosfhet/include -I./include/ -I./src/mosfhet/include -I./include/ src/mosfhet/src/bootstrap_ga.c -o build_wsl/bootstrap_ga.o
gcc -g -c -O3 -DNDEBUG -Wall -Wno-unused-function -Wno-unused-result -funroll-all-loops -march=haswell -lm -DMOSFHET_DETERMINISTIC_RNG -DMOSFHET_TEST_RNG_SEED=1 -DUSE_SHAKE -DPORTABLE_BUILD -I./src/mosfhet/include -I./include/ -I./src/mosfhet/include -I./include/ src/mosfhet/src/tlwe.c -o build_wsl/tlwe.o
gcc -g -c -O3 -DNDEBUG -Wall -Wno-unused-function -Wno-unused-result -funroll-all-loops -march=haswell -lm -DMOSFHET_DETERMINISTIC_RNG -DMOSFHET_TEST_RNG_SEED=1 -DUSE_SHAKE -DPORTABLE_BUILD -I./src/mosfhet/include -I./include/ -I./src/mosfhet/include -I./include/ src/mosfhet/src/trlwe.c -o build_wsl/trlwe.o
gcc -g -c -O3 -DNDEBUG -Wall -Wno-unused-function -Wno-unused-result -funroll-all-loops -march=haswell -lm -DMOSFHET_DETERMINISTIC_RNG -DMOSFHET_TEST_RNG_SEED=1 -DUSE_SHAKE -DPORTABLE_BUILD -I./src/mosfhet/include -I./include/ -I./src/mosfhet/include -I./include/ src/mosfhet/src/trgsw.c -o build_wsl/trgsw.o
gcc -g -c -O3 -DNDEBUG -Wall -Wno-unused-function -Wno-unused-result -funroll-all-loops -march=haswell -lm -DMOSFHET_DETERMINISTIC_RNG -DMOSFHET_TEST_RNG_SEED=1 -DUSE_SHAKE -DPORTABLE_BUILD -I./src/mosfhet/include -I./include/ -I./src/mosfhet/include -I./include/ src/mosfhet/src/misc.c -o build_wsl/misc.o
gcc -g -c -O3 -DNDEBUG -Wall -Wno-unused-function -Wno-unused-result -funroll-all-loops -march=haswell -lm -DMOSFHET_DETERMINISTIC_RNG -DMOSFHET_TEST_RNG_SEED=1 -DUSE_SHAKE -DPORTABLE_BUILD -I./src/mosfhet/include -I./include/ -I./src/mosfhet/include -I./include/ src/mosfhet/src/polynomial.c -o build_wsl/polynomial.o
gcc -g -c -O3 -DNDEBUG -Wall -Wno-unused-function -Wno-unused-result -funroll-all-loops -march=haswell -lm -DMOSFHET_DETERMINISTIC_RNG -DMOSFHET_TEST_RNG_SEED=1 -DUSE_SHAKE -DPORTABLE_BUILD -I./src/mosfhet/include -I./include/ -I./src/mosfhet/include -I./include/ src/mosfhet/src/register.c -o build_wsl/register.o
gcc -g -c -O3 -DNDEBUG -Wall -Wno-unused-function -Wno-unused-result -funroll-all-loops -march=haswell -lm -DMOSFHET_DETERMINISTIC_RNG -DMOSFHET_TEST_RNG_SEED=1 -DUSE_SHAKE -DPORTABLE_BUILD -I./src/mosfhet/include -I./include/ -I./src/mosfhet/include -I./include/ src/mosfhet/src/pvwtlwe.c -o build_wsl/pvwtlwe.o
gcc -g -c -O3 -DNDEBUG -Wall -Wno-unused-function -Wno-unused-result -funroll-all-loops -march=haswell -lm -DMOSFHET_DETERMINISTIC_RNG -DMOSFHET_TEST_RNG_SEED=1 -DUSE_SHAKE -DPORTABLE_BUILD -I./src/mosfhet/include -I./include/ -I./src/mosfhet/include -I./include/ src/mosfhet/src/sha3/fips202.c -o build_wsl/fips202.o
gcc -g -c -O3 -DNDEBUG -Wall -Wno-unused-function -Wno-unused-result -funroll-all-loops -march=haswell -lm -DMOSFHET_DETERMINISTIC_RNG -DMOSFHET_TEST_RNG_SEED=1 -DUSE_SHAKE -DPORTABLE_BUILD -I./src/mosfhet/include -I./include/ -I./src/mosfhet/include -I./include/ src/mosfhet/src/fft/karatsuba.c -o build_wsl/karatsuba.o
gcc -g -c -O3 -DNDEBUG -Wall -Wno-unused-function -Wno-unused-result -funroll-all-loops -march=haswell -lm -DMOSFHET_DETERMINISTIC_RNG -DMOSFHET_TEST_RNG_SEED=1 -DUSE_SHAKE -DPORTABLE_BUILD -I./src/mosfhet/include -I./include/ -I./src/mosfhet/include -I./include/ src/mosfhet/src/fft/ffnt/ffnt.c -o build_wsl/ffnt.o
gcc -g -c -O3 -fwhole-program -flto  -DNDEBUG -Wall -Wno-unused-function -Wno-unused-result -funroll-all-loops -march=haswell -lm -DMOSFHET_DETERMINISTIC_RNG -DMOSFHET_TEST_RNG_SEED=1 -DUSE_SHAKE -DPORTABLE_BUILD -I./src/mosfhet/include -I./include/ -I./src/mosfhet/include -I./include/ -DBINARY -DSET_2_3_2048 src/sab_sq.c -o build_wsl/sab_sq.o
gcc -g -c -O3 -fwhole-program -flto  -DNDEBUG -Wall -Wno-unused-function -Wno-unused-result -funroll-all-loops -march=haswell -lm -DMOSFHET_DETERMINISTIC_RNG -DMOSFHET_TEST_RNG_SEED=1 -DUSE_SHAKE -DPORTABLE_BUILD -I./src/mosfhet/include -I./include/ -I./src/mosfhet/include -I./include/ -DBINARY -DSET_2_3_2048 -DSAB_SQ_Q=23 src/probe_sq.c -o build_wsl/probe_sq.o
src/probe_sq.c: In function ‘main’:
src/probe_sq.c:63:34: warning: comparison of distinct pointer types lacks a cast
   63 |          input_key->s[0]->coeffs == input_key->s_dft[0]->coeffs ? "ALIASED!!" : "distinct");
      |                                  ^~
gcc -g -c -O3 -fwhole-program -flto  -DNDEBUG -Wall -Wno-unused-function -Wno-unused-result -funroll-all-loops -march=haswell -lm -DMOSFHET_DETERMINISTIC_RNG -DMOSFHET_TEST_RNG_SEED=1 -DUSE_SHAKE -DPORTABLE_BUILD -I./src/mosfhet/include -I./include/ -I./src/mosfhet/include -I./include/ -DBINARY -DSET_2_3_2048 src/sparse_amortized_bootstrap.c -o build_wsl/sparse_amortized_bootstrap.o
gcc -g -c -O3 -fwhole-program -flto  -DNDEBUG -Wall -Wno-unused-function -Wno-unused-result -funroll-all-loops -march=haswell -lm -DMOSFHET_DETERMINISTIC_RNG -DMOSFHET_TEST_RNG_SEED=1 -DUSE_SHAKE -DPORTABLE_BUILD -I./src/mosfhet/include -I./include/ -I./src/mosfhet/include -I./include/ -DBINARY -DSET_2_3_2048 src/sab_profile.c -o build_wsl/sab_profile.o
gcc -g -o probe_sq.exe build_wsl/keyswitch.o build_wsl/bootstrap.o build_wsl/bootstrap_ga.o build_wsl/tlwe.o build_wsl/trlwe.o build_wsl/trgsw.o build_wsl/misc.o build_wsl/polynomial.o build_wsl/register.o build_wsl/pvwtlwe.o build_wsl/fips202.o build_wsl/karatsuba.o build_wsl/ffnt.o build_wsl/sab_sq.o build_wsl/probe_sq.o build_wsl/sparse_amortized_bootstrap.o build_wsl/sab_profile.o  -lm
