SAB_SQ probe (q = 16, 2025/1711 x 2025/686, 2026/279 preflight)
Input: (N=2048, h=39, binary, sigma=2^-15)
Output: (N=2048, h=512, ternary, sigma=2^-50)
KS gadgets: aut(l=1,Bg=2^23) pack(ell=2,b=2^14)
[sqchk] born: input=0x563ac8497360 input_dft=0x563ac84ef860 distinct
[sqchk] after RS: ones=39 bad=0
[sqchk] after gen_sparse: ones=39 bad=0
[sqchk] after to_DFT: ones=39 bad=0
[sqchk] ptrs: input=0x563ac8497360 out=0x563ac84f38a0
[sqchk] after out_key: ones=39 bad=0
[sqchk] after packing_key: ones=39 bad=0
[sqchk] after trgsw keys: ones=39 bad=0
Max monomial distance (log B): 7
[sq] keygen sq r_prec=7
[sq] keygen sq ok
[sq] keygen scalar ok
[sq] inputs ready
[sq] bootstrap start
SAB_SQ bootstrap: 34,398,914μs +- 782705.051877
[sq] bootstrap done
SAB_SQ noise: max phase deviation log2 = 57.55 (message budget 2^-4)
SAB_SQ gate: Pass (mismatch 0 / 2048)
SAB_scalar bootstrap: 36,341,025μs +- 2084240.892978
SAB_scalar noise: max phase deviation log2 = 57.54
SAB_SQ probe done
