[r1 ec=0] SAB_SQ bootstrap: 10,955,050μs +- 109149.668140
[r1 ec=0] SAB_SQ noise: max phase deviation log2 = 57.45 (message budget 2^-4)
[r1 ec=0] SAB_SQ gate: Pass (mismatch 0 / 2048)
[r1 ec=0] SAB_scalar bootstrap: 12,103,052μs +- 52621.162251
[r1 ec=0] SAB_scalar noise: max phase deviation log2 = 57.43
[r2 ec=0] SAB_SQ bootstrap: 10,794,731μs +- 27851.094784
[r2 ec=0] SAB_SQ noise: max phase deviation log2 = 57.45 (message budget 2^-4)
[r2 ec=0] SAB_SQ gate: Pass (mismatch 0 / 2048)
[r2 ec=0] SAB_scalar bootstrap: 12,089,014μs +- 40055.110390
[r2 ec=0] SAB_scalar noise: max phase deviation log2 = 57.43
[r3 ec=0] SAB_SQ bootstrap: 10,947,306μs +- 167360.274665
[r3 ec=0] SAB_SQ noise: max phase deviation log2 = 57.45 (message budget 2^-4)
[r3 ec=0] SAB_SQ gate: Pass (mismatch 0 / 2048)
[r3 ec=0] SAB_scalar bootstrap: 12,068,647μs +- 29258.498953
[r3 ec=0] SAB_scalar noise: max phase deviation log2 = 57.43
[r4 ec=0] SAB_SQ bootstrap: 11,524,477μs +- 616079.046423
[r4 ec=0] SAB_SQ noise: max phase deviation log2 = 57.45 (message budget 2^-4)
[r4 ec=0] SAB_SQ gate: Pass (mismatch 0 / 2048)
[r4 ec=0] SAB_scalar bootstrap: 12,784,513μs +- 191046.514076
[r4 ec=0] SAB_scalar noise: max phase deviation log2 = 57.43
[r5 ec=0] SAB_SQ bootstrap: 11,095,127μs +- 23069.501837
[r5 ec=0] SAB_SQ noise: max phase deviation log2 = 57.45 (message budget 2^-4)
[r5 ec=0] SAB_SQ gate: Pass (mismatch 0 / 2048)
[r5 ec=0] SAB_scalar bootstrap: 12,083,929μs +- 45939.848734
[r5 ec=0] SAB_scalar noise: max phase deviation log2 = 57.43
[r6 ec=0] SAB_SQ bootstrap: 10,851,679μs +- 47733.939714
[r6 ec=0] SAB_SQ noise: max phase deviation log2 = 57.45 (message budget 2^-4)
[r6 ec=0] SAB_SQ gate: Pass (mismatch 0 / 2048)
[r6 ec=0] SAB_scalar bootstrap: 12,130,146μs +- 31773.464673
[r6 ec=0] SAB_scalar noise: max phase deviation log2 = 57.43
[r7 ec=0] SAB_SQ bootstrap: 10,887,652μs +- 25571.389357
[r7 ec=0] SAB_SQ noise: max phase deviation log2 = 57.45 (message budget 2^-4)
[r7 ec=0] SAB_SQ gate: Pass (mismatch 0 / 2048)
[r7 ec=0] SAB_scalar bootstrap: 12,107,656μs +- 33033.009879
[r7 ec=0] SAB_scalar noise: max phase deviation log2 = 57.43
[r8 ec=0] SAB_SQ bootstrap: 10,908,707μs +- 116188.996691
[r8 ec=0] SAB_SQ noise: max phase deviation log2 = 57.45 (message budget 2^-4)
[r8 ec=0] SAB_SQ gate: Pass (mismatch 0 / 2048)
[r8 ec=0] SAB_scalar bootstrap: 12,072,644μs +- 31287.686790
[r8 ec=0] SAB_scalar noise: max phase deviation log2 = 57.43
[r9 ec=0] SAB_SQ bootstrap: 10,934,764μs +- 165501.115914
[r9 ec=0] SAB_SQ noise: max phase deviation log2 = 57.45 (message budget 2^-4)
[r9 ec=0] SAB_SQ gate: Pass (mismatch 0 / 2048)
[r9 ec=0] SAB_scalar bootstrap: 12,116,252μs +- 36104.125452
[r9 ec=0] SAB_scalar noise: max phase deviation log2 = 57.43
