SAB_PVW_STAGE_NOISE trial target_full r=4 trial=0 complete
SAB_PVW_STAGE_NOISE lane stage=blind_rotate_coeff0 r=4 lane=0 trials=1 pair_failures=0 pair_log2_sigma_torus=-15.012 pair_log2_max_abs_torus=-13.185
SAB_PVW_STAGE_NOISE lane stage=blind_rotate_coeff0 r=4 lane=1 trials=1 pair_failures=0 pair_log2_sigma_torus=-14.895 pair_log2_max_abs_torus=-12.962
SAB_PVW_STAGE_NOISE lane stage=blind_rotate_coeff0 r=4 lane=2 trials=1 pair_failures=0 pair_log2_sigma_torus=-14.822 pair_log2_max_abs_torus=-12.903
SAB_PVW_STAGE_NOISE lane stage=blind_rotate_coeff0 r=4 lane=3 trials=1 pair_failures=0 pair_log2_sigma_torus=-15.004 pair_log2_max_abs_torus=-13.157
SAB_PVW_STAGE_NOISE summary stage=blind_rotate_coeff0 r=4 trials=1 points=8192 pair_failures=0 pair_log2_sigma_torus=-14.929 pair_log2_max_abs_torus=-12.903
SAB_PVW_STAGE_NOISE lane stage=extract r=4 lane=0 trials=1 pair_failures=0 pair_log2_sigma_torus=-15.012 pair_log2_max_abs_torus=-13.185
SAB_PVW_STAGE_NOISE lane stage=extract r=4 lane=1 trials=1 pair_failures=0 pair_log2_sigma_torus=-14.895 pair_log2_max_abs_torus=-12.962
SAB_PVW_STAGE_NOISE lane stage=extract r=4 lane=2 trials=1 pair_failures=0 pair_log2_sigma_torus=-14.822 pair_log2_max_abs_torus=-12.903
SAB_PVW_STAGE_NOISE lane stage=extract r=4 lane=3 trials=1 pair_failures=0 pair_log2_sigma_torus=-15.004 pair_log2_max_abs_torus=-13.157
SAB_PVW_STAGE_NOISE summary stage=extract r=4 trials=1 points=8192 pair_failures=0 pair_log2_sigma_torus=-14.929 pair_log2_max_abs_torus=-12.903
SAB_PVW_STAGE_NOISE lane stage=materialize_tlwe r=4 lane=0 trials=1 pair_failures=0 pair_log2_sigma_torus=-15.012 pair_log2_max_abs_torus=-13.185
SAB_PVW_STAGE_NOISE lane stage=materialize_tlwe r=4 lane=1 trials=1 pair_failures=0 pair_log2_sigma_torus=-14.895 pair_log2_max_abs_torus=-12.962
SAB_PVW_STAGE_NOISE lane stage=materialize_tlwe r=4 lane=2 trials=1 pair_failures=0 pair_log2_sigma_torus=-14.822 pair_log2_max_abs_torus=-12.903
SAB_PVW_STAGE_NOISE lane stage=materialize_tlwe r=4 lane=3 trials=1 pair_failures=0 pair_log2_sigma_torus=-15.004 pair_log2_max_abs_torus=-13.157
SAB_PVW_STAGE_NOISE summary stage=materialize_tlwe r=4 trials=1 points=8192 pair_failures=0 pair_log2_sigma_torus=-14.929 pair_log2_max_abs_torus=-12.903
SAB_PVW_STAGE_NOISE lane stage=packing_ks r=4 lane=0 trials=1 pair_failures=0 pair_log2_sigma_torus=-15.014 pair_log2_max_abs_torus=-13.197
SAB_PVW_STAGE_NOISE lane stage=packing_ks r=4 lane=1 trials=1 pair_failures=0 pair_log2_sigma_torus=-14.895 pair_log2_max_abs_torus=-12.956
SAB_PVW_STAGE_NOISE lane stage=packing_ks r=4 lane=2 trials=1 pair_failures=0 pair_log2_sigma_torus=-14.821 pair_log2_max_abs_torus=-12.893
SAB_PVW_STAGE_NOISE lane stage=packing_ks r=4 lane=3 trials=1 pair_failures=0 pair_log2_sigma_torus=-15.002 pair_log2_max_abs_torus=-13.138
SAB_PVW_STAGE_NOISE summary stage=packing_ks r=4 trials=1 points=8192 pair_failures=0 pair_log2_sigma_torus=-14.928 pair_log2_max_abs_torus=-12.893
SAB_PVW_STAGE_NOISE lane stage=hw_ks r=4 lane=0 trials=1 pair_failures=0 pair_log2_sigma_torus=-8.039 pair_log2_max_abs_torus=-6.029
SAB_PVW_STAGE_NOISE lane stage=hw_ks r=4 lane=1 trials=1 pair_failures=0 pair_log2_sigma_torus=-8.032 pair_log2_max_abs_torus=-5.878
SAB_PVW_STAGE_NOISE lane stage=hw_ks r=4 lane=2 trials=1 pair_failures=0 pair_log2_sigma_torus=-8.052 pair_log2_max_abs_torus=-6.161
SAB_PVW_STAGE_NOISE lane stage=hw_ks r=4 lane=3 trials=1 pair_failures=0 pair_log2_sigma_torus=-8.075 pair_log2_max_abs_torus=-6.237
SAB_PVW_STAGE_NOISE summary stage=hw_ks r=4 trials=1 points=8192 pair_failures=0 pair_log2_sigma_torus=-8.049 pair_log2_max_abs_torus=-5.878
SAB_PVW_STAGE_NOISE target full bootstrap stage gate: Pass
