SAB_PVW_STAGE_NOISE trial target_full r=4 trial=0 complete
SAB_PVW_STAGE_NOISE lane stage=blind_rotate_coeff0 r=4 lane=0 trials=1 pair_failures=0 pair_log2_sigma_torus=-14.997 pair_log2_max_abs_torus=-12.985
SAB_PVW_STAGE_NOISE lane stage=blind_rotate_coeff0 r=4 lane=1 trials=1 pair_failures=0 pair_log2_sigma_torus=-14.831 pair_log2_max_abs_torus=-12.857
SAB_PVW_STAGE_NOISE lane stage=blind_rotate_coeff0 r=4 lane=2 trials=1 pair_failures=0 pair_log2_sigma_torus=-14.668 pair_log2_max_abs_torus=-12.792
SAB_PVW_STAGE_NOISE lane stage=blind_rotate_coeff0 r=4 lane=3 trials=1 pair_failures=0 pair_log2_sigma_torus=-14.651 pair_log2_max_abs_torus=-12.918
SAB_PVW_STAGE_NOISE summary stage=blind_rotate_coeff0 r=4 trials=1 points=8192 pair_failures=0 pair_log2_sigma_torus=-14.774 pair_log2_max_abs_torus=-12.792
SAB_PVW_STAGE_NOISE lane stage=extract r=4 lane=0 trials=1 pair_failures=0 pair_log2_sigma_torus=-14.997 pair_log2_max_abs_torus=-12.985
SAB_PVW_STAGE_NOISE lane stage=extract r=4 lane=1 trials=1 pair_failures=0 pair_log2_sigma_torus=-14.831 pair_log2_max_abs_torus=-12.857
SAB_PVW_STAGE_NOISE lane stage=extract r=4 lane=2 trials=1 pair_failures=0 pair_log2_sigma_torus=-14.668 pair_log2_max_abs_torus=-12.792
SAB_PVW_STAGE_NOISE lane stage=extract r=4 lane=3 trials=1 pair_failures=0 pair_log2_sigma_torus=-14.651 pair_log2_max_abs_torus=-12.918
SAB_PVW_STAGE_NOISE summary stage=extract r=4 trials=1 points=8192 pair_failures=0 pair_log2_sigma_torus=-14.774 pair_log2_max_abs_torus=-12.792
SAB_PVW_STAGE_NOISE lane stage=materialize_tlwe r=4 lane=0 trials=1 pair_failures=0 pair_log2_sigma_torus=-14.997 pair_log2_max_abs_torus=-12.985
SAB_PVW_STAGE_NOISE lane stage=materialize_tlwe r=4 lane=1 trials=1 pair_failures=0 pair_log2_sigma_torus=-14.831 pair_log2_max_abs_torus=-12.857
SAB_PVW_STAGE_NOISE lane stage=materialize_tlwe r=4 lane=2 trials=1 pair_failures=0 pair_log2_sigma_torus=-14.668 pair_log2_max_abs_torus=-12.792
SAB_PVW_STAGE_NOISE lane stage=materialize_tlwe r=4 lane=3 trials=1 pair_failures=0 pair_log2_sigma_torus=-14.651 pair_log2_max_abs_torus=-12.918
SAB_PVW_STAGE_NOISE summary stage=materialize_tlwe r=4 trials=1 points=8192 pair_failures=0 pair_log2_sigma_torus=-14.774 pair_log2_max_abs_torus=-12.792
SAB_PVW_STAGE_NOISE lane stage=packing_ks r=4 lane=0 trials=1 pair_failures=0 pair_log2_sigma_torus=-14.995 pair_log2_max_abs_torus=-12.981
SAB_PVW_STAGE_NOISE lane stage=packing_ks r=4 lane=1 trials=1 pair_failures=0 pair_log2_sigma_torus=-14.831 pair_log2_max_abs_torus=-12.848
SAB_PVW_STAGE_NOISE lane stage=packing_ks r=4 lane=2 trials=1 pair_failures=0 pair_log2_sigma_torus=-14.669 pair_log2_max_abs_torus=-12.811
SAB_PVW_STAGE_NOISE lane stage=packing_ks r=4 lane=3 trials=1 pair_failures=0 pair_log2_sigma_torus=-14.649 pair_log2_max_abs_torus=-12.911
SAB_PVW_STAGE_NOISE summary stage=packing_ks r=4 trials=1 points=8192 pair_failures=0 pair_log2_sigma_torus=-14.773 pair_log2_max_abs_torus=-12.811
SAB_PVW_STAGE_NOISE lane stage=hw_ks r=4 lane=0 trials=1 pair_failures=0 pair_log2_sigma_torus=-8.066 pair_log2_max_abs_torus=-6.212
SAB_PVW_STAGE_NOISE lane stage=hw_ks r=4 lane=1 trials=1 pair_failures=0 pair_log2_sigma_torus=-8.091 pair_log2_max_abs_torus=-6.066
SAB_PVW_STAGE_NOISE lane stage=hw_ks r=4 lane=2 trials=1 pair_failures=0 pair_log2_sigma_torus=-8.077 pair_log2_max_abs_torus=-6.171
SAB_PVW_STAGE_NOISE lane stage=hw_ks r=4 lane=3 trials=1 pair_failures=0 pair_log2_sigma_torus=-8.097 pair_log2_max_abs_torus=-6.463
SAB_PVW_STAGE_NOISE summary stage=hw_ks r=4 trials=1 points=8192 pair_failures=0 pair_log2_sigma_torus=-8.082 pair_log2_max_abs_torus=-6.066
SAB_PVW_STAGE_NOISE target full bootstrap stage gate: Pass
