\BOOKMARK [1][-]{section.1}{\376\377\0001\000\040\166\356\166\204\116\016\133\214\142\020\136\246\130\360\146\016}{}% 1
\BOOKMARK [2][-]{subsection.1.1}{\376\377\0001\000.\0001\000\040\215\041\163\056\123\331\116\213\377\032\000S\000Q\000\040\116\016\215\357\137\204\000A\000\040\116\072\117\125\124\014\173\307}{section.1}% 2
\BOOKMARK [1][-]{section.2}{\376\377\0002\000\040\123\302\145\160\117\123\174\373\377\010\000\040\124\021\221\317\377\014\133\236\170\001\120\074\377\011}{}% 3
\BOOKMARK [1][-]{section.3}{\376\377\0003\000\040\116\011\116\052\201\352\116\076\173\227\154\325}{}% 4
\BOOKMARK [2][-]{subsection.3.1}{\376\377\0003\000.\0001\000\040\0006\0008\0006\000\040\127\372\176\277\377\010\150\007\221\317\377\014\135\362\123\321\210\150\377\011}{section.3}% 5
\BOOKMARK [2][-]{subsection.3.2}{\376\377\0003\000.\0002\000\040\167\351\226\065\131\026\171\357\142\323\134\125\377\010\147\054\145\207\215\041\163\056\000\040\0001\377\033\215\357\137\204\000A\116\072\121\166\135\345\172\013\117\030\123\026\377\011}{section.3}% 6
\BOOKMARK [2][-]{subsection.3.3}{\376\377\0003\000.\0003\000\040\000S\000Q\000\040\134\072\136\246\221\317\123\026\131\026\171\357\377\010\147\054\145\207\215\041\163\056\000\040\0002\377\011}{section.3}% 7
\BOOKMARK [1][-]{section.4}{\376\377\0004\000\040\000S\000Q\000\040\164\006\213\272\377\032\153\143\170\156\140\047\116\016\126\152\130\360}{}% 8
\BOOKMARK [1][-]{section.5}{\376\377\0005\000\040\133\211\121\150\122\006\147\220\116\016\123\302\145\160\133\232\150\110}{}% 9
\BOOKMARK [2][-]{subsection.5.1}{\376\377\0005\000.\0001\000\040\145\073\121\373\176\304\124\010\116\016\147\000\176\310\123\302\145\160}{section.5}% 10
\BOOKMARK [2][-]{subsection.5.2}{\376\377\0005\000.\0002\000\040\147\141\116\366\161\265\117\356\153\143\377\010\147\054\135\345\117\134\145\271\154\325\377\011}{section.5}% 11
\BOOKMARK [2][-]{subsection.5.3}{\376\377\0005\000.\0003\000\040\134\102\133\211\121\150\133\241\213\241\377\010\217\223\121\145\000/\000p\000a\000c\000k\000i\000n\000g\000\040\217\276\150\007\377\033\000B\000S\000K\000\040\211\301\121\263\173\126\160\271\377\011}{section.5}% 12
\BOOKMARK [2][-]{subsection.5.4}{\376\377\0005\000.\0004\000\040\131\032\123\302\145\160\226\306\117\356\153\143\210\150\377\010\220\020\163\257\143\250\133\374\377\011}{section.5}% 13
\BOOKMARK [1][-]{section.6}{\376\377\0006\000\040\133\236\232\214\167\351\226\065\377\010\176\310\162\110\145\160\143\156\377\011}{}% 14
\BOOKMARK [2][-]{subsection.6.1}{\376\377\0006\000.\0001\000\040\140\047\200\375\116\073\210\150\377\010\133\371\153\324\127\372\121\306\000\040\000=\000\040\0006\0008\0006\000\040\124\014\147\072\060\001\124\014\127\072\153\041\060\001\124\014\145\260\133\211\121\150\140\047\377\011}{section.6}% 15
\BOOKMARK [2][-]{subsection.6.2}{\376\377\0006\000.\0002\000\040\167\351\226\065\201\352\116\076\000\040\000v\000s\000\040\0006\0008\0006\000r\377\032\153\317\217\223\121\372\000\040\000/\000\040\153\317\000\040\000b\000i\000t\000\040\000/\000\040\217\271\226\105\000\040\000l\000a\000n\000e\000\040\144\112\225\000}{section.6}% 16
\BOOKMARK [2][-]{subsection.6.3}{\376\377\0006\000.\0003\000\040\000r\000-\142\151\134\125\140\047\060\001\000E\000-\000P\000F\000\040\116\016\153\143\170\156\140\047}{section.6}% 17
\BOOKMARK [2][-]{subsection.6.4}{\376\377\0006\000.\0004\000\040\201\352\116\076\124\016\133\271\221\317\377\010\117\131\221\317\117\134\116\072\217\223\121\372\176\364\136\246\377\011}{section.6}% 18
\BOOKMARK [2][-]{subsection.6.5}{\376\377\0006\000.\0005\000\040\116\016\000\040\000T\000F\000H\000E\000-\000r\000s\000\040\166\204\124\014\147\072\123\302\161\147\116\016\000\040\000o\000c\000c\000u\000p\000a\000n\000c\000y}{section.6}% 19
\BOOKMARK [2][-]{subsection.6.6}{\376\377\0006\000.\0006\000\040\131\061\145\110\151\202\163\207\377\010\116\011\134\102\213\301\143\156\377\011}{section.6}% 20
\BOOKMARK [2][-]{subsection.6.7}{\376\377\0006\000.\0007\000\040\133\236\155\113\211\206\166\326\167\351\226\065\116\016\143\222\150\143\377\010\126\336\136\224\000"\145\160\143\156\211\304\152\041\000/\211\206\166\326\116\015\121\150\000"\123\315\231\210\377\011}{section.6}% 21
\BOOKMARK [1][-]{section.7}{\376\377\0007\000\040\166\370\121\163\135\345\117\134\133\232\117\115\377\010\133\236\155\113\225\032\160\271\131\202\133\236\150\007\154\350\377\011}{}% 22
\BOOKMARK [1][-]{section.8}{\376\377\0008\000\040\124\046\133\232\140\047\176\323\147\234\377\010\133\371\171\076\123\072\147\011\116\367\120\074\377\011}{}% 23
\BOOKMARK [1][-]{section.9}{\376\377\0009\000\040\135\345\116\366\116\016\131\015\163\260\175\042\137\025}{}% 24
