rm -rf ./build main
mkdir -p ./build
gcc -g -c -O3 -DNDEBUG -Wall -Wno-unused-function -Wno-unused-result -funroll-all-loops -march=native -lm -DMAT_TRGSW_AVX512_SMALLR_SPECIALIZED -DSAB_PVW_BENCH -DSAB_PVW_BENCH_R=2 -DSAB_PVW_BENCH_REPS=1 -DSAB_PVW_ACTIVE_BUFFER_FUSION -DUSE_SPQLIOS -DAVX512_OPT -I./src/mosfhet/include -I./include/ -I./src/mosfhet/include -I./include/ src/mosfhet/src/keyswitch.c -o build/keyswitch.o
gcc -g -c -O3 -DNDEBUG -Wall -Wno-unused-function -Wno-unused-result -funroll-all-loops -march=native -lm -DMAT_TRGSW_AVX512_SMALLR_SPECIALIZED -DSAB_PVW_BENCH -DSAB_PVW_BENCH_R=2 -DSAB_PVW_BENCH_REPS=1 -DSAB_PVW_ACTIVE_BUFFER_FUSION -DUSE_SPQLIOS -DAVX512_OPT -I./src/mosfhet/include -I./include/ -I./src/mosfhet/include -I./include/ src/mosfhet/src/bootstrap.c -o build/bootstrap.o
gcc -g -c -O3 -DNDEBUG -Wall -Wno-unused-function -Wno-unused-result -funroll-all-loops -march=native -lm -DMAT_TRGSW_AVX512_SMALLR_SPECIALIZED -DSAB_PVW_BENCH -DSAB_PVW_BENCH_R=2 -DSAB_PVW_BENCH_REPS=1 -DSAB_PVW_ACTIVE_BUFFER_FUSION -DUSE_SPQLIOS -DAVX512_OPT -I./src/mosfhet/include -I./include/ -I./src/mosfhet/include -I./include/ src/mosfhet/src/bootstrap_ga.c -o build/bootstrap_ga.o
gcc -g -c -O3 -DNDEBUG -Wall -Wno-unused-function -Wno-unused-result -funroll-all-loops -march=native -lm -DMAT_TRGSW_AVX512_SMALLR_SPECIALIZED -DSAB_PVW_BENCH -DSAB_PVW_BENCH_R=2 -DSAB_PVW_BENCH_REPS=1 -DSAB_PVW_ACTIVE_BUFFER_FUSION -DUSE_SPQLIOS -DAVX512_OPT -I./src/mosfhet/include -I./include/ -I./src/mosfhet/include -I./include/ src/mosfhet/src/tlwe.c -o build/tlwe.o
gcc -g -c -O3 -DNDEBUG -Wall -Wno-unused-function -Wno-unused-result -funroll-all-loops -march=native -lm -DMAT_TRGSW_AVX512_SMALLR_SPECIALIZED -DSAB_PVW_BENCH -DSAB_PVW_BENCH_R=2 -DSAB_PVW_BENCH_REPS=1 -DSAB_PVW_ACTIVE_BUFFER_FUSION -DUSE_SPQLIOS -DAVX512_OPT -I./src/mosfhet/include -I./include/ -I./src/mosfhet/include -I./include/ src/mosfhet/src/trlwe.c -o build/trlwe.o
gcc -g -c -O3 -DNDEBUG -Wall -Wno-unused-function -Wno-unused-result -funroll-all-loops -march=native -lm -DMAT_TRGSW_AVX512_SMALLR_SPECIALIZED -DSAB_PVW_BENCH -DSAB_PVW_BENCH_R=2 -DSAB_PVW_BENCH_REPS=1 -DSAB_PVW_ACTIVE_BUFFER_FUSION -DUSE_SPQLIOS -DAVX512_OPT -I./src/mosfhet/include -I./include/ -I./src/mosfhet/include -I./include/ src/mosfhet/src/trgsw.c -o build/trgsw.o
gcc -g -c -O3 -DNDEBUG -Wall -Wno-unused-function -Wno-unused-result -funroll-all-loops -march=native -lm -DMAT_TRGSW_AVX512_SMALLR_SPECIALIZED -DSAB_PVW_BENCH -DSAB_PVW_BENCH_R=2 -DSAB_PVW_BENCH_REPS=1 -DSAB_PVW_ACTIVE_BUFFER_FUSION -DUSE_SPQLIOS -DAVX512_OPT -I./src/mosfhet/include -I./include/ -I./src/mosfhet/include -I./include/ src/mosfhet/src/misc.c -o build/misc.o
gcc -g -c -O3 -DNDEBUG -Wall -Wno-unused-function -Wno-unused-result -funroll-all-loops -march=native -lm -DMAT_TRGSW_AVX512_SMALLR_SPECIALIZED -DSAB_PVW_BENCH -DSAB_PVW_BENCH_R=2 -DSAB_PVW_BENCH_REPS=1 -DSAB_PVW_ACTIVE_BUFFER_FUSION -DUSE_SPQLIOS -DAVX512_OPT -I./src/mosfhet/include -I./include/ -I./src/mosfhet/include -I./include/ src/mosfhet/src/polynomial.c -o build/polynomial.o
gcc -g -c -O3 -DNDEBUG -Wall -Wno-unused-function -Wno-unused-result -funroll-all-loops -march=native -lm -DMAT_TRGSW_AVX512_SMALLR_SPECIALIZED -DSAB_PVW_BENCH -DSAB_PVW_BENCH_R=2 -DSAB_PVW_BENCH_REPS=1 -DSAB_PVW_ACTIVE_BUFFER_FUSION -DUSE_SPQLIOS -DAVX512_OPT -I./src/mosfhet/include -I./include/ -I./src/mosfhet/include -I./include/ src/mosfhet/src/register.c -o build/register.o
gcc -g -c -O3 -DNDEBUG -Wall -Wno-unused-function -Wno-unused-result -funroll-all-loops -march=native -lm -DMAT_TRGSW_AVX512_SMALLR_SPECIALIZED -DSAB_PVW_BENCH -DSAB_PVW_BENCH_R=2 -DSAB_PVW_BENCH_REPS=1 -DSAB_PVW_ACTIVE_BUFFER_FUSION -DUSE_SPQLIOS -DAVX512_OPT -I./src/mosfhet/include -I./include/ -I./src/mosfhet/include -I./include/ src/mosfhet/src/pvwtlwe.c -o build/pvwtlwe.o
gcc -g -c -O3 -DNDEBUG -Wall -Wno-unused-function -Wno-unused-result -funroll-all-loops -march=native -lm -DMAT_TRGSW_AVX512_SMALLR_SPECIALIZED -DSAB_PVW_BENCH -DSAB_PVW_BENCH_R=2 -DSAB_PVW_BENCH_REPS=1 -DSAB_PVW_ACTIVE_BUFFER_FUSION -DUSE_SPQLIOS -DAVX512_OPT -I./src/mosfhet/include -I./include/ -I./src/mosfhet/include -I./include/ src/mosfhet/src/sha3/fips202.c -o build/fips202.o
gcc -g -c -O3 -DNDEBUG -Wall -Wno-unused-function -Wno-unused-result -funroll-all-loops -march=native -lm -DMAT_TRGSW_AVX512_SMALLR_SPECIALIZED -DSAB_PVW_BENCH -DSAB_PVW_BENCH_R=2 -DSAB_PVW_BENCH_REPS=1 -DSAB_PVW_ACTIVE_BUFFER_FUSION -DUSE_SPQLIOS -DAVX512_OPT -I./src/mosfhet/include -I./include/ -I./src/mosfhet/include -I./include/ src/mosfhet/src/fft/karatsuba.c -o build/karatsuba.o
gcc -g -c -O3 -DNDEBUG -Wall -Wno-unused-function -Wno-unused-result -funroll-all-loops -march=native -lm -DMAT_TRGSW_AVX512_SMALLR_SPECIALIZED -DSAB_PVW_BENCH -DSAB_PVW_BENCH_R=2 -DSAB_PVW_BENCH_REPS=1 -DSAB_PVW_ACTIVE_BUFFER_FUSION -DUSE_SPQLIOS -DAVX512_OPT -I./src/mosfhet/include -I./include/ -I./src/mosfhet/include -I./include/ src/mosfhet/src/pvwtmlwe.c -o build/pvwtmlwe.o
gcc -g -c -O3 -DNDEBUG -Wall -Wno-unused-function -Wno-unused-result -funroll-all-loops -march=native -lm -DMAT_TRGSW_AVX512_SMALLR_SPECIALIZED -DSAB_PVW_BENCH -DSAB_PVW_BENCH_R=2 -DSAB_PVW_BENCH_REPS=1 -DSAB_PVW_ACTIVE_BUFFER_FUSION -DUSE_SPQLIOS -DAVX512_OPT -I./src/mosfhet/include -I./include/ -I./src/mosfhet/include -I./include/ src/mosfhet/src/mattrgsw.c -o build/mattrgsw.o
gcc -g -c -O3 -DNDEBUG -Wall -Wno-unused-function -Wno-unused-result -funroll-all-loops -march=native -lm -DMAT_TRGSW_AVX512_SMALLR_SPECIALIZED -DSAB_PVW_BENCH -DSAB_PVW_BENCH_R=2 -DSAB_PVW_BENCH_REPS=1 -DSAB_PVW_ACTIVE_BUFFER_FUSION -DUSE_SPQLIOS -DAVX512_OPT -I./src/mosfhet/include -I./include/ -I./src/mosfhet/include -I./include/ src/mosfhet/src/rnd/aes_rng.c -o build/aes_rng.o
gcc -g -c -O3 -DNDEBUG -Wall -Wno-unused-function -Wno-unused-result -funroll-all-loops -march=native -lm -DMAT_TRGSW_AVX512_SMALLR_SPECIALIZED -DSAB_PVW_BENCH -DSAB_PVW_BENCH_R=2 -DSAB_PVW_BENCH_REPS=1 -DSAB_PVW_ACTIVE_BUFFER_FUSION -DUSE_SPQLIOS -DAVX512_OPT -I./src/mosfhet/include -I./include/ -I./src/mosfhet/include -I./include/ src/mosfhet/src/fft/spqlios/spqlios-fft-avx512.s -o build/spqlios-fft-avx512.o
gcc -g -c -O3 -DNDEBUG -Wall -Wno-unused-function -Wno-unused-result -funroll-all-loops -march=native -lm -DMAT_TRGSW_AVX512_SMALLR_SPECIALIZED -DSAB_PVW_BENCH -DSAB_PVW_BENCH_R=2 -DSAB_PVW_BENCH_REPS=1 -DSAB_PVW_ACTIVE_BUFFER_FUSION -DUSE_SPQLIOS -DAVX512_OPT -I./src/mosfhet/include -I./include/ -I./src/mosfhet/include -I./include/ src/mosfhet/src/fft/spqlios/spqlios-ifft-avx512.s -o build/spqlios-ifft-avx512.o
gcc -g -c -O3 -DNDEBUG -Wall -Wno-unused-function -Wno-unused-result -funroll-all-loops -march=native -lm -DMAT_TRGSW_AVX512_SMALLR_SPECIALIZED -DSAB_PVW_BENCH -DSAB_PVW_BENCH_R=2 -DSAB_PVW_BENCH_REPS=1 -DSAB_PVW_ACTIVE_BUFFER_FUSION -DUSE_SPQLIOS -DAVX512_OPT -I./src/mosfhet/include -I./include/ -I./src/mosfhet/include -I./include/ src/mosfhet/src/fft/spqlios/spqlios-fft-impl-avx512.c -o build/spqlios-fft-impl-avx512.o
gcc -g -c -O3 -DNDEBUG -Wall -Wno-unused-function -Wno-unused-result -funroll-all-loops -march=native -lm -DMAT_TRGSW_AVX512_SMALLR_SPECIALIZED -DSAB_PVW_BENCH -DSAB_PVW_BENCH_R=2 -DSAB_PVW_BENCH_REPS=1 -DSAB_PVW_ACTIVE_BUFFER_FUSION -DUSE_SPQLIOS -DAVX512_OPT -I./src/mosfhet/include -I./include/ -I./src/mosfhet/include -I./include/ src/mosfhet/src/fft/spqlios/fft_processor_spqlios.c -o build/fft_processor_spqlios.o
gcc -g -c -O3 -fwhole-program -flto  -DNDEBUG -Wall -Wno-unused-function -Wno-unused-result -funroll-all-loops -march=native -lm -DMAT_TRGSW_AVX512_SMALLR_SPECIALIZED -DSAB_PVW_BENCH -DSAB_PVW_BENCH_R=2 -DSAB_PVW_BENCH_REPS=1 -DSAB_PVW_ACTIVE_BUFFER_FUSION -DUSE_SPQLIOS -DAVX512_OPT -I./src/mosfhet/include -I./include/ -I./src/mosfhet/include -I./include/ -DBINARY -DSET_2_3_2048 src/sparse_amortized_bootstrap.c -o build/sparse_amortized_bootstrap.o
gcc -g -c -O3 -fwhole-program -flto  -DNDEBUG -Wall -Wno-unused-function -Wno-unused-result -funroll-all-loops -march=native -lm -DMAT_TRGSW_AVX512_SMALLR_SPECIALIZED -DSAB_PVW_BENCH -DSAB_PVW_BENCH_R=2 -DSAB_PVW_BENCH_REPS=1 -DSAB_PVW_ACTIVE_BUFFER_FUSION -DUSE_SPQLIOS -DAVX512_OPT -I./src/mosfhet/include -I./include/ -I./src/mosfhet/include -I./include/ -DBINARY -DSET_2_3_2048 src/sab_profile.c -o build/sab_profile.o
gcc -g -c -O3 -fwhole-program -flto  -DNDEBUG -Wall -Wno-unused-function -Wno-unused-result -funroll-all-loops -march=native -lm -DMAT_TRGSW_AVX512_SMALLR_SPECIALIZED -DSAB_PVW_BENCH -DSAB_PVW_BENCH_R=2 -DSAB_PVW_BENCH_REPS=1 -DSAB_PVW_ACTIVE_BUFFER_FUSION -DUSE_SPQLIOS -DAVX512_OPT -I./src/mosfhet/include -I./include/ -I./src/mosfhet/include -I./include/ -DBINARY -DSET_2_3_2048 src/sab_pvw.c -o build/sab_pvw.o
gcc -g -c -O3 -fwhole-program -flto  -DNDEBUG -Wall -Wno-unused-function -Wno-unused-result -funroll-all-loops -march=native -lm -DMAT_TRGSW_AVX512_SMALLR_SPECIALIZED -DSAB_PVW_BENCH -DSAB_PVW_BENCH_R=2 -DSAB_PVW_BENCH_REPS=1 -DSAB_PVW_ACTIVE_BUFFER_FUSION -DUSE_SPQLIOS -DAVX512_OPT -I./src/mosfhet/include -I./include/ -I./src/mosfhet/include -I./include/ -DBINARY -DSET_2_3_2048 main.c -o build/main.o
gcc -g -o main build/keyswitch.o build/bootstrap.o build/bootstrap_ga.o build/tlwe.o build/trlwe.o build/trgsw.o build/misc.o build/polynomial.o build/register.o build/pvwtlwe.o build/fips202.o build/karatsuba.o build/pvwtmlwe.o build/mattrgsw.o build/aes_rng.o build/spqlios-fft-avx512.o build/spqlios-ifft-avx512.o build/spqlios-fft-impl-avx512.o build/fft_processor_spqlios.o build/sparse_amortized_bootstrap.o build/sab_profile.o build/sab_pvw.o build/main.o  -lm
/usr/bin/ld: warning: build/spqlios-ifft-avx512.o: missing .note.GNU-stack section implies executable stack
/usr/bin/ld: NOTE: This behaviour is deprecated and will be removed in a future version of the linker
SAB_PVW_BENCH correctness target_full r=2 h=39 r_prec=7: Pass
SAB_PVW_BENCH sample target_full r=2 rep=0 pvw_us=14060805 scalar_repeated_us=16509967 speedup=1.174x
SAB_PVW_BENCH summary target_full r=2 reps=1 pvw_avg_us=14060805.000 pvw_stddev_us=0.000 pvw_lane_avg_us=7030402.500 scalar_repeated_avg_us=16509967.000 scalar_stddev_us=0.000 scalar_lane_avg_us=8254983.500 speedup_vs_scalar_repeated=1.174x speedup_stddev=0.000
SAB_PVW_BENCH correctness target_full r=2 h=39 r_prec=7: Pass
SAB_PVW_BENCH sample target_full r=2 rep=0 pvw_us=13614035 scalar_repeated_us=17485688 speedup=1.284x
SAB_PVW_BENCH summary target_full r=2 reps=1 pvw_avg_us=13614035.000 pvw_stddev_us=0.000 pvw_lane_avg_us=6807017.500 scalar_repeated_avg_us=17485688.000 scalar_stddev_us=0.000 scalar_lane_avg_us=8742844.000 speedup_vs_scalar_repeated=1.284x speedup_stddev=0.000
SAB_PVW_BENCH correctness target_full r=2 h=39 r_prec=7: Pass
SAB_PVW_BENCH sample target_full r=2 rep=0 pvw_us=13597338 scalar_repeated_us=18191571 speedup=1.338x
SAB_PVW_BENCH summary target_full r=2 reps=1 pvw_avg_us=13597338.000 pvw_stddev_us=0.000 pvw_lane_avg_us=6798669.000 scalar_repeated_avg_us=18191571.000 scalar_stddev_us=0.000 scalar_lane_avg_us=9095785.500 speedup_vs_scalar_repeated=1.338x speedup_stddev=0.000
Stage 7 benchmark sweep summary: repro/stage49_wsl_repeated_full_sab/r2/summary.csv
