HTTP/2 403 
date: Fri, 26 Jun 2026 03:55:50 GMT
content-type: text/html; charset=UTF-8
content-length: 5420
accept-ch: Sec-CH-UA-Bitness, Sec-CH-UA-Arch, Sec-CH-UA-Full-Version, Sec-CH-UA-Mobile, Sec-CH-UA-Model, Sec-CH-UA-Platform-Version, Sec-CH-UA-Full-Version-List, Sec-CH-UA-Platform, Sec-CH-UA, UA-Bitness, UA-Arch, UA-Full-Version, UA-Mobile, UA-Model, UA-Platform-Version, UA-Platform, UA
cf-mitigated: challenge
content-security-policy: default-src 'none'; script-src 'nonce-Hop1CuvGwJ06tZmoYAFCa0' 'unsafe-eval' https://challenges.cloudflare.com; script-src-attr 'none'; style-src 'unsafe-inline'; img-src 'self' https://challenges.cloudflare.com; connect-src 'self' https://challenges.cloudflare.com; frame-src 'self' https://challenges.cloudflare.com blob:; child-src 'self' https://challenges.cloudflare.com blob:; worker-src blob:; form-action http: https:; base-uri 'self'
server: cloudflare
critical-ch: Sec-CH-UA-Bitness, Sec-CH-UA-Arch, Sec-CH-UA-Full-Version, Sec-CH-UA-Mobile, Sec-CH-UA-Model, Sec-CH-UA-Platform-Version, Sec-CH-UA-Full-Version-List, Sec-CH-UA-Platform, Sec-CH-UA, UA-Bitness, UA-Arch, UA-Full-Version, UA-Mobile, UA-Model, UA-Platform-Version, UA-Platform, UA
cross-origin-embedder-policy: require-corp
cross-origin-opener-policy: same-origin
cross-origin-resource-policy: same-origin
origin-agent-cluster: ?1
permissions-policy: accelerometer=(),camera=(),clipboard-read=(),clipboard-write=(),geolocation=(),gyroscope=(),hid=(),magnetometer=(),microphone=(),payment=(),publickey-credentials-get=(),screen-wake-lock=(),serial=(),sync-xhr=(),usb=(),xr-spatial-tracking=*
referrer-policy: same-origin
server-timing: chlray;desc="a11947589de6f9ad"
x-content-type-options: nosniff
x-frame-options: SAMEORIGIN
report-to: {"group":"cf-nel","max_age":604800,"endpoints":[{"url":"https://a.nel.cloudflare.com/report/v4?s=%2FlnrEWoJ6kTFgk1QtIMjPrCRaia9RP4IduygoI%2FAbaQMBtbS14pwvICT%2F3adM9RXeS8NAQOZjRjIl4w8nfw0l1QpOyjdFkjPkXCCMSIXvOnRwKn8uTnHT%2FE6pdXZQtDlNHA%3D"}]}
nel: {"report_to":"cf-nel","success_fraction":0.0,"max_age":604800}
cf-ray: a11947589de6f9ad-HKG
alt-svc: h3=":443"; ma=86400

