SAB_PVW_STAGE_NOISE trial target_full r=4 trial=0 complete
SAB_PVW_STAGE_NOISE lane stage=blind_rotate_coeff0 r=4 lane=0 trials=1 pair_failures=0 pair_log2_sigma_torus=-14.621 pair_log2_max_abs_torus=-12.482
SAB_PVW_STAGE_NOISE lane stage=blind_rotate_coeff0 r=4 lane=1 trials=1 pair_failures=0 pair_log2_sigma_torus=-15.107 pair_log2_max_abs_torus=-13.255
SAB_PVW_STAGE_NOISE lane stage=blind_rotate_coeff0 r=4 lane=2 trials=1 pair_failures=0 pair_log2_sigma_torus=-14.517 pair_log2_max_abs_torus=-12.607
SAB_PVW_STAGE_NOISE lane stage=blind_rotate_coeff0 r=4 lane=3 trials=1 pair_failures=0 pair_log2_sigma_torus=-15.048 pair_log2_max_abs_torus=-13.177
SAB_PVW_STAGE_NOISE summary stage=blind_rotate_coeff0 r=4 trials=1 points=8192 pair_failures=0 pair_log2_sigma_torus=-14.778 pair_log2_max_abs_torus=-12.482
SAB_PVW_STAGE_NOISE lane stage=extract r=4 lane=0 trials=1 pair_failures=0 pair_log2_sigma_torus=-14.621 pair_log2_max_abs_torus=-12.482
SAB_PVW_STAGE_NOISE lane stage=extract r=4 lane=1 trials=1 pair_failures=0 pair_log2_sigma_torus=-15.107 pair_log2_max_abs_torus=-13.255
SAB_PVW_STAGE_NOISE lane stage=extract r=4 lane=2 trials=1 pair_failures=0 pair_log2_sigma_torus=-14.517 pair_log2_max_abs_torus=-12.607
SAB_PVW_STAGE_NOISE lane stage=extract r=4 lane=3 trials=1 pair_failures=0 pair_log2_sigma_torus=-15.048 pair_log2_max_abs_torus=-13.177
SAB_PVW_STAGE_NOISE summary stage=extract r=4 trials=1 points=8192 pair_failures=0 pair_log2_sigma_torus=-14.778 pair_log2_max_abs_torus=-12.482
SAB_PVW_STAGE_NOISE lane stage=materialize_tlwe r=4 lane=0 trials=1 pair_failures=0 pair_log2_sigma_torus=-14.621 pair_log2_max_abs_torus=-12.482
SAB_PVW_STAGE_NOISE lane stage=materialize_tlwe r=4 lane=1 trials=1 pair_failures=0 pair_log2_sigma_torus=-15.107 pair_log2_max_abs_torus=-13.255
SAB_PVW_STAGE_NOISE lane stage=materialize_tlwe r=4 lane=2 trials=1 pair_failures=0 pair_log2_sigma_torus=-14.517 pair_log2_max_abs_torus=-12.607
SAB_PVW_STAGE_NOISE lane stage=materialize_tlwe r=4 lane=3 trials=1 pair_failures=0 pair_log2_sigma_torus=-15.048 pair_log2_max_abs_torus=-13.177
SAB_PVW_STAGE_NOISE summary stage=materialize_tlwe r=4 trials=1 points=8192 pair_failures=0 pair_log2_sigma_torus=-14.778 pair_log2_max_abs_torus=-12.482
SAB_PVW_STAGE_NOISE lane stage=packing_ks r=4 lane=0 trials=1 pair_failures=0 pair_log2_sigma_torus=-14.621 pair_log2_max_abs_torus=-12.515
SAB_PVW_STAGE_NOISE lane stage=packing_ks r=4 lane=1 trials=1 pair_failures=0 pair_log2_sigma_torus=-15.104 pair_log2_max_abs_torus=-13.241
SAB_PVW_STAGE_NOISE lane stage=packing_ks r=4 lane=2 trials=1 pair_failures=0 pair_log2_sigma_torus=-14.516 pair_log2_max_abs_torus=-12.613
SAB_PVW_STAGE_NOISE lane stage=packing_ks r=4 lane=3 trials=1 pair_failures=0 pair_log2_sigma_torus=-15.048 pair_log2_max_abs_torus=-13.186
SAB_PVW_STAGE_NOISE summary stage=packing_ks r=4 trials=1 points=8192 pair_failures=0 pair_log2_sigma_torus=-14.777 pair_log2_max_abs_torus=-12.515
SAB_PVW_STAGE_NOISE lane stage=hw_ks r=4 lane=0 trials=1 pair_failures=0 pair_log2_sigma_torus=-8.051 pair_log2_max_abs_torus=-6.427
SAB_PVW_STAGE_NOISE lane stage=hw_ks r=4 lane=1 trials=1 pair_failures=0 pair_log2_sigma_torus=-8.056 pair_log2_max_abs_torus=-5.945
SAB_PVW_STAGE_NOISE lane stage=hw_ks r=4 lane=2 trials=1 pair_failures=0 pair_log2_sigma_torus=-8.057 pair_log2_max_abs_torus=-6.081
SAB_PVW_STAGE_NOISE lane stage=hw_ks r=4 lane=3 trials=1 pair_failures=0 pair_log2_sigma_torus=-8.060 pair_log2_max_abs_torus=-6.267
SAB_PVW_STAGE_NOISE summary stage=hw_ks r=4 trials=1 points=8192 pair_failures=0 pair_log2_sigma_torus=-8.056 pair_log2_max_abs_torus=-5.945
SAB_PVW_STAGE_NOISE target full bootstrap stage gate: Pass
