SAB_PVW isolated CMUX/NCMUX lane equivalence r=1: Pass
SAB_PVW isolated CMUX/NCMUX lane equivalence r=2: Pass
SAB_PVW isolated CMUX/NCMUX lane equivalence r=4: Pass
SAB_PVW_KERNEL_TEST begin RGSW_monomial r=1 case=encrypted-selector bit0
SAB_PVW isolated RGSW_monomial lane equivalence encrypted-selector bit0 r=1 r_prec=1: Pass
SAB_PVW_KERNEL_TEST begin RGSW_monomial r=1 case=encrypted-selector bit1
SAB_PVW isolated RGSW_monomial lane equivalence encrypted-selector bit1 r=1 r_prec=1: Pass
SAB_PVW_KERNEL_TEST begin RGSW_monomial r=1 case=trivial-selector multibit
SAB_PVW isolated RGSW_monomial lane equivalence trivial-selector multibit r=1 r_prec=3: Pass
SAB_PVW_KERNEL_TEST begin RGSW_monomial r=1 case=full-encrypted multibit
SAB_PVW isolated RGSW_monomial lane equivalence full-encrypted multibit r=1 r_prec=3: Pass
SAB_PVW_KERNEL_TEST skip small-N sparse/bootstrap r=1 backend=spqlios_avx512 reason=N=16 staged TRLWE key helpers are not supported by this backend; use target full gate
SAB_PVW_KERNEL_TEST begin RGSW_monomial r=2 case=encrypted-selector bit0
SAB_PVW isolated RGSW_monomial lane equivalence encrypted-selector bit0 r=2 r_prec=1: Pass
SAB_PVW_KERNEL_TEST begin RGSW_monomial r=2 case=encrypted-selector bit1
SAB_PVW isolated RGSW_monomial lane equivalence encrypted-selector bit1 r=2 r_prec=1: Pass
SAB_PVW_KERNEL_TEST begin RGSW_monomial r=2 case=trivial-selector multibit
SAB_PVW isolated RGSW_monomial lane equivalence trivial-selector multibit r=2 r_prec=3: Pass
SAB_PVW_KERNEL_TEST begin RGSW_monomial r=2 case=full-encrypted multibit
SAB_PVW isolated RGSW_monomial lane equivalence full-encrypted multibit r=2 r_prec=3: Pass
SAB_PVW_KERNEL_TEST skip small-N sparse/bootstrap r=2 backend=spqlios_avx512 reason=N=16 staged TRLWE key helpers are not supported by this backend; use target full gate
SAB_PVW_KERNEL_TEST begin RGSW_monomial r=4 case=encrypted-selector bit0
SAB_PVW isolated RGSW_monomial lane equivalence encrypted-selector bit0 r=4 r_prec=1: Pass
SAB_PVW_KERNEL_TEST begin RGSW_monomial r=4 case=encrypted-selector bit1
SAB_PVW isolated RGSW_monomial lane equivalence encrypted-selector bit1 r=4 r_prec=1: Pass
SAB_PVW_KERNEL_TEST begin RGSW_monomial r=4 case=trivial-selector multibit
SAB_PVW isolated RGSW_monomial lane equivalence trivial-selector multibit r=4 r_prec=3: Pass
SAB_PVW_KERNEL_TEST begin RGSW_monomial r=4 case=full-encrypted multibit
SAB_PVW isolated RGSW_monomial lane equivalence full-encrypted multibit r=4 r_prec=3: Pass
SAB_PVW_KERNEL_TEST skip small-N sparse/bootstrap r=4 backend=spqlios_avx512 reason=N=16 staged TRLWE key helpers are not supported by this backend; use target full gate
MAT_TRGSW/PVW staged kernel test: Pass
MAT_TRGSW microbench r=1 reps=1000 avg_us=6 lane_avg_us=6
MAT_TRGSW microbench r=2 reps=1000 avg_us=11 lane_avg_us=5
MAT_TRGSW microbench r=4 reps=1000 avg_us=37 lane_avg_us=9
MAT_TRGSW vs scalar r=1 reps=1000 scalar_repeated_avg_us=8.768 scalar_lane_avg_us=8.768 mat_avg_us=9.175 mat_lane_avg_us=9.175 speedup_vs_scalar_repeated=0.956x
MAT_TRGSW vs scalar r=2 reps=1000 scalar_repeated_avg_us=21.858 scalar_lane_avg_us=10.929 mat_avg_us=12.676 mat_lane_avg_us=6.338 speedup_vs_scalar_repeated=1.724x
MAT_TRGSW vs scalar r=4 reps=1000 scalar_repeated_avg_us=33.773 scalar_lane_avg_us=8.443 mat_avg_us=22.968 mat_lane_avg_us=5.742 speedup_vs_scalar_repeated=1.470x
MAT_TRGSW_FULL vs scalar_full r=1 reps=1000 scalar_repeated_avg_us=13.563 scalar_lane_avg_us=13.563 mat_avg_us=13.473 mat_lane_avg_us=13.473 speedup_vs_scalar_repeated=1.007x
MAT_TRGSW_FULL vs scalar_full r=2 reps=1000 scalar_repeated_avg_us=26.464 scalar_lane_avg_us=13.232 mat_avg_us=18.643 mat_lane_avg_us=9.322 speedup_vs_scalar_repeated=1.420x
MAT_TRGSW_FULL vs scalar_full r=4 reps=1000 scalar_repeated_avg_us=53.475 scalar_lane_avg_us=13.369 mat_avg_us=35.278 mat_lane_avg_us=8.819 speedup_vs_scalar_repeated=1.516x
EP_BREAKDOWN scalar_repeated r=1 reps=1000 phase_sum_avg_us=7.188 alloc_avg_us=0.000 alloc_pct=0.00 decompose_avg_us=0.918 decompose_pct=12.77 dft_avg_us=4.214 dft_pct=58.63 clear_avg_us=0.000 clear_pct=0.00 mul_avg_us=2.056 mul_pct=28.60 free_avg_us=0.000 free_pct=0.00
EP_BREAKDOWN mat_shared_mask r=1 reps=1000 phase_sum_avg_us=7.417 alloc_avg_us=0.000 alloc_pct=0.00 decompose_avg_us=0.874 decompose_pct=11.78 dft_avg_us=4.192 dft_pct=56.52 clear_avg_us=0.000 clear_pct=0.00 mul_avg_us=2.351 mul_pct=31.70 free_avg_us=0.000 free_pct=0.00
EP_BREAKDOWN scalar_repeated r=2 reps=1000 phase_sum_avg_us=15.476 alloc_avg_us=0.000 alloc_pct=0.00 decompose_avg_us=2.247 decompose_pct=14.52 dft_avg_us=8.715 dft_pct=56.31 clear_avg_us=0.000 clear_pct=0.00 mul_avg_us=4.514 mul_pct=29.17 free_avg_us=0.000 free_pct=0.00
EP_BREAKDOWN mat_shared_mask r=2 reps=1000 phase_sum_avg_us=13.236 alloc_avg_us=0.000 alloc_pct=0.00 decompose_avg_us=1.706 decompose_pct=12.89 dft_avg_us=6.699 dft_pct=50.61 clear_avg_us=0.000 clear_pct=0.00 mul_avg_us=4.831 mul_pct=36.50 free_avg_us=0.000 free_pct=0.00
EP_BREAKDOWN scalar_repeated r=4 reps=1000 phase_sum_avg_us=35.440 alloc_avg_us=0.000 alloc_pct=0.00 decompose_avg_us=5.336 decompose_pct=15.06 dft_avg_us=19.023 dft_pct=53.68 clear_avg_us=0.000 clear_pct=0.00 mul_avg_us=11.081 mul_pct=31.27 free_avg_us=0.000 free_pct=0.00
EP_BREAKDOWN mat_shared_mask r=4 reps=1000 phase_sum_avg_us=30.528 alloc_avg_us=0.000 alloc_pct=0.00 decompose_avg_us=3.414 decompose_pct=11.18 dft_avg_us=12.100 dft_pct=39.64 clear_avg_us=0.000 clear_pct=0.00 mul_avg_us=15.014 mul_pct=49.18 free_avg_us=0.000 free_pct=0.00
