SAB_PVW isolated CMUX/NCMUX lane equivalence r=1: Pass
SAB_PVW isolated CMUX/NCMUX lane equivalence r=2: Pass
SAB_PVW isolated CMUX/NCMUX lane equivalence r=4: Pass
SAB_PVW_KERNEL_TEST begin RGSW_monomial r=1 case=encrypted-selector bit0
SAB_PVW isolated RGSW_monomial lane equivalence encrypted-selector bit0 r=1 r_prec=1: Pass
SAB_PVW_KERNEL_TEST begin RGSW_monomial r=1 case=encrypted-selector bit1
SAB_PVW isolated RGSW_monomial lane equivalence encrypted-selector bit1 r=1 r_prec=1: Pass
SAB_PVW_KERNEL_TEST begin RGSW_monomial r=1 case=trivial-selector multibit
SAB_PVW isolated RGSW_monomial lane equivalence trivial-selector multibit r=1 r_prec=3: Pass
SAB_PVW_KERNEL_TEST begin RGSW_monomial r=1 case=full-encrypted multibit
SAB_PVW isolated RGSW_monomial lane equivalence full-encrypted multibit r=1 r_prec=3: Pass
SAB_PVW_KERNEL_TEST skip small-N sparse/bootstrap r=1 backend=spqlios_avx512 reason=N=16 staged TRLWE key helpers are not supported by this backend; use target full gate
SAB_PVW_KERNEL_TEST begin RGSW_monomial r=2 case=encrypted-selector bit0
SAB_PVW isolated RGSW_monomial lane equivalence encrypted-selector bit0 r=2 r_prec=1: Pass
SAB_PVW_KERNEL_TEST begin RGSW_monomial r=2 case=encrypted-selector bit1
SAB_PVW isolated RGSW_monomial lane equivalence encrypted-selector bit1 r=2 r_prec=1: Pass
SAB_PVW_KERNEL_TEST begin RGSW_monomial r=2 case=trivial-selector multibit
SAB_PVW isolated RGSW_monomial lane equivalence trivial-selector multibit r=2 r_prec=3: Pass
SAB_PVW_KERNEL_TEST begin RGSW_monomial r=2 case=full-encrypted multibit
SAB_PVW isolated RGSW_monomial lane equivalence full-encrypted multibit r=2 r_prec=3: Pass
SAB_PVW_KERNEL_TEST skip small-N sparse/bootstrap r=2 backend=spqlios_avx512 reason=N=16 staged TRLWE key helpers are not supported by this backend; use target full gate
SAB_PVW_KERNEL_TEST begin RGSW_monomial r=4 case=encrypted-selector bit0
SAB_PVW isolated RGSW_monomial lane equivalence encrypted-selector bit0 r=4 r_prec=1: Pass
SAB_PVW_KERNEL_TEST begin RGSW_monomial r=4 case=encrypted-selector bit1
SAB_PVW isolated RGSW_monomial lane equivalence encrypted-selector bit1 r=4 r_prec=1: Pass
SAB_PVW_KERNEL_TEST begin RGSW_monomial r=4 case=trivial-selector multibit
SAB_PVW isolated RGSW_monomial lane equivalence trivial-selector multibit r=4 r_prec=3: Pass
SAB_PVW_KERNEL_TEST begin RGSW_monomial r=4 case=full-encrypted multibit
SAB_PVW isolated RGSW_monomial lane equivalence full-encrypted multibit r=4 r_prec=3: Pass
SAB_PVW_KERNEL_TEST skip small-N sparse/bootstrap r=4 backend=spqlios_avx512 reason=N=16 staged TRLWE key helpers are not supported by this backend; use target full gate
MAT_TRGSW/PVW staged kernel test: Pass
MAT_TRGSW microbench r=1 reps=1000 avg_us=7 lane_avg_us=7
MAT_TRGSW microbench r=2 reps=1000 avg_us=15 lane_avg_us=7
MAT_TRGSW microbench r=4 reps=1000 avg_us=29 lane_avg_us=7
MAT_TRGSW vs scalar r=1 reps=1000 scalar_repeated_avg_us=7.549 scalar_lane_avg_us=7.549 mat_avg_us=7.124 mat_lane_avg_us=7.124 speedup_vs_scalar_repeated=1.060x
MAT_TRGSW vs scalar r=2 reps=1000 scalar_repeated_avg_us=15.368 scalar_lane_avg_us=7.684 mat_avg_us=11.810 mat_lane_avg_us=5.905 speedup_vs_scalar_repeated=1.301x
MAT_TRGSW vs scalar r=4 reps=1000 scalar_repeated_avg_us=34.164 scalar_lane_avg_us=8.541 mat_avg_us=26.458 mat_lane_avg_us=6.614 speedup_vs_scalar_repeated=1.291x
MAT_TRGSW_FULL vs scalar_full r=1 reps=1000 scalar_repeated_avg_us=16.028 scalar_lane_avg_us=16.028 mat_avg_us=15.030 mat_lane_avg_us=15.030 speedup_vs_scalar_repeated=1.066x
MAT_TRGSW_FULL vs scalar_full r=2 reps=1000 scalar_repeated_avg_us=26.264 scalar_lane_avg_us=13.132 mat_avg_us=20.460 mat_lane_avg_us=10.230 speedup_vs_scalar_repeated=1.284x
MAT_TRGSW_FULL vs scalar_full r=4 reps=1000 scalar_repeated_avg_us=54.784 scalar_lane_avg_us=13.696 mat_avg_us=38.532 mat_lane_avg_us=9.633 speedup_vs_scalar_repeated=1.422x
EP_BREAKDOWN scalar_repeated r=1 reps=1000 phase_sum_avg_us=7.822 alloc_avg_us=0.000 alloc_pct=0.00 decompose_avg_us=1.082 decompose_pct=13.83 dft_avg_us=4.548 dft_pct=58.14 clear_avg_us=0.000 clear_pct=0.00 mul_avg_us=2.192 mul_pct=28.02 free_avg_us=0.000 free_pct=0.00
EP_BREAKDOWN mat_shared_mask r=1 reps=1000 phase_sum_avg_us=7.869 alloc_avg_us=0.000 alloc_pct=0.00 decompose_avg_us=1.047 decompose_pct=13.31 dft_avg_us=4.575 dft_pct=58.14 clear_avg_us=0.000 clear_pct=0.00 mul_avg_us=2.247 mul_pct=28.56 free_avg_us=0.000 free_pct=0.00
EP_BREAKDOWN scalar_repeated r=2 reps=1000 phase_sum_avg_us=16.327 alloc_avg_us=0.000 alloc_pct=0.00 decompose_avg_us=2.555 decompose_pct=15.65 dft_avg_us=9.015 dft_pct=55.22 clear_avg_us=0.000 clear_pct=0.00 mul_avg_us=4.757 mul_pct=29.14 free_avg_us=0.000 free_pct=0.00
EP_BREAKDOWN mat_shared_mask r=2 reps=1000 phase_sum_avg_us=14.103 alloc_avg_us=0.000 alloc_pct=0.00 decompose_avg_us=1.994 decompose_pct=14.14 dft_avg_us=7.080 dft_pct=50.20 clear_avg_us=0.000 clear_pct=0.00 mul_avg_us=5.029 mul_pct=35.66 free_avg_us=0.000 free_pct=0.00
EP_BREAKDOWN scalar_repeated r=4 reps=1000 phase_sum_avg_us=36.530 alloc_avg_us=0.000 alloc_pct=0.00 decompose_avg_us=5.321 decompose_pct=14.57 dft_avg_us=19.837 dft_pct=54.30 clear_avg_us=0.000 clear_pct=0.00 mul_avg_us=11.372 mul_pct=31.13 free_avg_us=0.000 free_pct=0.00
EP_BREAKDOWN mat_shared_mask r=4 reps=1000 phase_sum_avg_us=30.480 alloc_avg_us=0.000 alloc_pct=0.00 decompose_avg_us=3.478 decompose_pct=11.41 dft_avg_us=12.544 dft_pct=41.15 clear_avg_us=0.000 clear_pct=0.00 mul_avg_us=14.458 mul_pct=47.43 free_avg_us=0.000 free_pct=0.00
