SAB_PVW isolated CMUX/NCMUX lane equivalence r=1: Pass
SAB_PVW isolated CMUX/NCMUX lane equivalence r=2: Pass
SAB_PVW isolated CMUX/NCMUX lane equivalence r=4: Pass
SAB_PVW_KERNEL_TEST begin RGSW_monomial r=1 case=encrypted-selector bit0
SAB_PVW isolated RGSW_monomial lane equivalence encrypted-selector bit0 r=1 r_prec=1: Pass
SAB_PVW_KERNEL_TEST begin RGSW_monomial r=1 case=encrypted-selector bit1
SAB_PVW isolated RGSW_monomial lane equivalence encrypted-selector bit1 r=1 r_prec=1: Pass
SAB_PVW_KERNEL_TEST begin RGSW_monomial r=1 case=trivial-selector multibit
SAB_PVW isolated RGSW_monomial lane equivalence trivial-selector multibit r=1 r_prec=3: Pass
SAB_PVW_KERNEL_TEST begin RGSW_monomial r=1 case=full-encrypted multibit
SAB_PVW isolated RGSW_monomial lane equivalence full-encrypted multibit r=1 r_prec=3: Pass
SAB_PVW_KERNEL_TEST skip small-N sparse/bootstrap r=1 backend=spqlios_avx512 reason=N=16 staged TRLWE key helpers are not supported by this backend; use target full gate
SAB_PVW_KERNEL_TEST begin RGSW_monomial r=2 case=encrypted-selector bit0
SAB_PVW isolated RGSW_monomial lane equivalence encrypted-selector bit0 r=2 r_prec=1: Pass
SAB_PVW_KERNEL_TEST begin RGSW_monomial r=2 case=encrypted-selector bit1
SAB_PVW isolated RGSW_monomial lane equivalence encrypted-selector bit1 r=2 r_prec=1: Pass
SAB_PVW_KERNEL_TEST begin RGSW_monomial r=2 case=trivial-selector multibit
SAB_PVW isolated RGSW_monomial lane equivalence trivial-selector multibit r=2 r_prec=3: Pass
SAB_PVW_KERNEL_TEST begin RGSW_monomial r=2 case=full-encrypted multibit
SAB_PVW isolated RGSW_monomial lane equivalence full-encrypted multibit r=2 r_prec=3: Pass
SAB_PVW_KERNEL_TEST skip small-N sparse/bootstrap r=2 backend=spqlios_avx512 reason=N=16 staged TRLWE key helpers are not supported by this backend; use target full gate
SAB_PVW_KERNEL_TEST begin RGSW_monomial r=4 case=encrypted-selector bit0
SAB_PVW isolated RGSW_monomial lane equivalence encrypted-selector bit0 r=4 r_prec=1: Pass
SAB_PVW_KERNEL_TEST begin RGSW_monomial r=4 case=encrypted-selector bit1
SAB_PVW isolated RGSW_monomial lane equivalence encrypted-selector bit1 r=4 r_prec=1: Pass
SAB_PVW_KERNEL_TEST begin RGSW_monomial r=4 case=trivial-selector multibit
SAB_PVW isolated RGSW_monomial lane equivalence trivial-selector multibit r=4 r_prec=3: Pass
SAB_PVW_KERNEL_TEST begin RGSW_monomial r=4 case=full-encrypted multibit
SAB_PVW isolated RGSW_monomial lane equivalence full-encrypted multibit r=4 r_prec=3: Pass
SAB_PVW_KERNEL_TEST skip small-N sparse/bootstrap r=4 backend=spqlios_avx512 reason=N=16 staged TRLWE key helpers are not supported by this backend; use target full gate
MAT_TRGSW/PVW staged kernel test: Pass
MAT_TRGSW microbench r=1 reps=1000 avg_us=7 lane_avg_us=7
MAT_TRGSW microbench r=2 reps=1000 avg_us=11 lane_avg_us=5
MAT_TRGSW microbench r=4 reps=1000 avg_us=27 lane_avg_us=6
MAT_TRGSW vs scalar r=1 reps=1000 scalar_repeated_avg_us=7.854 scalar_lane_avg_us=7.854 mat_avg_us=7.092 mat_lane_avg_us=7.092 speedup_vs_scalar_repeated=1.107x
MAT_TRGSW vs scalar r=2 reps=1000 scalar_repeated_avg_us=15.164 scalar_lane_avg_us=7.582 mat_avg_us=10.974 mat_lane_avg_us=5.487 speedup_vs_scalar_repeated=1.382x
MAT_TRGSW vs scalar r=4 reps=1000 scalar_repeated_avg_us=34.647 scalar_lane_avg_us=8.662 mat_avg_us=27.557 mat_lane_avg_us=6.889 speedup_vs_scalar_repeated=1.257x
MAT_TRGSW_FULL vs scalar_full r=1 reps=1000 scalar_repeated_avg_us=14.297 scalar_lane_avg_us=14.297 mat_avg_us=12.946 mat_lane_avg_us=12.946 speedup_vs_scalar_repeated=1.104x
MAT_TRGSW_FULL vs scalar_full r=2 reps=1000 scalar_repeated_avg_us=27.365 scalar_lane_avg_us=13.682 mat_avg_us=20.574 mat_lane_avg_us=10.287 speedup_vs_scalar_repeated=1.330x
MAT_TRGSW_FULL vs scalar_full r=4 reps=1000 scalar_repeated_avg_us=59.326 scalar_lane_avg_us=14.832 mat_avg_us=50.530 mat_lane_avg_us=12.633 speedup_vs_scalar_repeated=1.174x
EP_BREAKDOWN scalar_repeated r=1 reps=1000 phase_sum_avg_us=7.830 alloc_avg_us=0.000 alloc_pct=0.00 decompose_avg_us=0.942 decompose_pct=12.03 dft_avg_us=4.787 dft_pct=61.14 clear_avg_us=0.000 clear_pct=0.00 mul_avg_us=2.101 mul_pct=26.83 free_avg_us=0.000 free_pct=0.00
EP_BREAKDOWN mat_shared_mask r=1 reps=1000 phase_sum_avg_us=7.734 alloc_avg_us=0.000 alloc_pct=0.00 decompose_avg_us=0.879 decompose_pct=11.37 dft_avg_us=4.753 dft_pct=61.46 clear_avg_us=0.000 clear_pct=0.00 mul_avg_us=2.102 mul_pct=27.18 free_avg_us=0.000 free_pct=0.00
EP_BREAKDOWN scalar_repeated r=2 reps=1000 phase_sum_avg_us=17.592 alloc_avg_us=0.000 alloc_pct=0.00 decompose_avg_us=2.609 decompose_pct=14.83 dft_avg_us=9.776 dft_pct=55.57 clear_avg_us=0.000 clear_pct=0.00 mul_avg_us=5.207 mul_pct=29.60 free_avg_us=0.000 free_pct=0.00
EP_BREAKDOWN mat_shared_mask r=2 reps=1000 phase_sum_avg_us=14.537 alloc_avg_us=0.000 alloc_pct=0.00 decompose_avg_us=2.028 decompose_pct=13.95 dft_avg_us=7.177 dft_pct=49.37 clear_avg_us=0.000 clear_pct=0.00 mul_avg_us=5.332 mul_pct=36.68 free_avg_us=0.000 free_pct=0.00
EP_BREAKDOWN scalar_repeated r=4 reps=1000 phase_sum_avg_us=37.796 alloc_avg_us=0.000 alloc_pct=0.00 decompose_avg_us=5.919 decompose_pct=15.66 dft_avg_us=20.178 dft_pct=53.39 clear_avg_us=0.000 clear_pct=0.00 mul_avg_us=11.699 mul_pct=30.95 free_avg_us=0.000 free_pct=0.00
EP_BREAKDOWN mat_shared_mask r=4 reps=1000 phase_sum_avg_us=31.200 alloc_avg_us=0.000 alloc_pct=0.00 decompose_avg_us=3.616 decompose_pct=11.59 dft_avg_us=12.520 dft_pct=40.13 clear_avg_us=0.000 clear_pct=0.00 mul_avg_us=15.064 mul_pct=48.28 free_avg_us=0.000 free_pct=0.00
