SAB_PVW isolated CMUX/NCMUX lane equivalence r=1: Pass
SAB_PVW isolated CMUX/NCMUX lane equivalence r=2: Pass
SAB_PVW isolated CMUX/NCMUX lane equivalence r=4: Pass
SAB_PVW_KERNEL_TEST begin RGSW_monomial r=1 case=encrypted-selector bit0
SAB_PVW isolated RGSW_monomial lane equivalence encrypted-selector bit0 r=1 r_prec=1: Pass
SAB_PVW_KERNEL_TEST begin RGSW_monomial r=1 case=encrypted-selector bit1
SAB_PVW isolated RGSW_monomial lane equivalence encrypted-selector bit1 r=1 r_prec=1: Pass
SAB_PVW_KERNEL_TEST begin RGSW_monomial r=1 case=trivial-selector multibit
SAB_PVW isolated RGSW_monomial lane equivalence trivial-selector multibit r=1 r_prec=3: Pass
SAB_PVW_KERNEL_TEST begin RGSW_monomial r=1 case=full-encrypted multibit
SAB_PVW isolated RGSW_monomial lane equivalence full-encrypted multibit r=1 r_prec=3: Pass
SAB_PVW_KERNEL_TEST begin sparse_mul r=1
SAB_PVW_KERNEL_TEST sparse_mul r=1 step=input_key
SAB_PVW_KERNEL_TEST sparse_mul r=1 step=pvw_key
SAB_PVW_KERNEL_TEST sparse_mul r=1 step=sab_pvw_key
SAB_PVW_KERNEL_TEST sparse_mul r=1 step=scalar_alloc
SAB_PVW_KERNEL_TEST sparse_mul r=1 step=scalar_keys
SAB_PVW_KERNEL_TEST sparse_mul r=1 step=acc_init
SAB_PVW_KERNEL_TEST sparse_mul r=1 step=rounds
SAB_PVW_KERNEL_TEST sparse_mul r=1 round=0 step=RGSW
SAB_PVW_KERNEL_TEST sparse_mul r=1 round=0 step=sub_a
SAB_PVW_KERNEL_TEST sparse_mul r=1 round=1 step=RGSW
SAB_PVW_KERNEL_TEST sparse_mul r=1 round=1 step=sub_a
SAB_PVW_KERNEL_TEST sparse_mul r=1 step=final_RGSW
SAB_PVW API binary sparse_mul lane equivalence r=1 h=2 r_prec=3: Pass
SAB_PVW_KERNEL_TEST begin bootstrap_wo_extract r=1
SAB_PVW API bootstrap_wo_extract binary lane equivalence r=1 h=2 r_prec=3: Pass
SAB_PVW API extract binary lane equivalence r=1 h=2 r_prec=3: Pass
SAB_PVW API materialized TLWE binary lane equivalence r=1 h=2 r_prec=3: Pass
SAB_PVW API packing/HW-KS binary lane equivalence r=1 h=2 r_prec=3: Pass
SAB_PVW API full bootstrap binary lane equivalence r=1 h=2 r_prec=3: Pass
SAB_PVW_KERNEL_TEST begin RGSW_monomial r=2 case=encrypted-selector bit0
SAB_PVW isolated RGSW_monomial lane equivalence encrypted-selector bit0 r=2 r_prec=1: Pass
SAB_PVW_KERNEL_TEST begin RGSW_monomial r=2 case=encrypted-selector bit1
SAB_PVW isolated RGSW_monomial lane equivalence encrypted-selector bit1 r=2 r_prec=1: Pass
SAB_PVW_KERNEL_TEST begin RGSW_monomial r=2 case=trivial-selector multibit
SAB_PVW isolated RGSW_monomial lane equivalence trivial-selector multibit r=2 r_prec=3: Pass
SAB_PVW_KERNEL_TEST begin RGSW_monomial r=2 case=full-encrypted multibit
SAB_PVW isolated RGSW_monomial lane equivalence full-encrypted multibit r=2 r_prec=3: Pass
SAB_PVW_KERNEL_TEST begin sparse_mul r=2
SAB_PVW_KERNEL_TEST sparse_mul r=2 step=input_key
SAB_PVW_KERNEL_TEST sparse_mul r=2 step=pvw_key
SAB_PVW_KERNEL_TEST sparse_mul r=2 step=sab_pvw_key
SAB_PVW_KERNEL_TEST sparse_mul r=2 step=scalar_alloc
SAB_PVW_KERNEL_TEST sparse_mul r=2 step=scalar_keys
SAB_PVW_KERNEL_TEST sparse_mul r=2 step=acc_init
SAB_PVW_KERNEL_TEST sparse_mul r=2 step=rounds
SAB_PVW_KERNEL_TEST sparse_mul r=2 round=0 step=RGSW
SAB_PVW_KERNEL_TEST sparse_mul r=2 round=0 step=sub_a
SAB_PVW_KERNEL_TEST sparse_mul r=2 round=1 step=RGSW
SAB_PVW_KERNEL_TEST sparse_mul r=2 round=1 step=sub_a
SAB_PVW_KERNEL_TEST sparse_mul r=2 step=final_RGSW
SAB_PVW API binary sparse_mul lane equivalence r=2 h=2 r_prec=3: Pass
SAB_PVW_KERNEL_TEST begin bootstrap_wo_extract r=2
SAB_PVW API bootstrap_wo_extract binary lane equivalence r=2 h=2 r_prec=3: Pass
SAB_PVW API extract binary lane equivalence r=2 h=2 r_prec=3: Pass
SAB_PVW API materialized TLWE binary lane equivalence r=2 h=2 r_prec=3: Pass
SAB_PVW API packing/HW-KS binary lane equivalence r=2 h=2 r_prec=3: Pass
SAB_PVW API full bootstrap binary lane equivalence r=2 h=2 r_prec=3: Pass
SAB_PVW_KERNEL_TEST begin RGSW_monomial r=4 case=encrypted-selector bit0
SAB_PVW isolated RGSW_monomial lane equivalence encrypted-selector bit0 r=4 r_prec=1: Pass
SAB_PVW_KERNEL_TEST begin RGSW_monomial r=4 case=encrypted-selector bit1
SAB_PVW isolated RGSW_monomial lane equivalence encrypted-selector bit1 r=4 r_prec=1: Pass
SAB_PVW_KERNEL_TEST begin RGSW_monomial r=4 case=trivial-selector multibit
SAB_PVW isolated RGSW_monomial lane equivalence trivial-selector multibit r=4 r_prec=3: Pass
SAB_PVW_KERNEL_TEST begin RGSW_monomial r=4 case=full-encrypted multibit
SAB_PVW isolated RGSW_monomial lane equivalence full-encrypted multibit r=4 r_prec=3: Pass
SAB_PVW_KERNEL_TEST begin sparse_mul r=4
SAB_PVW_KERNEL_TEST sparse_mul r=4 step=input_key
SAB_PVW_KERNEL_TEST sparse_mul r=4 step=pvw_key
SAB_PVW_KERNEL_TEST sparse_mul r=4 step=sab_pvw_key
SAB_PVW_KERNEL_TEST sparse_mul r=4 step=scalar_alloc
SAB_PVW_KERNEL_TEST sparse_mul r=4 step=scalar_keys
SAB_PVW_KERNEL_TEST sparse_mul r=4 step=acc_init
SAB_PVW_KERNEL_TEST sparse_mul r=4 step=rounds
SAB_PVW_KERNEL_TEST sparse_mul r=4 round=0 step=RGSW
SAB_PVW_KERNEL_TEST sparse_mul r=4 round=0 step=sub_a
SAB_PVW_KERNEL_TEST sparse_mul r=4 round=1 step=RGSW
SAB_PVW_KERNEL_TEST sparse_mul r=4 round=1 step=sub_a
SAB_PVW_KERNEL_TEST sparse_mul r=4 step=final_RGSW
SAB_PVW API binary sparse_mul lane equivalence r=4 h=2 r_prec=3: Pass
SAB_PVW_KERNEL_TEST begin bootstrap_wo_extract r=4
SAB_PVW API bootstrap_wo_extract binary lane equivalence r=4 h=2 r_prec=3: Pass
SAB_PVW API extract binary lane equivalence r=4 h=2 r_prec=3: Pass
SAB_PVW API materialized TLWE binary lane equivalence r=4 h=2 r_prec=3: Pass
SAB_PVW API packing/HW-KS binary lane equivalence r=4 h=2 r_prec=3: Pass
SAB_PVW API full bootstrap binary lane equivalence r=4 h=2 r_prec=3: Pass
MAT_TRGSW/PVW staged kernel test: Pass
MAT_TRGSW microbench r=1 reps=1000 avg_us=11 lane_avg_us=11
MAT_TRGSW microbench r=2 reps=1000 avg_us=17 lane_avg_us=8
MAT_TRGSW microbench r=4 reps=1000 avg_us=38 lane_avg_us=9
MAT_TRGSW vs scalar r=1 reps=1000 scalar_repeated_avg_us=13.055 scalar_lane_avg_us=13.055 mat_avg_us=12.249 mat_lane_avg_us=12.249 speedup_vs_scalar_repeated=1.066x
MAT_TRGSW vs scalar r=2 reps=1000 scalar_repeated_avg_us=21.811 scalar_lane_avg_us=10.905 mat_avg_us=19.605 mat_lane_avg_us=9.803 speedup_vs_scalar_repeated=1.113x
MAT_TRGSW vs scalar r=4 reps=1000 scalar_repeated_avg_us=40.829 scalar_lane_avg_us=10.207 mat_avg_us=37.158 mat_lane_avg_us=9.290 speedup_vs_scalar_repeated=1.099x
MAT_TRGSW_FULL vs scalar_full r=1 reps=1000 scalar_repeated_avg_us=18.741 scalar_lane_avg_us=18.741 mat_avg_us=18.318 mat_lane_avg_us=18.318 speedup_vs_scalar_repeated=1.023x
MAT_TRGSW_FULL vs scalar_full r=2 reps=1000 scalar_repeated_avg_us=36.907 scalar_lane_avg_us=18.453 mat_avg_us=30.571 mat_lane_avg_us=15.286 speedup_vs_scalar_repeated=1.207x
MAT_TRGSW_FULL vs scalar_full r=4 reps=1000 scalar_repeated_avg_us=70.745 scalar_lane_avg_us=17.686 mat_avg_us=56.093 mat_lane_avg_us=14.023 speedup_vs_scalar_repeated=1.261x
EP_BREAKDOWN scalar_repeated r=1 reps=1000 phase_sum_avg_us=9.886 alloc_avg_us=0.000 alloc_pct=0.00 decompose_avg_us=0.943 decompose_pct=9.54 dft_avg_us=5.828 dft_pct=58.95 clear_avg_us=0.000 clear_pct=0.00 mul_avg_us=3.115 mul_pct=31.51 free_avg_us=0.000 free_pct=0.00
EP_BREAKDOWN mat_shared_mask r=1 reps=1000 phase_sum_avg_us=9.684 alloc_avg_us=0.000 alloc_pct=0.00 decompose_avg_us=0.875 decompose_pct=9.04 dft_avg_us=5.748 dft_pct=59.36 clear_avg_us=0.000 clear_pct=0.00 mul_avg_us=3.061 mul_pct=31.61 free_avg_us=0.000 free_pct=0.00
EP_BREAKDOWN scalar_repeated r=2 reps=1000 phase_sum_avg_us=22.198 alloc_avg_us=0.000 alloc_pct=0.00 decompose_avg_us=2.804 decompose_pct=12.63 dft_avg_us=12.464 dft_pct=56.15 clear_avg_us=0.000 clear_pct=0.00 mul_avg_us=6.930 mul_pct=31.22 free_avg_us=0.000 free_pct=0.00
EP_BREAKDOWN mat_shared_mask r=2 reps=1000 phase_sum_avg_us=18.393 alloc_avg_us=0.000 alloc_pct=0.00 decompose_avg_us=2.032 decompose_pct=11.05 dft_avg_us=9.309 dft_pct=50.61 clear_avg_us=0.000 clear_pct=0.00 mul_avg_us=7.052 mul_pct=38.34 free_avg_us=0.000 free_pct=0.00
EP_BREAKDOWN scalar_repeated r=4 reps=1000 phase_sum_avg_us=42.315 alloc_avg_us=0.000 alloc_pct=0.00 decompose_avg_us=4.992 decompose_pct=11.80 dft_avg_us=23.623 dft_pct=55.83 clear_avg_us=0.000 clear_pct=0.00 mul_avg_us=13.700 mul_pct=32.38 free_avg_us=0.000 free_pct=0.00
EP_BREAKDOWN mat_shared_mask r=4 reps=1000 phase_sum_avg_us=36.932 alloc_avg_us=0.000 alloc_pct=0.00 decompose_avg_us=3.602 decompose_pct=9.75 dft_avg_us=14.952 dft_pct=40.49 clear_avg_us=0.000 clear_pct=0.00 mul_avg_us=18.378 mul_pct=49.76 free_avg_us=0.000 free_pct=0.00
