SAB_PVW isolated CMUX/NCMUX lane equivalence r=1: Pass
SAB_PVW isolated CMUX/NCMUX lane equivalence r=2: Pass
SAB_PVW isolated CMUX/NCMUX lane equivalence r=4: Pass
SAB_PVW_KERNEL_TEST begin RGSW_monomial r=1 case=encrypted-selector bit0
SAB_PVW isolated RGSW_monomial lane equivalence encrypted-selector bit0 r=1 r_prec=1: Pass
SAB_PVW_KERNEL_TEST begin RGSW_monomial r=1 case=encrypted-selector bit1
SAB_PVW isolated RGSW_monomial lane equivalence encrypted-selector bit1 r=1 r_prec=1: Pass
SAB_PVW_KERNEL_TEST begin RGSW_monomial r=1 case=trivial-selector multibit
SAB_PVW isolated RGSW_monomial lane equivalence trivial-selector multibit r=1 r_prec=3: Pass
SAB_PVW_KERNEL_TEST begin RGSW_monomial r=1 case=full-encrypted multibit
SAB_PVW isolated RGSW_monomial lane equivalence full-encrypted multibit r=1 r_prec=3: Pass
SAB_PVW_KERNEL_TEST skip small-N sparse/bootstrap r=1 backend=spqlios_avx512 reason=N=16 staged TRLWE key helpers are not supported by this backend; use target full gate
SAB_PVW_KERNEL_TEST begin RGSW_monomial r=2 case=encrypted-selector bit0
SAB_PVW isolated RGSW_monomial lane equivalence encrypted-selector bit0 r=2 r_prec=1: Pass
SAB_PVW_KERNEL_TEST begin RGSW_monomial r=2 case=encrypted-selector bit1
SAB_PVW isolated RGSW_monomial lane equivalence encrypted-selector bit1 r=2 r_prec=1: Pass
SAB_PVW_KERNEL_TEST begin RGSW_monomial r=2 case=trivial-selector multibit
SAB_PVW isolated RGSW_monomial lane equivalence trivial-selector multibit r=2 r_prec=3: Pass
SAB_PVW_KERNEL_TEST begin RGSW_monomial r=2 case=full-encrypted multibit
SAB_PVW isolated RGSW_monomial lane equivalence full-encrypted multibit r=2 r_prec=3: Pass
SAB_PVW_KERNEL_TEST skip small-N sparse/bootstrap r=2 backend=spqlios_avx512 reason=N=16 staged TRLWE key helpers are not supported by this backend; use target full gate
SAB_PVW_KERNEL_TEST begin RGSW_monomial r=4 case=encrypted-selector bit0
SAB_PVW isolated RGSW_monomial lane equivalence encrypted-selector bit0 r=4 r_prec=1: Pass
SAB_PVW_KERNEL_TEST begin RGSW_monomial r=4 case=encrypted-selector bit1
SAB_PVW isolated RGSW_monomial lane equivalence encrypted-selector bit1 r=4 r_prec=1: Pass
SAB_PVW_KERNEL_TEST begin RGSW_monomial r=4 case=trivial-selector multibit
SAB_PVW isolated RGSW_monomial lane equivalence trivial-selector multibit r=4 r_prec=3: Pass
SAB_PVW_KERNEL_TEST begin RGSW_monomial r=4 case=full-encrypted multibit
SAB_PVW isolated RGSW_monomial lane equivalence full-encrypted multibit r=4 r_prec=3: Pass
SAB_PVW_KERNEL_TEST skip small-N sparse/bootstrap r=4 backend=spqlios_avx512 reason=N=16 staged TRLWE key helpers are not supported by this backend; use target full gate
MAT_TRGSW/PVW staged kernel test: Pass
MAT_TRGSW microbench r=1 reps=1000 avg_us=7 lane_avg_us=7
MAT_TRGSW microbench r=2 reps=1000 avg_us=11 lane_avg_us=5
MAT_TRGSW microbench r=4 reps=1000 avg_us=26 lane_avg_us=6
MAT_TRGSW vs scalar r=1 reps=1000 scalar_repeated_avg_us=10.138 scalar_lane_avg_us=10.138 mat_avg_us=10.539 mat_lane_avg_us=10.539 speedup_vs_scalar_repeated=0.962x
MAT_TRGSW vs scalar r=2 reps=1000 scalar_repeated_avg_us=19.120 scalar_lane_avg_us=9.560 mat_avg_us=11.504 mat_lane_avg_us=5.752 speedup_vs_scalar_repeated=1.662x
MAT_TRGSW vs scalar r=4 reps=1000 scalar_repeated_avg_us=30.636 scalar_lane_avg_us=7.659 mat_avg_us=22.697 mat_lane_avg_us=5.674 speedup_vs_scalar_repeated=1.350x
MAT_TRGSW_FULL vs scalar_full r=1 reps=1000 scalar_repeated_avg_us=12.883 scalar_lane_avg_us=12.883 mat_avg_us=13.259 mat_lane_avg_us=13.259 speedup_vs_scalar_repeated=0.972x
MAT_TRGSW_FULL vs scalar_full r=2 reps=1000 scalar_repeated_avg_us=24.487 scalar_lane_avg_us=12.243 mat_avg_us=18.643 mat_lane_avg_us=9.322 speedup_vs_scalar_repeated=1.313x
MAT_TRGSW_FULL vs scalar_full r=4 reps=1000 scalar_repeated_avg_us=46.751 scalar_lane_avg_us=11.688 mat_avg_us=34.429 mat_lane_avg_us=8.607 speedup_vs_scalar_repeated=1.358x
EP_BREAKDOWN scalar_repeated r=1 reps=1000 phase_sum_avg_us=6.770 alloc_avg_us=0.000 alloc_pct=0.00 decompose_avg_us=0.822 decompose_pct=12.14 dft_avg_us=4.104 dft_pct=60.62 clear_avg_us=0.000 clear_pct=0.00 mul_avg_us=1.844 mul_pct=27.24 free_avg_us=0.000 free_pct=0.00
EP_BREAKDOWN mat_shared_mask r=1 reps=1000 phase_sum_avg_us=7.082 alloc_avg_us=0.000 alloc_pct=0.00 decompose_avg_us=0.916 decompose_pct=12.93 dft_avg_us=4.109 dft_pct=58.02 clear_avg_us=0.000 clear_pct=0.00 mul_avg_us=2.057 mul_pct=29.05 free_avg_us=0.000 free_pct=0.00
EP_BREAKDOWN scalar_repeated r=2 reps=1000 phase_sum_avg_us=15.024 alloc_avg_us=0.000 alloc_pct=0.00 decompose_avg_us=2.264 decompose_pct=15.07 dft_avg_us=8.299 dft_pct=55.24 clear_avg_us=0.000 clear_pct=0.00 mul_avg_us=4.461 mul_pct=29.69 free_avg_us=0.000 free_pct=0.00
EP_BREAKDOWN mat_shared_mask r=2 reps=1000 phase_sum_avg_us=12.353 alloc_avg_us=0.000 alloc_pct=0.00 decompose_avg_us=1.570 decompose_pct=12.71 dft_avg_us=6.223 dft_pct=50.38 clear_avg_us=0.000 clear_pct=0.00 mul_avg_us=4.560 mul_pct=36.91 free_avg_us=0.000 free_pct=0.00
EP_BREAKDOWN scalar_repeated r=4 reps=1000 phase_sum_avg_us=33.677 alloc_avg_us=0.000 alloc_pct=0.00 decompose_avg_us=5.040 decompose_pct=14.97 dft_avg_us=17.960 dft_pct=53.33 clear_avg_us=0.000 clear_pct=0.00 mul_avg_us=10.677 mul_pct=31.70 free_avg_us=0.000 free_pct=0.00
EP_BREAKDOWN mat_shared_mask r=4 reps=1000 phase_sum_avg_us=27.880 alloc_avg_us=0.000 alloc_pct=0.00 decompose_avg_us=3.249 decompose_pct=11.65 dft_avg_us=11.339 dft_pct=40.67 clear_avg_us=0.000 clear_pct=0.00 mul_avg_us=13.292 mul_pct=47.68 free_avg_us=0.000 free_pct=0.00
