SAB_PVW isolated CMUX/NCMUX lane equivalence r=1: Pass
SAB_PVW isolated CMUX/NCMUX lane equivalence r=2: Pass
SAB_PVW isolated CMUX/NCMUX lane equivalence r=4: Pass
SAB_PVW_KERNEL_TEST begin RGSW_monomial r=1 case=encrypted-selector bit0
SAB_PVW isolated RGSW_monomial lane equivalence encrypted-selector bit0 r=1 r_prec=1: Pass
SAB_PVW_KERNEL_TEST begin RGSW_monomial r=1 case=encrypted-selector bit1
SAB_PVW isolated RGSW_monomial lane equivalence encrypted-selector bit1 r=1 r_prec=1: Pass
SAB_PVW_KERNEL_TEST begin RGSW_monomial r=1 case=trivial-selector multibit
SAB_PVW isolated RGSW_monomial lane equivalence trivial-selector multibit r=1 r_prec=3: Pass
SAB_PVW_KERNEL_TEST begin RGSW_monomial r=1 case=full-encrypted multibit
SAB_PVW isolated RGSW_monomial lane equivalence full-encrypted multibit r=1 r_prec=3: Pass
SAB_PVW_KERNEL_TEST skip small-N sparse/bootstrap r=1 backend=spqlios_avx512 reason=N=16 staged TRLWE key helpers are not supported by this backend; use target full gate
SAB_PVW_KERNEL_TEST begin RGSW_monomial r=2 case=encrypted-selector bit0
SAB_PVW isolated RGSW_monomial lane equivalence encrypted-selector bit0 r=2 r_prec=1: Pass
SAB_PVW_KERNEL_TEST begin RGSW_monomial r=2 case=encrypted-selector bit1
SAB_PVW isolated RGSW_monomial lane equivalence encrypted-selector bit1 r=2 r_prec=1: Pass
SAB_PVW_KERNEL_TEST begin RGSW_monomial r=2 case=trivial-selector multibit
SAB_PVW isolated RGSW_monomial lane equivalence trivial-selector multibit r=2 r_prec=3: Pass
SAB_PVW_KERNEL_TEST begin RGSW_monomial r=2 case=full-encrypted multibit
SAB_PVW isolated RGSW_monomial lane equivalence full-encrypted multibit r=2 r_prec=3: Pass
SAB_PVW_KERNEL_TEST skip small-N sparse/bootstrap r=2 backend=spqlios_avx512 reason=N=16 staged TRLWE key helpers are not supported by this backend; use target full gate
SAB_PVW_KERNEL_TEST begin RGSW_monomial r=4 case=encrypted-selector bit0
SAB_PVW isolated RGSW_monomial lane equivalence encrypted-selector bit0 r=4 r_prec=1: Pass
SAB_PVW_KERNEL_TEST begin RGSW_monomial r=4 case=encrypted-selector bit1
SAB_PVW isolated RGSW_monomial lane equivalence encrypted-selector bit1 r=4 r_prec=1: Pass
SAB_PVW_KERNEL_TEST begin RGSW_monomial r=4 case=trivial-selector multibit
SAB_PVW isolated RGSW_monomial lane equivalence trivial-selector multibit r=4 r_prec=3: Pass
SAB_PVW_KERNEL_TEST begin RGSW_monomial r=4 case=full-encrypted multibit
SAB_PVW isolated RGSW_monomial lane equivalence full-encrypted multibit r=4 r_prec=3: Pass
SAB_PVW_KERNEL_TEST skip small-N sparse/bootstrap r=4 backend=spqlios_avx512 reason=N=16 staged TRLWE key helpers are not supported by this backend; use target full gate
MAT_TRGSW/PVW staged kernel test: Pass
MAT_TRGSW microbench r=1 reps=1000 avg_us=7 lane_avg_us=7
MAT_TRGSW microbench r=2 reps=1000 avg_us=10 lane_avg_us=5
MAT_TRGSW microbench r=4 reps=1000 avg_us=24 lane_avg_us=6
MAT_TRGSW vs scalar r=1 reps=1000 scalar_repeated_avg_us=6.722 scalar_lane_avg_us=6.722 mat_avg_us=6.892 mat_lane_avg_us=6.892 speedup_vs_scalar_repeated=0.975x
MAT_TRGSW vs scalar r=2 reps=1000 scalar_repeated_avg_us=14.134 scalar_lane_avg_us=7.067 mat_avg_us=9.051 mat_lane_avg_us=4.526 speedup_vs_scalar_repeated=1.562x
MAT_TRGSW vs scalar r=4 reps=1000 scalar_repeated_avg_us=36.110 scalar_lane_avg_us=9.027 mat_avg_us=24.384 mat_lane_avg_us=6.096 speedup_vs_scalar_repeated=1.481x
MAT_TRGSW_FULL vs scalar_full r=1 reps=1000 scalar_repeated_avg_us=12.219 scalar_lane_avg_us=12.219 mat_avg_us=11.778 mat_lane_avg_us=11.778 speedup_vs_scalar_repeated=1.037x
MAT_TRGSW_FULL vs scalar_full r=2 reps=1000 scalar_repeated_avg_us=24.164 scalar_lane_avg_us=12.082 mat_avg_us=19.016 mat_lane_avg_us=9.508 speedup_vs_scalar_repeated=1.271x
MAT_TRGSW_FULL vs scalar_full r=4 reps=1000 scalar_repeated_avg_us=49.517 scalar_lane_avg_us=12.379 mat_avg_us=34.886 mat_lane_avg_us=8.722 speedup_vs_scalar_repeated=1.419x
EP_BREAKDOWN scalar_repeated r=1 reps=1000 phase_sum_avg_us=6.296 alloc_avg_us=0.000 alloc_pct=0.00 decompose_avg_us=0.732 decompose_pct=11.63 dft_avg_us=3.871 dft_pct=61.48 clear_avg_us=0.000 clear_pct=0.00 mul_avg_us=1.693 mul_pct=26.89 free_avg_us=0.000 free_pct=0.00
EP_BREAKDOWN mat_shared_mask r=1 reps=1000 phase_sum_avg_us=6.271 alloc_avg_us=0.000 alloc_pct=0.00 decompose_avg_us=0.717 decompose_pct=11.43 dft_avg_us=3.798 dft_pct=60.56 clear_avg_us=0.000 clear_pct=0.00 mul_avg_us=1.756 mul_pct=28.00 free_avg_us=0.000 free_pct=0.00
EP_BREAKDOWN scalar_repeated r=2 reps=1000 phase_sum_avg_us=14.109 alloc_avg_us=0.000 alloc_pct=0.00 decompose_avg_us=2.049 decompose_pct=14.52 dft_avg_us=7.919 dft_pct=56.13 clear_avg_us=0.000 clear_pct=0.00 mul_avg_us=4.141 mul_pct=29.35 free_avg_us=0.000 free_pct=0.00
EP_BREAKDOWN mat_shared_mask r=2 reps=1000 phase_sum_avg_us=11.575 alloc_avg_us=0.000 alloc_pct=0.00 decompose_avg_us=1.392 decompose_pct=12.03 dft_avg_us=5.881 dft_pct=50.81 clear_avg_us=0.000 clear_pct=0.00 mul_avg_us=4.302 mul_pct=37.17 free_avg_us=0.000 free_pct=0.00
EP_BREAKDOWN scalar_repeated r=4 reps=1000 phase_sum_avg_us=30.585 alloc_avg_us=0.000 alloc_pct=0.00 decompose_avg_us=4.436 decompose_pct=14.50 dft_avg_us=16.892 dft_pct=55.23 clear_avg_us=0.000 clear_pct=0.00 mul_avg_us=9.257 mul_pct=30.27 free_avg_us=0.000 free_pct=0.00
EP_BREAKDOWN mat_shared_mask r=4 reps=1000 phase_sum_avg_us=25.147 alloc_avg_us=0.000 alloc_pct=0.00 decompose_avg_us=2.841 decompose_pct=11.30 dft_avg_us=10.442 dft_pct=41.52 clear_avg_us=0.000 clear_pct=0.00 mul_avg_us=11.864 mul_pct=47.18 free_avg_us=0.000 free_pct=0.00
