rm -rf ./build main
mkdir -p ./build
gcc -g -c -O3 -DNDEBUG -Wall -Wno-unused-function -Wno-unused-result -funroll-all-loops -march=native -lm -DMAT_TRGSW_AVX512_SMALLR_SPECIALIZED -DSAB_PVW_BENCH -DSAB_PVW_BENCH_R=4 -DSAB_PVW_BENCH_REPS=1 -DSAB_PVW_ACTIVE_BUFFER_FUSION -DUSE_SPQLIOS -DAVX512_OPT -I./src/mosfhet/include -I./include/ -I./src/mosfhet/include -I./include/ src/mosfhet/src/keyswitch.c -o build/keyswitch.o
gcc -g -c -O3 -DNDEBUG -Wall -Wno-unused-function -Wno-unused-result -funroll-all-loops -march=native -lm -DMAT_TRGSW_AVX512_SMALLR_SPECIALIZED -DSAB_PVW_BENCH -DSAB_PVW_BENCH_R=4 -DSAB_PVW_BENCH_REPS=1 -DSAB_PVW_ACTIVE_BUFFER_FUSION -DUSE_SPQLIOS -DAVX512_OPT -I./src/mosfhet/include -I./include/ -I./src/mosfhet/include -I./include/ src/mosfhet/src/bootstrap.c -o build/bootstrap.o
gcc -g -c -O3 -DNDEBUG -Wall -Wno-unused-function -Wno-unused-result -funroll-all-loops -march=native -lm -DMAT_TRGSW_AVX512_SMALLR_SPECIALIZED -DSAB_PVW_BENCH -DSAB_PVW_BENCH_R=4 -DSAB_PVW_BENCH_REPS=1 -DSAB_PVW_ACTIVE_BUFFER_FUSION -DUSE_SPQLIOS -DAVX512_OPT -I./src/mosfhet/include -I./include/ -I./src/mosfhet/include -I./include/ src/mosfhet/src/bootstrap_ga.c -o build/bootstrap_ga.o
gcc -g -c -O3 -DNDEBUG -Wall -Wno-unused-function -Wno-unused-result -funroll-all-loops -march=native -lm -DMAT_TRGSW_AVX512_SMALLR_SPECIALIZED -DSAB_PVW_BENCH -DSAB_PVW_BENCH_R=4 -DSAB_PVW_BENCH_REPS=1 -DSAB_PVW_ACTIVE_BUFFER_FUSION -DUSE_SPQLIOS -DAVX512_OPT -I./src/mosfhet/include -I./include/ -I./src/mosfhet/include -I./include/ src/mosfhet/src/tlwe.c -o build/tlwe.o
gcc -g -c -O3 -DNDEBUG -Wall -Wno-unused-function -Wno-unused-result -funroll-all-loops -march=native -lm -DMAT_TRGSW_AVX512_SMALLR_SPECIALIZED -DSAB_PVW_BENCH -DSAB_PVW_BENCH_R=4 -DSAB_PVW_BENCH_REPS=1 -DSAB_PVW_ACTIVE_BUFFER_FUSION -DUSE_SPQLIOS -DAVX512_OPT -I./src/mosfhet/include -I./include/ -I./src/mosfhet/include -I./include/ src/mosfhet/src/trlwe.c -o build/trlwe.o
gcc -g -c -O3 -DNDEBUG -Wall -Wno-unused-function -Wno-unused-result -funroll-all-loops -march=native -lm -DMAT_TRGSW_AVX512_SMALLR_SPECIALIZED -DSAB_PVW_BENCH -DSAB_PVW_BENCH_R=4 -DSAB_PVW_BENCH_REPS=1 -DSAB_PVW_ACTIVE_BUFFER_FUSION -DUSE_SPQLIOS -DAVX512_OPT -I./src/mosfhet/include -I./include/ -I./src/mosfhet/include -I./include/ src/mosfhet/src/trgsw.c -o build/trgsw.o
gcc -g -c -O3 -DNDEBUG -Wall -Wno-unused-function -Wno-unused-result -funroll-all-loops -march=native -lm -DMAT_TRGSW_AVX512_SMALLR_SPECIALIZED -DSAB_PVW_BENCH -DSAB_PVW_BENCH_R=4 -DSAB_PVW_BENCH_REPS=1 -DSAB_PVW_ACTIVE_BUFFER_FUSION -DUSE_SPQLIOS -DAVX512_OPT -I./src/mosfhet/include -I./include/ -I./src/mosfhet/include -I./include/ src/mosfhet/src/misc.c -o build/misc.o
gcc -g -c -O3 -DNDEBUG -Wall -Wno-unused-function -Wno-unused-result -funroll-all-loops -march=native -lm -DMAT_TRGSW_AVX512_SMALLR_SPECIALIZED -DSAB_PVW_BENCH -DSAB_PVW_BENCH_R=4 -DSAB_PVW_BENCH_REPS=1 -DSAB_PVW_ACTIVE_BUFFER_FUSION -DUSE_SPQLIOS -DAVX512_OPT -I./src/mosfhet/include -I./include/ -I./src/mosfhet/include -I./include/ src/mosfhet/src/polynomial.c -o build/polynomial.o
gcc -g -c -O3 -DNDEBUG -Wall -Wno-unused-function -Wno-unused-result -funroll-all-loops -march=native -lm -DMAT_TRGSW_AVX512_SMALLR_SPECIALIZED -DSAB_PVW_BENCH -DSAB_PVW_BENCH_R=4 -DSAB_PVW_BENCH_REPS=1 -DSAB_PVW_ACTIVE_BUFFER_FUSION -DUSE_SPQLIOS -DAVX512_OPT -I./src/mosfhet/include -I./include/ -I./src/mosfhet/include -I./include/ src/mosfhet/src/register.c -o build/register.o
gcc -g -c -O3 -DNDEBUG -Wall -Wno-unused-function -Wno-unused-result -funroll-all-loops -march=native -lm -DMAT_TRGSW_AVX512_SMALLR_SPECIALIZED -DSAB_PVW_BENCH -DSAB_PVW_BENCH_R=4 -DSAB_PVW_BENCH_REPS=1 -DSAB_PVW_ACTIVE_BUFFER_FUSION -DUSE_SPQLIOS -DAVX512_OPT -I./src/mosfhet/include -I./include/ -I./src/mosfhet/include -I./include/ src/mosfhet/src/pvwtlwe.c -o build/pvwtlwe.o
gcc -g -c -O3 -DNDEBUG -Wall -Wno-unused-function -Wno-unused-result -funroll-all-loops -march=native -lm -DMAT_TRGSW_AVX512_SMALLR_SPECIALIZED -DSAB_PVW_BENCH -DSAB_PVW_BENCH_R=4 -DSAB_PVW_BENCH_REPS=1 -DSAB_PVW_ACTIVE_BUFFER_FUSION -DUSE_SPQLIOS -DAVX512_OPT -I./src/mosfhet/include -I./include/ -I./src/mosfhet/include -I./include/ src/mosfhet/src/sha3/fips202.c -o build/fips202.o
gcc -g -c -O3 -DNDEBUG -Wall -Wno-unused-function -Wno-unused-result -funroll-all-loops -march=native -lm -DMAT_TRGSW_AVX512_SMALLR_SPECIALIZED -DSAB_PVW_BENCH -DSAB_PVW_BENCH_R=4 -DSAB_PVW_BENCH_REPS=1 -DSAB_PVW_ACTIVE_BUFFER_FUSION -DUSE_SPQLIOS -DAVX512_OPT -I./src/mosfhet/include -I./include/ -I./src/mosfhet/include -I./include/ src/mosfhet/src/fft/karatsuba.c -o build/karatsuba.o
gcc -g -c -O3 -DNDEBUG -Wall -Wno-unused-function -Wno-unused-result -funroll-all-loops -march=native -lm -DMAT_TRGSW_AVX512_SMALLR_SPECIALIZED -DSAB_PVW_BENCH -DSAB_PVW_BENCH_R=4 -DSAB_PVW_BENCH_REPS=1 -DSAB_PVW_ACTIVE_BUFFER_FUSION -DUSE_SPQLIOS -DAVX512_OPT -I./src/mosfhet/include -I./include/ -I./src/mosfhet/include -I./include/ src/mosfhet/src/pvwtmlwe.c -o build/pvwtmlwe.o
gcc -g -c -O3 -DNDEBUG -Wall -Wno-unused-function -Wno-unused-result -funroll-all-loops -march=native -lm -DMAT_TRGSW_AVX512_SMALLR_SPECIALIZED -DSAB_PVW_BENCH -DSAB_PVW_BENCH_R=4 -DSAB_PVW_BENCH_REPS=1 -DSAB_PVW_ACTIVE_BUFFER_FUSION -DUSE_SPQLIOS -DAVX512_OPT -I./src/mosfhet/include -I./include/ -I./src/mosfhet/include -I./include/ src/mosfhet/src/mattrgsw.c -o build/mattrgsw.o
gcc -g -c -O3 -DNDEBUG -Wall -Wno-unused-function -Wno-unused-result -funroll-all-loops -march=native -lm -DMAT_TRGSW_AVX512_SMALLR_SPECIALIZED -DSAB_PVW_BENCH -DSAB_PVW_BENCH_R=4 -DSAB_PVW_BENCH_REPS=1 -DSAB_PVW_ACTIVE_BUFFER_FUSION -DUSE_SPQLIOS -DAVX512_OPT -I./src/mosfhet/include -I./include/ -I./src/mosfhet/include -I./include/ src/mosfhet/src/rnd/aes_rng.c -o build/aes_rng.o
gcc -g -c -O3 -DNDEBUG -Wall -Wno-unused-function -Wno-unused-result -funroll-all-loops -march=native -lm -DMAT_TRGSW_AVX512_SMALLR_SPECIALIZED -DSAB_PVW_BENCH -DSAB_PVW_BENCH_R=4 -DSAB_PVW_BENCH_REPS=1 -DSAB_PVW_ACTIVE_BUFFER_FUSION -DUSE_SPQLIOS -DAVX512_OPT -I./src/mosfhet/include -I./include/ -I./src/mosfhet/include -I./include/ src/mosfhet/src/fft/spqlios/spqlios-fft-avx512.s -o build/spqlios-fft-avx512.o
gcc -g -c -O3 -DNDEBUG -Wall -Wno-unused-function -Wno-unused-result -funroll-all-loops -march=native -lm -DMAT_TRGSW_AVX512_SMALLR_SPECIALIZED -DSAB_PVW_BENCH -DSAB_PVW_BENCH_R=4 -DSAB_PVW_BENCH_REPS=1 -DSAB_PVW_ACTIVE_BUFFER_FUSION -DUSE_SPQLIOS -DAVX512_OPT -I./src/mosfhet/include -I./include/ -I./src/mosfhet/include -I./include/ src/mosfhet/src/fft/spqlios/spqlios-ifft-avx512.s -o build/spqlios-ifft-avx512.o
gcc -g -c -O3 -DNDEBUG -Wall -Wno-unused-function -Wno-unused-result -funroll-all-loops -march=native -lm -DMAT_TRGSW_AVX512_SMALLR_SPECIALIZED -DSAB_PVW_BENCH -DSAB_PVW_BENCH_R=4 -DSAB_PVW_BENCH_REPS=1 -DSAB_PVW_ACTIVE_BUFFER_FUSION -DUSE_SPQLIOS -DAVX512_OPT -I./src/mosfhet/include -I./include/ -I./src/mosfhet/include -I./include/ src/mosfhet/src/fft/spqlios/spqlios-fft-impl-avx512.c -o build/spqlios-fft-impl-avx512.o
gcc -g -c -O3 -DNDEBUG -Wall -Wno-unused-function -Wno-unused-result -funroll-all-loops -march=native -lm -DMAT_TRGSW_AVX512_SMALLR_SPECIALIZED -DSAB_PVW_BENCH -DSAB_PVW_BENCH_R=4 -DSAB_PVW_BENCH_REPS=1 -DSAB_PVW_ACTIVE_BUFFER_FUSION -DUSE_SPQLIOS -DAVX512_OPT -I./src/mosfhet/include -I./include/ -I./src/mosfhet/include -I./include/ src/mosfhet/src/fft/spqlios/fft_processor_spqlios.c -o build/fft_processor_spqlios.o
gcc -g -c -O3 -fwhole-program -flto  -DNDEBUG -Wall -Wno-unused-function -Wno-unused-result -funroll-all-loops -march=native -lm -DMAT_TRGSW_AVX512_SMALLR_SPECIALIZED -DSAB_PVW_BENCH -DSAB_PVW_BENCH_R=4 -DSAB_PVW_BENCH_REPS=1 -DSAB_PVW_ACTIVE_BUFFER_FUSION -DUSE_SPQLIOS -DAVX512_OPT -I./src/mosfhet/include -I./include/ -I./src/mosfhet/include -I./include/ -DBINARY -DSET_2_3_2048 src/sparse_amortized_bootstrap.c -o build/sparse_amortized_bootstrap.o
gcc -g -c -O3 -fwhole-program -flto  -DNDEBUG -Wall -Wno-unused-function -Wno-unused-result -funroll-all-loops -march=native -lm -DMAT_TRGSW_AVX512_SMALLR_SPECIALIZED -DSAB_PVW_BENCH -DSAB_PVW_BENCH_R=4 -DSAB_PVW_BENCH_REPS=1 -DSAB_PVW_ACTIVE_BUFFER_FUSION -DUSE_SPQLIOS -DAVX512_OPT -I./src/mosfhet/include -I./include/ -I./src/mosfhet/include -I./include/ -DBINARY -DSET_2_3_2048 src/sab_profile.c -o build/sab_profile.o
gcc -g -c -O3 -fwhole-program -flto  -DNDEBUG -Wall -Wno-unused-function -Wno-unused-result -funroll-all-loops -march=native -lm -DMAT_TRGSW_AVX512_SMALLR_SPECIALIZED -DSAB_PVW_BENCH -DSAB_PVW_BENCH_R=4 -DSAB_PVW_BENCH_REPS=1 -DSAB_PVW_ACTIVE_BUFFER_FUSION -DUSE_SPQLIOS -DAVX512_OPT -I./src/mosfhet/include -I./include/ -I./src/mosfhet/include -I./include/ -DBINARY -DSET_2_3_2048 src/sab_pvw.c -o build/sab_pvw.o
gcc -g -c -O3 -fwhole-program -flto  -DNDEBUG -Wall -Wno-unused-function -Wno-unused-result -funroll-all-loops -march=native -lm -DMAT_TRGSW_AVX512_SMALLR_SPECIALIZED -DSAB_PVW_BENCH -DSAB_PVW_BENCH_R=4 -DSAB_PVW_BENCH_REPS=1 -DSAB_PVW_ACTIVE_BUFFER_FUSION -DUSE_SPQLIOS -DAVX512_OPT -I./src/mosfhet/include -I./include/ -I./src/mosfhet/include -I./include/ -DBINARY -DSET_2_3_2048 main.c -o build/main.o
gcc -g -o main build/keyswitch.o build/bootstrap.o build/bootstrap_ga.o build/tlwe.o build/trlwe.o build/trgsw.o build/misc.o build/polynomial.o build/register.o build/pvwtlwe.o build/fips202.o build/karatsuba.o build/pvwtmlwe.o build/mattrgsw.o build/aes_rng.o build/spqlios-fft-avx512.o build/spqlios-ifft-avx512.o build/spqlios-fft-impl-avx512.o build/fft_processor_spqlios.o build/sparse_amortized_bootstrap.o build/sab_profile.o build/sab_pvw.o build/main.o  -lm
/usr/bin/ld: warning: build/spqlios-ifft-avx512.o: missing .note.GNU-stack section implies executable stack
/usr/bin/ld: NOTE: This behaviour is deprecated and will be removed in a future version of the linker
SAB_PVW_BENCH correctness target_full r=4 h=39 r_prec=7: Pass
SAB_PVW_BENCH sample target_full r=4 rep=0 pvw_us=29768621 scalar_repeated_us=39582456 speedup=1.330x
SAB_PVW_BENCH summary target_full r=4 reps=1 pvw_avg_us=29768621.000 pvw_stddev_us=0.000 pvw_lane_avg_us=7442155.250 scalar_repeated_avg_us=39582456.000 scalar_stddev_us=0.000 scalar_lane_avg_us=9895614.000 speedup_vs_scalar_repeated=1.330x speedup_stddev=0.000
SAB_PVW_BENCH correctness target_full r=4 h=39 r_prec=7: Pass
SAB_PVW_BENCH sample target_full r=4 rep=0 pvw_us=29732199 scalar_repeated_us=40165106 speedup=1.351x
SAB_PVW_BENCH summary target_full r=4 reps=1 pvw_avg_us=29732199.000 pvw_stddev_us=0.000 pvw_lane_avg_us=7433049.750 scalar_repeated_avg_us=40165106.000 scalar_stddev_us=0.000 scalar_lane_avg_us=10041276.500 speedup_vs_scalar_repeated=1.351x speedup_stddev=0.000
SAB_PVW_BENCH correctness target_full r=4 h=39 r_prec=7: Pass
SAB_PVW_BENCH sample target_full r=4 rep=0 pvw_us=28994138 scalar_repeated_us=39196993 speedup=1.352x
SAB_PVW_BENCH summary target_full r=4 reps=1 pvw_avg_us=28994138.000 pvw_stddev_us=0.000 pvw_lane_avg_us=7248534.500 scalar_repeated_avg_us=39196993.000 scalar_stddev_us=0.000 scalar_lane_avg_us=9799248.250 speedup_vs_scalar_repeated=1.352x speedup_stddev=0.000
SAB_PVW_BENCH correctness target_full r=4 h=39 r_prec=7: Pass
SAB_PVW_BENCH sample target_full r=4 rep=0 pvw_us=29716416 scalar_repeated_us=39563384 speedup=1.331x
SAB_PVW_BENCH summary target_full r=4 reps=1 pvw_avg_us=29716416.000 pvw_stddev_us=0.000 pvw_lane_avg_us=7429104.000 scalar_repeated_avg_us=39563384.000 scalar_stddev_us=0.000 scalar_lane_avg_us=9890846.000 speedup_vs_scalar_repeated=1.331x speedup_stddev=0.000
SAB_PVW_BENCH correctness target_full r=4 h=39 r_prec=7: Pass
SAB_PVW_BENCH sample target_full r=4 rep=0 pvw_us=29436178 scalar_repeated_us=39928934 speedup=1.356x
SAB_PVW_BENCH summary target_full r=4 reps=1 pvw_avg_us=29436178.000 pvw_stddev_us=0.000 pvw_lane_avg_us=7359044.500 scalar_repeated_avg_us=39928934.000 scalar_stddev_us=0.000 scalar_lane_avg_us=9982233.500 speedup_vs_scalar_repeated=1.356x speedup_stddev=0.000
SAB_PVW_BENCH correctness target_full r=4 h=39 r_prec=7: Pass
SAB_PVW_BENCH sample target_full r=4 rep=0 pvw_us=29078608 scalar_repeated_us=40771274 speedup=1.402x
SAB_PVW_BENCH summary target_full r=4 reps=1 pvw_avg_us=29078608.000 pvw_stddev_us=0.000 pvw_lane_avg_us=7269652.000 scalar_repeated_avg_us=40771274.000 scalar_stddev_us=0.000 scalar_lane_avg_us=10192818.500 speedup_vs_scalar_repeated=1.402x speedup_stddev=0.000
SAB_PVW_BENCH correctness target_full r=4 h=39 r_prec=7: Pass
SAB_PVW_BENCH sample target_full r=4 rep=0 pvw_us=28671802 scalar_repeated_us=39555245 speedup=1.380x
SAB_PVW_BENCH summary target_full r=4 reps=1 pvw_avg_us=28671802.000 pvw_stddev_us=0.000 pvw_lane_avg_us=7167950.500 scalar_repeated_avg_us=39555245.000 scalar_stddev_us=0.000 scalar_lane_avg_us=9888811.250 speedup_vs_scalar_repeated=1.380x speedup_stddev=0.000
SAB_PVW_BENCH correctness target_full r=4 h=39 r_prec=7: Pass
SAB_PVW_BENCH sample target_full r=4 rep=0 pvw_us=30849486 scalar_repeated_us=39922327 speedup=1.294x
SAB_PVW_BENCH summary target_full r=4 reps=1 pvw_avg_us=30849486.000 pvw_stddev_us=0.000 pvw_lane_avg_us=7712371.500 scalar_repeated_avg_us=39922327.000 scalar_stddev_us=0.000 scalar_lane_avg_us=9980581.750 speedup_vs_scalar_repeated=1.294x speedup_stddev=0.000
SAB_PVW_BENCH correctness target_full r=4 h=39 r_prec=7: Pass
SAB_PVW_BENCH sample target_full r=4 rep=0 pvw_us=29258438 scalar_repeated_us=40434400 speedup=1.382x
SAB_PVW_BENCH summary target_full r=4 reps=1 pvw_avg_us=29258438.000 pvw_stddev_us=0.000 pvw_lane_avg_us=7314609.500 scalar_repeated_avg_us=40434400.000 scalar_stddev_us=0.000 scalar_lane_avg_us=10108600.000 speedup_vs_scalar_repeated=1.382x speedup_stddev=0.000
SAB_PVW_BENCH correctness target_full r=4 h=39 r_prec=7: Pass
SAB_PVW_BENCH sample target_full r=4 rep=0 pvw_us=29601401 scalar_repeated_us=41176601 speedup=1.391x
SAB_PVW_BENCH summary target_full r=4 reps=1 pvw_avg_us=29601401.000 pvw_stddev_us=0.000 pvw_lane_avg_us=7400350.250 scalar_repeated_avg_us=41176601.000 scalar_stddev_us=0.000 scalar_lane_avg_us=10294150.250 speedup_vs_scalar_repeated=1.391x speedup_stddev=0.000
Stage 7 benchmark sweep summary: repro/stage206_current_head_highstat/full_sab_ab_r4_runs10/summary.csv
