rm -rf ./build main
mkdir -p ./build
gcc -g -c -O3 -DNDEBUG -Wall -Wno-unused-function -Wno-unused-result -funroll-all-loops -march=native -lm -DMAT_TRGSW_AVX512_SMALLR_SPECIALIZED -DSAB_PVW_BENCH -DSAB_PVW_BENCH_R=2 -DSAB_PVW_BENCH_REPS=1 -DSAB_PVW_ACTIVE_BUFFER_FUSION -DUSE_SPQLIOS -DAVX512_OPT -I./src/mosfhet/include -I./include/ -I./src/mosfhet/include -I./include/ src/mosfhet/src/keyswitch.c -o build/keyswitch.o
gcc -g -c -O3 -DNDEBUG -Wall -Wno-unused-function -Wno-unused-result -funroll-all-loops -march=native -lm -DMAT_TRGSW_AVX512_SMALLR_SPECIALIZED -DSAB_PVW_BENCH -DSAB_PVW_BENCH_R=2 -DSAB_PVW_BENCH_REPS=1 -DSAB_PVW_ACTIVE_BUFFER_FUSION -DUSE_SPQLIOS -DAVX512_OPT -I./src/mosfhet/include -I./include/ -I./src/mosfhet/include -I./include/ src/mosfhet/src/bootstrap.c -o build/bootstrap.o
gcc -g -c -O3 -DNDEBUG -Wall -Wno-unused-function -Wno-unused-result -funroll-all-loops -march=native -lm -DMAT_TRGSW_AVX512_SMALLR_SPECIALIZED -DSAB_PVW_BENCH -DSAB_PVW_BENCH_R=2 -DSAB_PVW_BENCH_REPS=1 -DSAB_PVW_ACTIVE_BUFFER_FUSION -DUSE_SPQLIOS -DAVX512_OPT -I./src/mosfhet/include -I./include/ -I./src/mosfhet/include -I./include/ src/mosfhet/src/bootstrap_ga.c -o build/bootstrap_ga.o
gcc -g -c -O3 -DNDEBUG -Wall -Wno-unused-function -Wno-unused-result -funroll-all-loops -march=native -lm -DMAT_TRGSW_AVX512_SMALLR_SPECIALIZED -DSAB_PVW_BENCH -DSAB_PVW_BENCH_R=2 -DSAB_PVW_BENCH_REPS=1 -DSAB_PVW_ACTIVE_BUFFER_FUSION -DUSE_SPQLIOS -DAVX512_OPT -I./src/mosfhet/include -I./include/ -I./src/mosfhet/include -I./include/ src/mosfhet/src/tlwe.c -o build/tlwe.o
gcc -g -c -O3 -DNDEBUG -Wall -Wno-unused-function -Wno-unused-result -funroll-all-loops -march=native -lm -DMAT_TRGSW_AVX512_SMALLR_SPECIALIZED -DSAB_PVW_BENCH -DSAB_PVW_BENCH_R=2 -DSAB_PVW_BENCH_REPS=1 -DSAB_PVW_ACTIVE_BUFFER_FUSION -DUSE_SPQLIOS -DAVX512_OPT -I./src/mosfhet/include -I./include/ -I./src/mosfhet/include -I./include/ src/mosfhet/src/trlwe.c -o build/trlwe.o
gcc -g -c -O3 -DNDEBUG -Wall -Wno-unused-function -Wno-unused-result -funroll-all-loops -march=native -lm -DMAT_TRGSW_AVX512_SMALLR_SPECIALIZED -DSAB_PVW_BENCH -DSAB_PVW_BENCH_R=2 -DSAB_PVW_BENCH_REPS=1 -DSAB_PVW_ACTIVE_BUFFER_FUSION -DUSE_SPQLIOS -DAVX512_OPT -I./src/mosfhet/include -I./include/ -I./src/mosfhet/include -I./include/ src/mosfhet/src/trgsw.c -o build/trgsw.o
gcc -g -c -O3 -DNDEBUG -Wall -Wno-unused-function -Wno-unused-result -funroll-all-loops -march=native -lm -DMAT_TRGSW_AVX512_SMALLR_SPECIALIZED -DSAB_PVW_BENCH -DSAB_PVW_BENCH_R=2 -DSAB_PVW_BENCH_REPS=1 -DSAB_PVW_ACTIVE_BUFFER_FUSION -DUSE_SPQLIOS -DAVX512_OPT -I./src/mosfhet/include -I./include/ -I./src/mosfhet/include -I./include/ src/mosfhet/src/misc.c -o build/misc.o
gcc -g -c -O3 -DNDEBUG -Wall -Wno-unused-function -Wno-unused-result -funroll-all-loops -march=native -lm -DMAT_TRGSW_AVX512_SMALLR_SPECIALIZED -DSAB_PVW_BENCH -DSAB_PVW_BENCH_R=2 -DSAB_PVW_BENCH_REPS=1 -DSAB_PVW_ACTIVE_BUFFER_FUSION -DUSE_SPQLIOS -DAVX512_OPT -I./src/mosfhet/include -I./include/ -I./src/mosfhet/include -I./include/ src/mosfhet/src/polynomial.c -o build/polynomial.o
gcc -g -c -O3 -DNDEBUG -Wall -Wno-unused-function -Wno-unused-result -funroll-all-loops -march=native -lm -DMAT_TRGSW_AVX512_SMALLR_SPECIALIZED -DSAB_PVW_BENCH -DSAB_PVW_BENCH_R=2 -DSAB_PVW_BENCH_REPS=1 -DSAB_PVW_ACTIVE_BUFFER_FUSION -DUSE_SPQLIOS -DAVX512_OPT -I./src/mosfhet/include -I./include/ -I./src/mosfhet/include -I./include/ src/mosfhet/src/register.c -o build/register.o
gcc -g -c -O3 -DNDEBUG -Wall -Wno-unused-function -Wno-unused-result -funroll-all-loops -march=native -lm -DMAT_TRGSW_AVX512_SMALLR_SPECIALIZED -DSAB_PVW_BENCH -DSAB_PVW_BENCH_R=2 -DSAB_PVW_BENCH_REPS=1 -DSAB_PVW_ACTIVE_BUFFER_FUSION -DUSE_SPQLIOS -DAVX512_OPT -I./src/mosfhet/include -I./include/ -I./src/mosfhet/include -I./include/ src/mosfhet/src/pvwtlwe.c -o build/pvwtlwe.o
gcc -g -c -O3 -DNDEBUG -Wall -Wno-unused-function -Wno-unused-result -funroll-all-loops -march=native -lm -DMAT_TRGSW_AVX512_SMALLR_SPECIALIZED -DSAB_PVW_BENCH -DSAB_PVW_BENCH_R=2 -DSAB_PVW_BENCH_REPS=1 -DSAB_PVW_ACTIVE_BUFFER_FUSION -DUSE_SPQLIOS -DAVX512_OPT -I./src/mosfhet/include -I./include/ -I./src/mosfhet/include -I./include/ src/mosfhet/src/sha3/fips202.c -o build/fips202.o
gcc -g -c -O3 -DNDEBUG -Wall -Wno-unused-function -Wno-unused-result -funroll-all-loops -march=native -lm -DMAT_TRGSW_AVX512_SMALLR_SPECIALIZED -DSAB_PVW_BENCH -DSAB_PVW_BENCH_R=2 -DSAB_PVW_BENCH_REPS=1 -DSAB_PVW_ACTIVE_BUFFER_FUSION -DUSE_SPQLIOS -DAVX512_OPT -I./src/mosfhet/include -I./include/ -I./src/mosfhet/include -I./include/ src/mosfhet/src/fft/karatsuba.c -o build/karatsuba.o
gcc -g -c -O3 -DNDEBUG -Wall -Wno-unused-function -Wno-unused-result -funroll-all-loops -march=native -lm -DMAT_TRGSW_AVX512_SMALLR_SPECIALIZED -DSAB_PVW_BENCH -DSAB_PVW_BENCH_R=2 -DSAB_PVW_BENCH_REPS=1 -DSAB_PVW_ACTIVE_BUFFER_FUSION -DUSE_SPQLIOS -DAVX512_OPT -I./src/mosfhet/include -I./include/ -I./src/mosfhet/include -I./include/ src/mosfhet/src/pvwtmlwe.c -o build/pvwtmlwe.o
gcc -g -c -O3 -DNDEBUG -Wall -Wno-unused-function -Wno-unused-result -funroll-all-loops -march=native -lm -DMAT_TRGSW_AVX512_SMALLR_SPECIALIZED -DSAB_PVW_BENCH -DSAB_PVW_BENCH_R=2 -DSAB_PVW_BENCH_REPS=1 -DSAB_PVW_ACTIVE_BUFFER_FUSION -DUSE_SPQLIOS -DAVX512_OPT -I./src/mosfhet/include -I./include/ -I./src/mosfhet/include -I./include/ src/mosfhet/src/mattrgsw.c -o build/mattrgsw.o
gcc -g -c -O3 -DNDEBUG -Wall -Wno-unused-function -Wno-unused-result -funroll-all-loops -march=native -lm -DMAT_TRGSW_AVX512_SMALLR_SPECIALIZED -DSAB_PVW_BENCH -DSAB_PVW_BENCH_R=2 -DSAB_PVW_BENCH_REPS=1 -DSAB_PVW_ACTIVE_BUFFER_FUSION -DUSE_SPQLIOS -DAVX512_OPT -I./src/mosfhet/include -I./include/ -I./src/mosfhet/include -I./include/ src/mosfhet/src/rnd/aes_rng.c -o build/aes_rng.o
gcc -g -c -O3 -DNDEBUG -Wall -Wno-unused-function -Wno-unused-result -funroll-all-loops -march=native -lm -DMAT_TRGSW_AVX512_SMALLR_SPECIALIZED -DSAB_PVW_BENCH -DSAB_PVW_BENCH_R=2 -DSAB_PVW_BENCH_REPS=1 -DSAB_PVW_ACTIVE_BUFFER_FUSION -DUSE_SPQLIOS -DAVX512_OPT -I./src/mosfhet/include -I./include/ -I./src/mosfhet/include -I./include/ src/mosfhet/src/fft/spqlios/spqlios-fft-avx512.s -o build/spqlios-fft-avx512.o
gcc -g -c -O3 -DNDEBUG -Wall -Wno-unused-function -Wno-unused-result -funroll-all-loops -march=native -lm -DMAT_TRGSW_AVX512_SMALLR_SPECIALIZED -DSAB_PVW_BENCH -DSAB_PVW_BENCH_R=2 -DSAB_PVW_BENCH_REPS=1 -DSAB_PVW_ACTIVE_BUFFER_FUSION -DUSE_SPQLIOS -DAVX512_OPT -I./src/mosfhet/include -I./include/ -I./src/mosfhet/include -I./include/ src/mosfhet/src/fft/spqlios/spqlios-ifft-avx512.s -o build/spqlios-ifft-avx512.o
gcc -g -c -O3 -DNDEBUG -Wall -Wno-unused-function -Wno-unused-result -funroll-all-loops -march=native -lm -DMAT_TRGSW_AVX512_SMALLR_SPECIALIZED -DSAB_PVW_BENCH -DSAB_PVW_BENCH_R=2 -DSAB_PVW_BENCH_REPS=1 -DSAB_PVW_ACTIVE_BUFFER_FUSION -DUSE_SPQLIOS -DAVX512_OPT -I./src/mosfhet/include -I./include/ -I./src/mosfhet/include -I./include/ src/mosfhet/src/fft/spqlios/spqlios-fft-impl-avx512.c -o build/spqlios-fft-impl-avx512.o
gcc -g -c -O3 -DNDEBUG -Wall -Wno-unused-function -Wno-unused-result -funroll-all-loops -march=native -lm -DMAT_TRGSW_AVX512_SMALLR_SPECIALIZED -DSAB_PVW_BENCH -DSAB_PVW_BENCH_R=2 -DSAB_PVW_BENCH_REPS=1 -DSAB_PVW_ACTIVE_BUFFER_FUSION -DUSE_SPQLIOS -DAVX512_OPT -I./src/mosfhet/include -I./include/ -I./src/mosfhet/include -I./include/ src/mosfhet/src/fft/spqlios/fft_processor_spqlios.c -o build/fft_processor_spqlios.o
gcc -g -c -O3 -fwhole-program -flto  -DNDEBUG -Wall -Wno-unused-function -Wno-unused-result -funroll-all-loops -march=native -lm -DMAT_TRGSW_AVX512_SMALLR_SPECIALIZED -DSAB_PVW_BENCH -DSAB_PVW_BENCH_R=2 -DSAB_PVW_BENCH_REPS=1 -DSAB_PVW_ACTIVE_BUFFER_FUSION -DUSE_SPQLIOS -DAVX512_OPT -I./src/mosfhet/include -I./include/ -I./src/mosfhet/include -I./include/ -DBINARY -DSET_2_3_2048 src/sparse_amortized_bootstrap.c -o build/sparse_amortized_bootstrap.o
gcc -g -c -O3 -fwhole-program -flto  -DNDEBUG -Wall -Wno-unused-function -Wno-unused-result -funroll-all-loops -march=native -lm -DMAT_TRGSW_AVX512_SMALLR_SPECIALIZED -DSAB_PVW_BENCH -DSAB_PVW_BENCH_R=2 -DSAB_PVW_BENCH_REPS=1 -DSAB_PVW_ACTIVE_BUFFER_FUSION -DUSE_SPQLIOS -DAVX512_OPT -I./src/mosfhet/include -I./include/ -I./src/mosfhet/include -I./include/ -DBINARY -DSET_2_3_2048 src/sab_profile.c -o build/sab_profile.o
gcc -g -c -O3 -fwhole-program -flto  -DNDEBUG -Wall -Wno-unused-function -Wno-unused-result -funroll-all-loops -march=native -lm -DMAT_TRGSW_AVX512_SMALLR_SPECIALIZED -DSAB_PVW_BENCH -DSAB_PVW_BENCH_R=2 -DSAB_PVW_BENCH_REPS=1 -DSAB_PVW_ACTIVE_BUFFER_FUSION -DUSE_SPQLIOS -DAVX512_OPT -I./src/mosfhet/include -I./include/ -I./src/mosfhet/include -I./include/ -DBINARY -DSET_2_3_2048 src/sab_pvw.c -o build/sab_pvw.o
gcc -g -c -O3 -fwhole-program -flto  -DNDEBUG -Wall -Wno-unused-function -Wno-unused-result -funroll-all-loops -march=native -lm -DMAT_TRGSW_AVX512_SMALLR_SPECIALIZED -DSAB_PVW_BENCH -DSAB_PVW_BENCH_R=2 -DSAB_PVW_BENCH_REPS=1 -DSAB_PVW_ACTIVE_BUFFER_FUSION -DUSE_SPQLIOS -DAVX512_OPT -I./src/mosfhet/include -I./include/ -I./src/mosfhet/include -I./include/ -DBINARY -DSET_2_3_2048 main.c -o build/main.o
gcc -g -o main build/keyswitch.o build/bootstrap.o build/bootstrap_ga.o build/tlwe.o build/trlwe.o build/trgsw.o build/misc.o build/polynomial.o build/register.o build/pvwtlwe.o build/fips202.o build/karatsuba.o build/pvwtmlwe.o build/mattrgsw.o build/aes_rng.o build/spqlios-fft-avx512.o build/spqlios-ifft-avx512.o build/spqlios-fft-impl-avx512.o build/fft_processor_spqlios.o build/sparse_amortized_bootstrap.o build/sab_profile.o build/sab_pvw.o build/main.o  -lm
/usr/bin/ld: warning: build/spqlios-ifft-avx512.o: missing .note.GNU-stack section implies executable stack
/usr/bin/ld: NOTE: This behaviour is deprecated and will be removed in a future version of the linker
SAB_PVW_BENCH correctness target_full r=2 h=39 r_prec=7: Pass
SAB_PVW_BENCH sample target_full r=2 rep=0 pvw_us=15351743 scalar_repeated_us=20094627 speedup=1.309x
SAB_PVW_BENCH summary target_full r=2 reps=1 pvw_avg_us=15351743.000 pvw_stddev_us=0.000 pvw_lane_avg_us=7675871.500 scalar_repeated_avg_us=20094627.000 scalar_stddev_us=0.000 scalar_lane_avg_us=10047313.500 speedup_vs_scalar_repeated=1.309x speedup_stddev=0.000
SAB_PVW_BENCH correctness target_full r=2 h=39 r_prec=7: Pass
SAB_PVW_BENCH sample target_full r=2 rep=0 pvw_us=15450728 scalar_repeated_us=19760198 speedup=1.279x
SAB_PVW_BENCH summary target_full r=2 reps=1 pvw_avg_us=15450728.000 pvw_stddev_us=0.000 pvw_lane_avg_us=7725364.000 scalar_repeated_avg_us=19760198.000 scalar_stddev_us=0.000 scalar_lane_avg_us=9880099.000 speedup_vs_scalar_repeated=1.279x speedup_stddev=0.000
SAB_PVW_BENCH correctness target_full r=2 h=39 r_prec=7: Pass
SAB_PVW_BENCH sample target_full r=2 rep=0 pvw_us=15726544 scalar_repeated_us=20649069 speedup=1.313x
SAB_PVW_BENCH summary target_full r=2 reps=1 pvw_avg_us=15726544.000 pvw_stddev_us=0.000 pvw_lane_avg_us=7863272.000 scalar_repeated_avg_us=20649069.000 scalar_stddev_us=0.000 scalar_lane_avg_us=10324534.500 speedup_vs_scalar_repeated=1.313x speedup_stddev=0.000
SAB_PVW_BENCH correctness target_full r=2 h=39 r_prec=7: Pass
SAB_PVW_BENCH sample target_full r=2 rep=0 pvw_us=15485687 scalar_repeated_us=19670373 speedup=1.270x
SAB_PVW_BENCH summary target_full r=2 reps=1 pvw_avg_us=15485687.000 pvw_stddev_us=0.000 pvw_lane_avg_us=7742843.500 scalar_repeated_avg_us=19670373.000 scalar_stddev_us=0.000 scalar_lane_avg_us=9835186.500 speedup_vs_scalar_repeated=1.270x speedup_stddev=0.000
SAB_PVW_BENCH correctness target_full r=2 h=39 r_prec=7: Pass
SAB_PVW_BENCH sample target_full r=2 rep=0 pvw_us=15305828 scalar_repeated_us=19746922 speedup=1.290x
SAB_PVW_BENCH summary target_full r=2 reps=1 pvw_avg_us=15305828.000 pvw_stddev_us=0.000 pvw_lane_avg_us=7652914.000 scalar_repeated_avg_us=19746922.000 scalar_stddev_us=0.000 scalar_lane_avg_us=9873461.000 speedup_vs_scalar_repeated=1.290x speedup_stddev=0.000
SAB_PVW_BENCH correctness target_full r=2 h=39 r_prec=7: Pass
SAB_PVW_BENCH sample target_full r=2 rep=0 pvw_us=15293123 scalar_repeated_us=19901661 speedup=1.301x
SAB_PVW_BENCH summary target_full r=2 reps=1 pvw_avg_us=15293123.000 pvw_stddev_us=0.000 pvw_lane_avg_us=7646561.500 scalar_repeated_avg_us=19901661.000 scalar_stddev_us=0.000 scalar_lane_avg_us=9950830.500 speedup_vs_scalar_repeated=1.301x speedup_stddev=0.000
SAB_PVW_BENCH correctness target_full r=2 h=39 r_prec=7: Pass
SAB_PVW_BENCH sample target_full r=2 rep=0 pvw_us=15461838 scalar_repeated_us=20901552 speedup=1.352x
SAB_PVW_BENCH summary target_full r=2 reps=1 pvw_avg_us=15461838.000 pvw_stddev_us=0.000 pvw_lane_avg_us=7730919.000 scalar_repeated_avg_us=20901552.000 scalar_stddev_us=0.000 scalar_lane_avg_us=10450776.000 speedup_vs_scalar_repeated=1.352x speedup_stddev=0.000
SAB_PVW_BENCH correctness target_full r=2 h=39 r_prec=7: Pass
SAB_PVW_BENCH sample target_full r=2 rep=0 pvw_us=15923150 scalar_repeated_us=19689726 speedup=1.237x
SAB_PVW_BENCH summary target_full r=2 reps=1 pvw_avg_us=15923150.000 pvw_stddev_us=0.000 pvw_lane_avg_us=7961575.000 scalar_repeated_avg_us=19689726.000 scalar_stddev_us=0.000 scalar_lane_avg_us=9844863.000 speedup_vs_scalar_repeated=1.237x speedup_stddev=0.000
SAB_PVW_BENCH correctness target_full r=2 h=39 r_prec=7: Pass
SAB_PVW_BENCH sample target_full r=2 rep=0 pvw_us=15479753 scalar_repeated_us=20655039 speedup=1.334x
SAB_PVW_BENCH summary target_full r=2 reps=1 pvw_avg_us=15479753.000 pvw_stddev_us=0.000 pvw_lane_avg_us=7739876.500 scalar_repeated_avg_us=20655039.000 scalar_stddev_us=0.000 scalar_lane_avg_us=10327519.500 speedup_vs_scalar_repeated=1.334x speedup_stddev=0.000
SAB_PVW_BENCH correctness target_full r=2 h=39 r_prec=7: Pass
SAB_PVW_BENCH sample target_full r=2 rep=0 pvw_us=15436559 scalar_repeated_us=20291906 speedup=1.315x
SAB_PVW_BENCH summary target_full r=2 reps=1 pvw_avg_us=15436559.000 pvw_stddev_us=0.000 pvw_lane_avg_us=7718279.500 scalar_repeated_avg_us=20291906.000 scalar_stddev_us=0.000 scalar_lane_avg_us=10145953.000 speedup_vs_scalar_repeated=1.315x speedup_stddev=0.000
Stage 7 benchmark sweep summary: repro/stage206_current_head_highstat/full_sab_ab_r2_runs10/summary.csv
