SAB_PVW isolated CMUX/NCMUX lane equivalence r=1: Pass
SAB_PVW isolated CMUX/NCMUX lane equivalence r=2: Pass
SAB_PVW isolated CMUX/NCMUX lane equivalence r=4: Pass
SAB_PVW_KERNEL_TEST begin RGSW_monomial r=1 case=encrypted-selector bit0
SAB_PVW isolated RGSW_monomial lane equivalence encrypted-selector bit0 r=1 r_prec=1: Pass
SAB_PVW_KERNEL_TEST begin RGSW_monomial r=1 case=encrypted-selector bit1
SAB_PVW isolated RGSW_monomial lane equivalence encrypted-selector bit1 r=1 r_prec=1: Pass
SAB_PVW_KERNEL_TEST begin RGSW_monomial r=1 case=trivial-selector multibit
SAB_PVW isolated RGSW_monomial lane equivalence trivial-selector multibit r=1 r_prec=3: Pass
SAB_PVW_KERNEL_TEST begin RGSW_monomial r=1 case=full-encrypted multibit
SAB_PVW isolated RGSW_monomial lane equivalence full-encrypted multibit r=1 r_prec=3: Pass
SAB_PVW_KERNEL_TEST skip small-N sparse/bootstrap r=1 backend=spqlios_avx512 reason=N=16 staged TRLWE key helpers are not supported by this backend; use target full gate
SAB_PVW_KERNEL_TEST begin RGSW_monomial r=2 case=encrypted-selector bit0
SAB_PVW isolated RGSW_monomial lane equivalence encrypted-selector bit0 r=2 r_prec=1: Pass
SAB_PVW_KERNEL_TEST begin RGSW_monomial r=2 case=encrypted-selector bit1
SAB_PVW isolated RGSW_monomial lane equivalence encrypted-selector bit1 r=2 r_prec=1: Pass
SAB_PVW_KERNEL_TEST begin RGSW_monomial r=2 case=trivial-selector multibit
SAB_PVW isolated RGSW_monomial lane equivalence trivial-selector multibit r=2 r_prec=3: Pass
SAB_PVW_KERNEL_TEST begin RGSW_monomial r=2 case=full-encrypted multibit
SAB_PVW isolated RGSW_monomial lane equivalence full-encrypted multibit r=2 r_prec=3: Pass
SAB_PVW_KERNEL_TEST skip small-N sparse/bootstrap r=2 backend=spqlios_avx512 reason=N=16 staged TRLWE key helpers are not supported by this backend; use target full gate
SAB_PVW_KERNEL_TEST begin RGSW_monomial r=4 case=encrypted-selector bit0
SAB_PVW isolated RGSW_monomial lane equivalence encrypted-selector bit0 r=4 r_prec=1: Pass
SAB_PVW_KERNEL_TEST begin RGSW_monomial r=4 case=encrypted-selector bit1
SAB_PVW isolated RGSW_monomial lane equivalence encrypted-selector bit1 r=4 r_prec=1: Pass
SAB_PVW_KERNEL_TEST begin RGSW_monomial r=4 case=trivial-selector multibit
SAB_PVW isolated RGSW_monomial lane equivalence trivial-selector multibit r=4 r_prec=3: Pass
SAB_PVW_KERNEL_TEST begin RGSW_monomial r=4 case=full-encrypted multibit
SAB_PVW isolated RGSW_monomial lane equivalence full-encrypted multibit r=4 r_prec=3: Pass
SAB_PVW_KERNEL_TEST skip small-N sparse/bootstrap r=4 backend=spqlios_avx512 reason=N=16 staged TRLWE key helpers are not supported by this backend; use target full gate
MAT_TRGSW/PVW staged kernel test: Pass
MAT_TRGSW microbench r=1 reps=1000 avg_us=8 lane_avg_us=8
MAT_TRGSW microbench r=2 reps=1000 avg_us=14 lane_avg_us=7
MAT_TRGSW microbench r=4 reps=1000 avg_us=34 lane_avg_us=8
MAT_TRGSW vs scalar r=1 reps=1000 scalar_repeated_avg_us=9.694 scalar_lane_avg_us=9.694 mat_avg_us=9.048 mat_lane_avg_us=9.048 speedup_vs_scalar_repeated=1.071x
MAT_TRGSW vs scalar r=2 reps=1000 scalar_repeated_avg_us=20.113 scalar_lane_avg_us=10.056 mat_avg_us=14.018 mat_lane_avg_us=7.009 speedup_vs_scalar_repeated=1.435x
MAT_TRGSW vs scalar r=4 reps=1000 scalar_repeated_avg_us=34.494 scalar_lane_avg_us=8.623 mat_avg_us=31.426 mat_lane_avg_us=7.856 speedup_vs_scalar_repeated=1.098x
MAT_TRGSW_FULL vs scalar_full r=1 reps=1000 scalar_repeated_avg_us=14.442 scalar_lane_avg_us=14.442 mat_avg_us=13.581 mat_lane_avg_us=13.581 speedup_vs_scalar_repeated=1.063x
MAT_TRGSW_FULL vs scalar_full r=2 reps=1000 scalar_repeated_avg_us=27.861 scalar_lane_avg_us=13.931 mat_avg_us=23.363 mat_lane_avg_us=11.681 speedup_vs_scalar_repeated=1.193x
MAT_TRGSW_FULL vs scalar_full r=4 reps=1000 scalar_repeated_avg_us=59.403 scalar_lane_avg_us=14.851 mat_avg_us=47.587 mat_lane_avg_us=11.897 speedup_vs_scalar_repeated=1.248x
EP_BREAKDOWN scalar_repeated r=1 reps=1000 phase_sum_avg_us=6.833 alloc_avg_us=0.000 alloc_pct=0.00 decompose_avg_us=0.872 decompose_pct=12.76 dft_avg_us=4.124 dft_pct=60.35 clear_avg_us=0.000 clear_pct=0.00 mul_avg_us=1.837 mul_pct=26.88 free_avg_us=0.000 free_pct=0.00
EP_BREAKDOWN mat_shared_mask r=1 reps=1000 phase_sum_avg_us=6.772 alloc_avg_us=0.000 alloc_pct=0.00 decompose_avg_us=0.823 decompose_pct=12.15 dft_avg_us=4.068 dft_pct=60.07 clear_avg_us=0.000 clear_pct=0.00 mul_avg_us=1.881 mul_pct=27.78 free_avg_us=0.000 free_pct=0.00
EP_BREAKDOWN scalar_repeated r=2 reps=1000 phase_sum_avg_us=14.702 alloc_avg_us=0.000 alloc_pct=0.00 decompose_avg_us=2.177 decompose_pct=14.81 dft_avg_us=8.116 dft_pct=55.20 clear_avg_us=0.000 clear_pct=0.00 mul_avg_us=4.409 mul_pct=29.99 free_avg_us=0.000 free_pct=0.00
EP_BREAKDOWN mat_shared_mask r=2 reps=1000 phase_sum_avg_us=12.540 alloc_avg_us=0.000 alloc_pct=0.00 decompose_avg_us=1.728 decompose_pct=13.78 dft_avg_us=6.258 dft_pct=49.90 clear_avg_us=0.000 clear_pct=0.00 mul_avg_us=4.554 mul_pct=36.32 free_avg_us=0.000 free_pct=0.00
EP_BREAKDOWN scalar_repeated r=4 reps=1000 phase_sum_avg_us=29.851 alloc_avg_us=0.000 alloc_pct=0.00 decompose_avg_us=4.480 decompose_pct=15.01 dft_avg_us=16.043 dft_pct=53.74 clear_avg_us=0.000 clear_pct=0.00 mul_avg_us=9.328 mul_pct=31.25 free_avg_us=0.000 free_pct=0.00
EP_BREAKDOWN mat_shared_mask r=4 reps=1000 phase_sum_avg_us=24.838 alloc_avg_us=0.000 alloc_pct=0.00 decompose_avg_us=2.837 decompose_pct=11.42 dft_avg_us=10.038 dft_pct=40.41 clear_avg_us=0.000 clear_pct=0.00 mul_avg_us=11.963 mul_pct=48.16 free_avg_us=0.000 free_pct=0.00
