	Command being timed: "env SAB_PVW_RESOURCE_MODE=pvw stdbuf -o0 ./main"
	User time (seconds): 1.01
	System time (seconds): 0.14
	Percent of CPU this job got: 97%
	Elapsed (wall clock) time (h:mm:ss or m:ss): 0:01.18
	Average shared text size (kbytes): 0
	Average unshared data size (kbytes): 0
	Average stack size (kbytes): 0
	Average total size (kbytes): 0
	Maximum resident set size (kbytes): 383240
	Average resident set size (kbytes): 0
	Major (requiring I/O) page faults: 6
	Minor (reclaiming a frame) page faults: 95405
	Voluntary context switches: 152
	Involuntary context switches: 2
	Swaps: 0
	File system inputs: 1048
	File system outputs: 0
	Socket messages sent: 0
	Socket messages received: 0
	Signals delivered: 0
	Page size (bytes): 4096
	Exit status: 0
