SAB_PVW isolated CMUX/NCMUX lane equivalence r=1: Pass
SAB_PVW isolated CMUX/NCMUX lane equivalence r=2: Pass
SAB_PVW isolated CMUX/NCMUX lane equivalence r=4: Pass
SAB_PVW_KERNEL_TEST begin RGSW_monomial r=1 case=encrypted-selector bit0
SAB_PVW isolated RGSW_monomial lane equivalence encrypted-selector bit0 r=1 r_prec=1: Pass
SAB_PVW_KERNEL_TEST begin RGSW_monomial r=1 case=encrypted-selector bit1
SAB_PVW isolated RGSW_monomial lane equivalence encrypted-selector bit1 r=1 r_prec=1: Pass
SAB_PVW_KERNEL_TEST begin RGSW_monomial r=1 case=trivial-selector multibit
SAB_PVW isolated RGSW_monomial lane equivalence trivial-selector multibit r=1 r_prec=3: Pass
SAB_PVW_KERNEL_TEST begin RGSW_monomial r=1 case=full-encrypted multibit
SAB_PVW isolated RGSW_monomial lane equivalence full-encrypted multibit r=1 r_prec=3: Pass
SAB_PVW_KERNEL_TEST skip small-N sparse/bootstrap r=1 backend=spqlios_avx512 reason=N=16 staged TRLWE key helpers are not supported by this backend; use target full gate
SAB_PVW_KERNEL_TEST begin RGSW_monomial r=2 case=encrypted-selector bit0
SAB_PVW isolated RGSW_monomial lane equivalence encrypted-selector bit0 r=2 r_prec=1: Pass
SAB_PVW_KERNEL_TEST begin RGSW_monomial r=2 case=encrypted-selector bit1
SAB_PVW isolated RGSW_monomial lane equivalence encrypted-selector bit1 r=2 r_prec=1: Pass
SAB_PVW_KERNEL_TEST begin RGSW_monomial r=2 case=trivial-selector multibit
SAB_PVW isolated RGSW_monomial lane equivalence trivial-selector multibit r=2 r_prec=3: Pass
SAB_PVW_KERNEL_TEST begin RGSW_monomial r=2 case=full-encrypted multibit
SAB_PVW isolated RGSW_monomial lane equivalence full-encrypted multibit r=2 r_prec=3: Pass
SAB_PVW_KERNEL_TEST skip small-N sparse/bootstrap r=2 backend=spqlios_avx512 reason=N=16 staged TRLWE key helpers are not supported by this backend; use target full gate
SAB_PVW_KERNEL_TEST begin RGSW_monomial r=4 case=encrypted-selector bit0
SAB_PVW isolated RGSW_monomial lane equivalence encrypted-selector bit0 r=4 r_prec=1: Pass
SAB_PVW_KERNEL_TEST begin RGSW_monomial r=4 case=encrypted-selector bit1
SAB_PVW isolated RGSW_monomial lane equivalence encrypted-selector bit1 r=4 r_prec=1: Pass
SAB_PVW_KERNEL_TEST begin RGSW_monomial r=4 case=trivial-selector multibit
SAB_PVW isolated RGSW_monomial lane equivalence trivial-selector multibit r=4 r_prec=3: Pass
SAB_PVW_KERNEL_TEST begin RGSW_monomial r=4 case=full-encrypted multibit
SAB_PVW isolated RGSW_monomial lane equivalence full-encrypted multibit r=4 r_prec=3: Pass
SAB_PVW_KERNEL_TEST skip small-N sparse/bootstrap r=4 backend=spqlios_avx512 reason=N=16 staged TRLWE key helpers are not supported by this backend; use target full gate
MAT_TRGSW/PVW staged kernel test: Pass
MAT_TRGSW microbench r=1 reps=1000 avg_us=5 lane_avg_us=5
MAT_TRGSW microbench r=2 reps=1000 avg_us=9 lane_avg_us=4
MAT_TRGSW microbench r=4 reps=1000 avg_us=21 lane_avg_us=5
MAT_TRGSW vs scalar r=1 reps=1000 scalar_repeated_avg_us=5.752 scalar_lane_avg_us=5.752 mat_avg_us=5.632 mat_lane_avg_us=5.632 speedup_vs_scalar_repeated=1.021x
MAT_TRGSW vs scalar r=2 reps=1000 scalar_repeated_avg_us=11.340 scalar_lane_avg_us=5.670 mat_avg_us=8.944 mat_lane_avg_us=4.472 speedup_vs_scalar_repeated=1.268x
MAT_TRGSW vs scalar r=4 reps=1000 scalar_repeated_avg_us=22.981 scalar_lane_avg_us=5.745 mat_avg_us=21.205 mat_lane_avg_us=5.301 speedup_vs_scalar_repeated=1.084x
MAT_TRGSW_FULL vs scalar_full r=1 reps=1000 scalar_repeated_avg_us=8.982 scalar_lane_avg_us=8.982 mat_avg_us=9.599 mat_lane_avg_us=9.599 speedup_vs_scalar_repeated=0.936x
MAT_TRGSW_FULL vs scalar_full r=2 reps=1000 scalar_repeated_avg_us=19.265 scalar_lane_avg_us=9.633 mat_avg_us=15.028 mat_lane_avg_us=7.514 speedup_vs_scalar_repeated=1.282x
MAT_TRGSW_FULL vs scalar_full r=4 reps=1000 scalar_repeated_avg_us=40.929 scalar_lane_avg_us=10.232 mat_avg_us=35.626 mat_lane_avg_us=8.906 speedup_vs_scalar_repeated=1.149x
EP_BREAKDOWN scalar_repeated r=1 reps=1000 phase_sum_avg_us=5.764 alloc_avg_us=0.000 alloc_pct=0.00 decompose_avg_us=0.715 decompose_pct=12.40 dft_avg_us=3.471 dft_pct=60.22 clear_avg_us=0.000 clear_pct=0.00 mul_avg_us=1.578 mul_pct=27.38 free_avg_us=0.000 free_pct=0.00
EP_BREAKDOWN mat_shared_mask r=1 reps=1000 phase_sum_avg_us=5.801 alloc_avg_us=0.000 alloc_pct=0.00 decompose_avg_us=0.632 decompose_pct=10.89 dft_avg_us=3.476 dft_pct=59.92 clear_avg_us=0.000 clear_pct=0.00 mul_avg_us=1.693 mul_pct=29.18 free_avg_us=0.000 free_pct=0.00
EP_BREAKDOWN scalar_repeated r=2 reps=1000 phase_sum_avg_us=12.820 alloc_avg_us=0.000 alloc_pct=0.00 decompose_avg_us=1.955 decompose_pct=15.25 dft_avg_us=7.323 dft_pct=57.12 clear_avg_us=0.000 clear_pct=0.00 mul_avg_us=3.542 mul_pct=27.63 free_avg_us=0.000 free_pct=0.00
EP_BREAKDOWN mat_shared_mask r=2 reps=1000 phase_sum_avg_us=10.667 alloc_avg_us=0.000 alloc_pct=0.00 decompose_avg_us=1.409 decompose_pct=13.21 dft_avg_us=5.599 dft_pct=52.49 clear_avg_us=0.000 clear_pct=0.00 mul_avg_us=3.659 mul_pct=34.30 free_avg_us=0.000 free_pct=0.00
EP_BREAKDOWN scalar_repeated r=4 reps=1000 phase_sum_avg_us=28.088 alloc_avg_us=0.000 alloc_pct=0.00 decompose_avg_us=4.107 decompose_pct=14.62 dft_avg_us=15.235 dft_pct=54.24 clear_avg_us=0.000 clear_pct=0.00 mul_avg_us=8.746 mul_pct=31.14 free_avg_us=0.000 free_pct=0.00
EP_BREAKDOWN mat_shared_mask r=4 reps=1000 phase_sum_avg_us=23.009 alloc_avg_us=0.000 alloc_pct=0.00 decompose_avg_us=2.687 decompose_pct=11.68 dft_avg_us=9.313 dft_pct=40.48 clear_avg_us=0.000 clear_pct=0.00 mul_avg_us=11.009 mul_pct=47.85 free_avg_us=0.000 free_pct=0.00
