	Command being timed: "env SAB_PVW_RESOURCE_MODE=scalar stdbuf -o0 ./main"
	User time (seconds): 0.46
	System time (seconds): 0.07
	Percent of CPU this job got: 96%
	Elapsed (wall clock) time (h:mm:ss or m:ss): 0:00.55
	Average shared text size (kbytes): 0
	Average unshared data size (kbytes): 0
	Average stack size (kbytes): 0
	Average total size (kbytes): 0
	Maximum resident set size (kbytes): 195204
	Average resident set size (kbytes): 0
	Major (requiring I/O) page faults: 5
	Minor (reclaiming a frame) page faults: 48399
	Voluntary context switches: 130
	Involuntary context switches: 1
	Swaps: 0
	File system inputs: 864
	File system outputs: 0
	Socket messages sent: 0
	Socket messages received: 0
	Signals delivered: 0
	Page size (bytes): 4096
	Exit status: 0
