                 U free
                 U free_DFT_polynomial
                 U free_array_of_polynomials
0000000000001300 T free_mat_trgsw
0000000000001480 T free_mat_trgsw_DFT
00000000000036a0 T free_mat_trgsw_compact_DFT
0000000000003b60 T free_mat_trgsw_compact_mul_scratch
0000000000003920 T free_mat_trgsw_compact_output_DFT
0000000000000f50 T free_mat_trgsw_key
0000000000002570 T free_mat_trgsw_mul_scratch
                 U free_polynomial
                 U free_pvmtmlwe
                 U free_pvmtmlwe_DFT
0000000000002530 T mat_trgsw_alloc_mul_scratch
0000000000001130 T mat_trgsw_alloc_new_DFT_sample
0000000000000f60 T mat_trgsw_alloc_new_sample
0000000000003b00 T mat_trgsw_compact_alloc_mul_scratch
0000000000003600 T mat_trgsw_compact_alloc_new_DFT_sample
00000000000038c0 T mat_trgsw_compact_alloc_new_output_DFT
0000000000003ba0 T mat_trgsw_compact_mul_pvmtmlwe_DFT
0000000000003a00 T mat_trgsw_compact_set_row_from_torus
0000000000001f70 T mat_trgsw_monomial_DFT_sample
0000000000001600 T mat_trgsw_monomial_sample
0000000000002690 T mat_trgsw_mul_pvmtmlwe_DFT
0000000000000000 t mat_trgsw_mul_pvmtmlwe_DFT_from_dec
00000000000027c0 T mat_trgsw_mul_pvmtmlwe_sub_DFT
0000000000000f10 T mat_trgsw_new_key
0000000000001cf0 T mat_trgsw_to_DFT
                 U memset
                 U polynomial_decompose_i
                 U polynomial_mul_DFT
                 U polynomial_mul_addto_DFT
                 U polynomial_new_DFT_polynomial
                 U polynomial_new_array_of_polynomials_DFT
                 U polynomial_new_array_of_torus_polynomials
                 U polynomial_new_torus_polynomial
                 U polynomial_torus_to_DFT
                 U pvmtmlwe_alloc_new_DFT_sample
                 U pvmtmlwe_alloc_new_sample
                 U pvmtmlwe_decompose
                 U pvmtmlwe_sample
                 U pvmtmlwe_to_DFT
                 U safe_malloc
